n_cjson.c:82:30:JGetErrorPtr	4	static
n_cjson.c:87:24:JGetStringValue	16	static
n_cjson.c:100:29:JVersion	4	static
n_cjson.c:106:12:case_insensitive_strcmp	32	static
n_cjson.c:129:23:Jstrdup	24	static
n_cjson.c:150:24:JMalloc	16	static
n_cjson.c:153:22:JFree	16	static
n_cjson.c:158:11:JNew_Item	16	static
n_cjson.c:170:22:JDelete	24	static
n_cjson.c:194:22:get_decimal_point	4	static
n_cjson.c:221:14:parse_number	112	static
n_cjson.c:303:25:JSetNumberHelper	32	static
n_cjson.c:332:23:ensure	24	static
n_cjson.c:404:13:update_offset	32	static
n_cjson.c:417:14:print_number	88	static
n_cjson.c:491:17:parse_hex4	24	static
n_cjson.c:528:22:utf16_literal_to_utf8	48	static
n_cjson.c:649:14:parse_string	48	static
n_cjson.c:778:6:htoa16	24	static
n_cjson.c:794:14:print_string_ptr	40	static
n_cjson.c:919:14:print_string	16	static
n_cjson.c:933:22:buffer_skip_whitespace	16	static
n_cjson.c:954:22:skip_utf8_bom	16	static
n_cjson.c:970:21:JParseWithOpts	56	static
n_cjson.c:1049:21:JParse	16	static
n_cjson.c:1056:23:print	48	static
n_cjson.c:1109:24:JPrint	16	static
n_cjson.c:1114:24:JPrintUnformatted	16	static
n_cjson.c:1119:24:JPrintBuffered	48	static
n_cjson.c:1148:23:JPrintPreallocated	48	static
n_cjson.c:1167:14:parse_value	16	static
n_cjson.c:1222:14:print_value	24	static
n_cjson.c:1296:14:parse_array	32	static
n_cjson.c:1390:14:print_array	32	static
n_cjson.c:1452:14:parse_object	32	static
n_cjson.c:1561:14:print_object	40	static
n_cjson.c:1675:21:JGetArraySize	24	static
n_cjson.c:1698:11:get_array_item	24	static
n_cjson.c:1717:21:JGetArrayItem	16	static
n_cjson.c:1727:11:get_object_item	32	static
n_cjson.c:1755:21:JGetObjectItem	16	static
n_cjson.c:1760:21:JGetObjectItemCaseSensitive	16	static
n_cjson.c:1765:23:JHasObjectItem	16	static
n_cjson.c:1771:13:suffix_object	16	static
n_cjson.c:1778:11:create_reference	24	static
n_cjson.c:1799:14:add_item_to_array	24	static
n_cjson.c:1829:22:JAddItemToArray	16	static
n_cjson.c:1841:14:cast_away_const	16	static
n_cjson.c:1850:14:add_item_to_object	32	static
n_cjson.c:1887:22:JAddItemToObject	24	static
n_cjson.c:1893:22:JAddItemToObjectCS	24	static
n_cjson.c:1898:22:JAddItemReferenceToArray	16	static
n_cjson.c:1908:22:JAddItemReferenceToObject	24	static
n_cjson.c:1918:20:JAddNullToObject	24	static
n_cjson.c:1930:20:JAddTrueToObject	24	static
n_cjson.c:1942:20:JAddFalseToObject	24	static
n_cjson.c:1954:20:JAddBoolToObject	32	static
n_cjson.c:1966:20:JAddNumberToObject	32	static
n_cjson.c:1978:20:JAddStringToObject	32	static
n_cjson.c:1990:20:JAddRawToObject	32	static
n_cjson.c:2002:20:JAddObjectToObject	24	static
n_cjson.c:2014:20:JAddArrayToObject	24	static
n_cjson.c:2026:21:JDetachItemViaPointer	16	static
n_cjson.c:2056:21:JDetachItemFromArray	16	static
n_cjson.c:2066:22:JDeleteItemFromArray	16	static
n_cjson.c:2071:21:JDetachItemFromObject	24	static
n_cjson.c:2078:21:JDetachItemFromObjectCaseSensitive	24	static
n_cjson.c:2085:22:JDeleteItemFromObject	16	static
n_cjson.c:2090:22:JDeleteItemFromObjectCaseSensitive	16	static
n_cjson.c:2096:22:JInsertItemInArray	32	static
n_cjson.c:2125:23:JReplaceItemViaPointer	24	static
n_cjson.c:2160:22:JReplaceItemInArray	24	static
n_cjson.c:2170:14:replace_item_in_object	24	static
n_cjson.c:2190:22:JReplaceItemInObject	24	static
n_cjson.c:2195:22:JReplaceItemInObjectCaseSensitive	24	static
n_cjson.c:2201:21:JCreateNull	16	static
n_cjson.c:2212:21:JCreateTrue	16	static
n_cjson.c:2223:21:JCreateFalse	16	static
n_cjson.c:2234:21:JCreateBool	24	static
n_cjson.c:2245:21:JCreateNumber	32	static
n_cjson.c:2271:21:JCreateString	24	static
n_cjson.c:2288:21:JCreateStringReference	24	static
n_cjson.c:2300:21:JCreateObjectReference	24	static
n_cjson.c:2311:21:JCreateArrayReference	24	static
n_cjson.c:2321:21:JCreateRaw	24	static
n_cjson.c:2338:21:JCreateArray	16	static
n_cjson.c:2349:21:JCreateObject	16	static
n_cjson.c:2361:21:JCreateIntArray	40	static
n_cjson.c:2396:21:JCreateNumberArray	32	static
n_cjson.c:2432:21:JCreateStringArray	32	static
n_cjson.c:2469:21:JDuplicate	40	static
n_cjson.c:2548:22:JMinify	24	static
n_cjson.c:2618:23:JIsInvalid	16	static
n_cjson.c:2628:23:JIsFalse	16	static
n_cjson.c:2638:23:JIsTrue	16	static
n_cjson.c:2649:23:JIsBool	16	static
n_cjson.c:2658:23:JIsNull	16	static
n_cjson.c:2668:23:JIsNumber	16	static
n_cjson.c:2678:23:JIsString	16	static
n_cjson.c:2688:23:JIsArray	16	static
n_cjson.c:2698:23:JIsObject	16	static
n_cjson.c:2708:23:JIsRaw	16	static
n_cjson.c:2718:23:JCompare	48	static
