n_helpers.c:48:6:NoteTimeValid	8	static
n_helpers.c:54:6:NoteTimeValidST	8	static
n_helpers.c:60:7:NoteTime	8	static
n_helpers.c:66:13:setTime	16	static
n_helpers.c:73:6:NotePrintln	16	static
n_helpers.c:79:6:NotePrint	32	static
n_helpers.c:98:6:NotePrintf	272	static
n_helpers.c:109:7:NoteTimeST	96	static
n_helpers.c:161:6:NoteRegion	24	static
n_helpers.c:185:6:NoteLocationValid	16	static
n_helpers.c:193:6:NoteLocationValidST	24	static
n_helpers.c:238:5:NoteGetEnvInt	80	static
n_helpers.c:245:6:NoteGetEnv	40	static
n_helpers.c:266:6:NoteGetEnvAll	32	static
n_helpers.c:283:6:NoteIsConnected	8	static
n_helpers.c:289:6:NoteIsConnectedST	16	static
n_helpers.c:302:6:NoteGetNetStatus	24	static
n_helpers.c:317:6:NoteGetVersion	24	static
n_helpers.c:332:6:NoteGetLocation	48	static
n_helpers.c:362:6:NoteSetLocation	32	static
n_helpers.c:375:6:NoteClearLocation	16	static
n_helpers.c:386:6:NoteGetLocationMode	24	static
n_helpers.c:400:6:NoteSetLocationMode	32	static
n_helpers.c:414:6:NoteGetServiceConfig	40	static
n_helpers.c:420:6:NoteGetServiceConfigST	32	static
n_helpers.c:453:6:NoteGetStatus	32	static
n_helpers.c:482:6:NoteGetStatusST	32	static
n_helpers.c:524:6:NoteSleep	48	static
n_helpers.c:556:6:NoteWake	40	static
n_helpers.c:615:6:NoteFactoryReset	24	static
n_helpers.c:643:6:NoteSetProductID	24	static
n_helpers.c:659:6:NoteSetSerialNumber	24	static
n_helpers.c:675:6:NoteSetUploadMode	40	static
n_helpers.c:693:6:NoteTemplate	24	static
n_helpers.c:705:6:NoteSend	32	static
n_helpers.c:729:6:NoteSendToRoute	64	static
n_helpers.c:774:6:NoteGetVoltage	32	static
n_helpers.c:789:6:NoteGetTemperature	32	static
n_helpers.c:804:6:NoteGetContact	32	static
n_helpers.c:836:6:NoteSetContact	32	static
n_helpers.c:854:13:timerExpiredSecs	32	static
n_helpers.c:874:6:NoteDebugSyncStatus	32	static
n_helpers.c:931:10:NoteMemAvailable	40	static
