n_hooks.c:48:6:NoteSetFnDefault	24	static
n_hooks.c:59:6:NoteSetFn	24	static
n_hooks.c:65:6:NoteSetFnDebugOutput	16	static
n_hooks.c:68:6:NoteIsDebugOutputActive	4	static
n_hooks.c:71:6:NoteSetFnMutex	24	static
n_hooks.c:77:6:NoteSetFnSerial	24	static
n_hooks.c:89:6:NoteSetFnI2C	24	static
n_hooks.c:104:6:NoteDebugln	16	static
n_hooks.c:109:6:NoteDebug	16	static
n_hooks.c:115:6:NoteDebugf	272	static
n_hooks.c:127:19:NoteGetMs	8	static
n_hooks.c:132:6:NoteDelayMs	16	static
n_hooks.c:145:7:NoteMalloc	16	static
n_hooks.c:154:6:NoteFree	16	static
n_hooks.c:158:6:NoteLockI2C	8	static
n_hooks.c:162:6:NoteUnlockI2C	8	static
n_hooks.c:166:6:NoteLockNote	8	static
n_hooks.c:170:6:NoteUnlockNote	8	static
n_hooks.c:174:6:NoteSerialReset	8	static
n_hooks.c:178:6:NoteSerialTransmit	24	static
n_hooks.c:182:6:NoteSerialAvailable	8	static
n_hooks.c:187:6:NoteSerialReceive	8	static
n_hooks.c:192:6:NoteI2CReset	8	static
n_hooks.c:196:13:NoteI2CTransmit	16	static
n_hooks.c:201:13:NoteI2CReceive	32	static
n_hooks.c:206:10:NoteI2CAddress	4	static
n_hooks.c:211:6:NoteSetI2CAddress	16	static
n_hooks.c:214:10:NoteI2CMax	4	static
n_hooks.c:225:6:NoteHardReset	8	static
n_hooks.c:230:13:NoteJSONTransaction	16	static
