main.c:108:5:main	128	static
main.c:240:6:SystemClock_Config	184	static
main.c:306:13:MX_I2C1_Init	8	static
main.c:352:13:MX_USART1_UART_Init	8	static
main.c:400:13:MX_USART2_UART_Init	8	static
main.c:435:13:MX_GPIO_Init	40	static
main.c:458:6:delay	16	static
main.c:462:19:millis	8	static
main.c:466:6:MY_UART_IRQHandler	16	static
main.c:489:6:MX_USART1_UART_DeInit	8	static
main.c:497:6:noteSerialReset	8	static
main.c:502:6:noteSerialTransmit	24	static
main.c:506:6:noteSerialAvailable	4	static
main.c:510:6:noteSerialReceive	16	static
main.c:522:6:user_delay_ms	16	static
main.c:527:8:user_i2c_read	24	static
main.c:538:8:user_i2c_write	32	static
main.c:559:6:Error_Handler	4	static
