Archive member included to satisfy reference by file (symbol)

/Applications/STM32CubeIDE.app/Contents/Eclipse/plugins/com.st.stm32cube.ide.mcu.externaltools.gnu-tools-for-stm32.7-2018-q2-update.macos64_1.4.0.202007081208/tools/bin/../lib/gcc/arm-none-eabi/7.3.1/../../../../arm-none-eabi/lib/thumb/v7e-m/fpv4-sp/hard/libc_nano.a(lib_a-atoi.o)
                              note-c/n_helpers.o (atoi)
/Applications/STM32CubeIDE.app/Contents/Eclipse/plugins/com.st.stm32cube.ide.mcu.externaltools.gnu-tools-for-stm32.7-2018-q2-update.macos64_1.4.0.202007081208/tools/bin/../lib/gcc/arm-none-eabi/7.3.1/../../../../arm-none-eabi/lib/thumb/v7e-m/fpv4-sp/hard/libc_nano.a(lib_a-errno.o)
                              Core/Src/syscalls.o (__errno)
/Applications/STM32CubeIDE.app/Contents/Eclipse/plugins/com.st.stm32cube.ide.mcu.externaltools.gnu-tools-for-stm32.7-2018-q2-update.macos64_1.4.0.202007081208/tools/bin/../lib/gcc/arm-none-eabi/7.3.1/../../../../arm-none-eabi/lib/thumb/v7e-m/fpv4-sp/hard/libc_nano.a(lib_a-exit.o)
                              /Applications/STM32CubeIDE.app/Contents/Eclipse/plugins/com.st.stm32cube.ide.mcu.externaltools.gnu-tools-for-stm32.7-2018-q2-update.macos64_1.4.0.202007081208/tools/bin/../lib/gcc/arm-none-eabi/7.3.1/../../../../arm-none-eabi/lib/thumb/v7e-m/fpv4-sp/hard/crt0.o (exit)
/Applications/STM32CubeIDE.app/Contents/Eclipse/plugins/com.st.stm32cube.ide.mcu.externaltools.gnu-tools-for-stm32.7-2018-q2-update.macos64_1.4.0.202007081208/tools/bin/../lib/gcc/arm-none-eabi/7.3.1/../../../../arm-none-eabi/lib/thumb/v7e-m/fpv4-sp/hard/libc_nano.a(lib_a-impure.o)
                              /Applications/STM32CubeIDE.app/Contents/Eclipse/plugins/com.st.stm32cube.ide.mcu.externaltools.gnu-tools-for-stm32.7-2018-q2-update.macos64_1.4.0.202007081208/tools/bin/../lib/gcc/arm-none-eabi/7.3.1/../../../../arm-none-eabi/lib/thumb/v7e-m/fpv4-sp/hard/libc_nano.a(lib_a-exit.o) (_global_impure_ptr)
/Applications/STM32CubeIDE.app/Contents/Eclipse/plugins/com.st.stm32cube.ide.mcu.externaltools.gnu-tools-for-stm32.7-2018-q2-update.macos64_1.4.0.202007081208/tools/bin/../lib/gcc/arm-none-eabi/7.3.1/../../../../arm-none-eabi/lib/thumb/v7e-m/fpv4-sp/hard/libc_nano.a(lib_a-init.o)
                              /Applications/STM32CubeIDE.app/Contents/Eclipse/plugins/com.st.stm32cube.ide.mcu.externaltools.gnu-tools-for-stm32.7-2018-q2-update.macos64_1.4.0.202007081208/tools/bin/../lib/gcc/arm-none-eabi/7.3.1/../../../../arm-none-eabi/lib/thumb/v7e-m/fpv4-sp/hard/crt0.o (__libc_init_array)
/Applications/STM32CubeIDE.app/Contents/Eclipse/plugins/com.st.stm32cube.ide.mcu.externaltools.gnu-tools-for-stm32.7-2018-q2-update.macos64_1.4.0.202007081208/tools/bin/../lib/gcc/arm-none-eabi/7.3.1/../../../../arm-none-eabi/lib/thumb/v7e-m/fpv4-sp/hard/libc_nano.a(lib_a-locale.o)
                              note-c/n_cjson.o (__locale_ctype_ptr)
/Applications/STM32CubeIDE.app/Contents/Eclipse/plugins/com.st.stm32cube.ide.mcu.externaltools.gnu-tools-for-stm32.7-2018-q2-update.macos64_1.4.0.202007081208/tools/bin/../lib/gcc/arm-none-eabi/7.3.1/../../../../arm-none-eabi/lib/thumb/v7e-m/fpv4-sp/hard/libc_nano.a(lib_a-malloc.o)
                              Core/Src/main.o (malloc)
/Applications/STM32CubeIDE.app/Contents/Eclipse/plugins/com.st.stm32cube.ide.mcu.externaltools.gnu-tools-for-stm32.7-2018-q2-update.macos64_1.4.0.202007081208/tools/bin/../lib/gcc/arm-none-eabi/7.3.1/../../../../arm-none-eabi/lib/thumb/v7e-m/fpv4-sp/hard/libc_nano.a(lib_a-mbtowc_r.o)
                              /Applications/STM32CubeIDE.app/Contents/Eclipse/plugins/com.st.stm32cube.ide.mcu.externaltools.gnu-tools-for-stm32.7-2018-q2-update.macos64_1.4.0.202007081208/tools/bin/../lib/gcc/arm-none-eabi/7.3.1/../../../../arm-none-eabi/lib/thumb/v7e-m/fpv4-sp/hard/libc_nano.a(lib_a-locale.o) (__ascii_mbtowc)
/Applications/STM32CubeIDE.app/Contents/Eclipse/plugins/com.st.stm32cube.ide.mcu.externaltools.gnu-tools-for-stm32.7-2018-q2-update.macos64_1.4.0.202007081208/tools/bin/../lib/gcc/arm-none-eabi/7.3.1/../../../../arm-none-eabi/lib/thumb/v7e-m/fpv4-sp/hard/libc_nano.a(lib_a-memcmp.o)
                              note-c/n_helpers.o (memcmp)
/Applications/STM32CubeIDE.app/Contents/Eclipse/plugins/com.st.stm32cube.ide.mcu.externaltools.gnu-tools-for-stm32.7-2018-q2-update.macos64_1.4.0.202007081208/tools/bin/../lib/gcc/arm-none-eabi/7.3.1/../../../../arm-none-eabi/lib/thumb/v7e-m/fpv4-sp/hard/libc_nano.a(lib_a-memcpy-stub.o)
                              Core/Src/main.o (memcpy)
/Applications/STM32CubeIDE.app/Contents/Eclipse/plugins/com.st.stm32cube.ide.mcu.externaltools.gnu-tools-for-stm32.7-2018-q2-update.macos64_1.4.0.202007081208/tools/bin/../lib/gcc/arm-none-eabi/7.3.1/../../../../arm-none-eabi/lib/thumb/v7e-m/fpv4-sp/hard/libc_nano.a(lib_a-memmove.o)
                              note-c/n_request.o (memmove)
[...]
Memory Configuration

Name             Origin             Length             Attributes
RAM              0x0000000020000000 0x0000000000010000 xrw
FLASH            0x0000000008000000 0x0000000000040000 xr
*default*        0x0000000000000000 0xffffffffffffffff

Linker script and memory map

LOAD /Applications/STM32CubeIDE.app/Contents/Eclipse/plugins/com.st.stm32cube.ide.mcu.externaltools.gnu-tools-for-stm32.7-2018-q2-update.macos64_1.4.0.202007081208/tools/bin/../lib/gcc/arm-none-eabi/7.3.1/thumb/v7e-m/fpv4-sp/hard/crti.o
LOAD /Applications/STM32CubeIDE.app/Contents/Eclipse/plugins/com.st.stm32cube.ide.mcu.externaltools.gnu-tools-for-stm32.7-2018-q2-update.macos64_1.4.0.202007081208/tools/bin/../lib/gcc/arm-none-eabi/7.3.1/thumb/v7e-m/fpv4-sp/hard/crtbegin.o
LOAD /Applications/STM32CubeIDE.app/Contents/Eclipse/plugins/com.st.stm32cube.ide.mcu.externaltools.gnu-tools-for-stm32.7-2018-q2-update.macos64_1.4.0.202007081208/tools/bin/../lib/gcc/arm-none-eabi/7.3.1/../../../../arm-none-eabi/lib/thumb/v7e-m/fpv4-sp/hard/crt0.o
LOAD BME680_driver/Self test/bme680_selftest.o
LOAD BME680_driver/bme680.o
LOAD Core/Src/main.o
LOAD Core/Src/stm32l4xx_hal_msp.o
LOAD Core/Src/stm32l4xx_it.o
LOAD Core/Src/syscalls.o
LOAD Core/Src/sysmem.o
LOAD Core/Src/system_stm32l4xx.o
LOAD Core/Startup/startup_stm32l432kcux.o
LOAD Drivers/STM32L4xx_HAL_Driver/Src/stm32l4xx_hal.o
LOAD Drivers/STM32L4xx_HAL_Driver/Src/stm32l4xx_hal_cortex.o
LOAD Drivers/STM32L4xx_HAL_Driver/Src/stm32l4xx_hal_dma.o
LOAD Drivers/STM32L4xx_HAL_Driver/Src/stm32l4xx_hal_dma_ex.o
LOAD Drivers/STM32L4xx_HAL_Driver/Src/stm32l4xx_hal_exti.o
LOAD Drivers/STM32L4xx_HAL_Driver/Src/stm32l4xx_hal_flash.o
LOAD Drivers/STM32L4xx_HAL_Driver/Src/stm32l4xx_hal_flash_ex.o
LOAD Drivers/STM32L4xx_HAL_Driver/Src/stm32l4xx_hal_flash_ramfunc.o
LOAD Drivers/STM32L4xx_HAL_Driver/Src/stm32l4xx_hal_gpio.o
LOAD Drivers/STM32L4xx_HAL_Driver/Src/stm32l4xx_hal_i2c.o
LOAD Drivers/STM32L4xx_HAL_Driver/Src/stm32l4xx_hal_i2c_ex.o
LOAD Drivers/STM32L4xx_HAL_Driver/Src/stm32l4xx_hal_pwr.o
LOAD Drivers/STM32L4xx_HAL_Driver/Src/stm32l4xx_hal_pwr_ex.o
LOAD Drivers/STM32L4xx_HAL_Driver/Src/stm32l4xx_hal_rcc.o
LOAD Drivers/STM32L4xx_HAL_Driver/Src/stm32l4xx_hal_rcc_ex.o
LOAD Drivers/STM32L4xx_HAL_Driver/Src/stm32l4xx_hal_tim.o
LOAD Drivers/STM32L4xx_HAL_Driver/Src/stm32l4xx_hal_tim_ex.o
LOAD Drivers/STM32L4xx_HAL_Driver/Src/stm32l4xx_hal_uart.o
LOAD Drivers/STM32L4xx_HAL_Driver/Src/stm32l4xx_hal_uart_ex.o
LOAD note-c/n_atof.o
LOAD note-c/n_b64.o
LOAD note-c/n_cjson.o
LOAD note-c/n_cjson_helpers.o
LOAD note-c/n_const.o
LOAD note-c/n_ftoa.o
LOAD note-c/n_helpers.o
LOAD note-c/n_hooks.o
LOAD note-c/n_i2c.o
LOAD note-c/n_request.o
LOAD note-c/n_serial.o
LOAD note-c/n_str.o
START GROUP
LOAD /Applications/STM32CubeIDE.app/Contents/Eclipse/plugins/com.st.stm32cube.ide.mcu.externaltools.gnu-tools-for-stm32.7-2018-q2-update.macos64_1.4.0.202007081208/tools/bin/../lib/gcc/arm-none-eabi/7.3.1/../../../../arm-none-eabi/lib/thumb/v7e-m/fpv4-sp/hard/libc_nano.a
LOAD /Applications/STM32CubeIDE.app/Contents/Eclipse/plugins/com.st.stm32cube.ide.mcu.externaltools.gnu-tools-for-stm32.7-2018-q2-update.macos64_1.4.0.202007081208/tools/bin/../lib/gcc/arm-none-eabi/7.3.1/../../../../arm-none-eabi/lib/thumb/v7e-m/fpv4-sp/hard/libm.a
END GROUP
START GROUP
LOAD /Applications/STM32CubeIDE.app/Contents/Eclipse/plugins/com.st.stm32cube.ide.mcu.externaltools.gnu-tools-for-stm32.7-2018-q2-update.macos64_1.4.0.202007081208/tools/bin/../lib/gcc/arm-none-eabi/7.3.1/thumb/v7e-m/fpv4-sp/hard/libgcc.a
LOAD /Applications/STM32CubeIDE.app/Contents/Eclipse/plugins/com.st.stm32cube.ide.mcu.externaltools.gnu-tools-for-stm32.7-2018-q2-update.macos64_1.4.0.202007081208/tools/bin/../lib/gcc/arm-none-eabi/7.3.1/../../../../arm-none-eabi/lib/thumb/v7e-m/fpv4-sp/hard/libc_nano.a
END GROUP
START GROUP
LOAD /Applications/STM32CubeIDE.app/Contents/Eclipse/plugins/com.st.stm32cube.ide.mcu.externaltools.gnu-tools-for-stm32.7-2018-q2-update.macos64_1.4.0.202007081208/tools/bin/../lib/gcc/arm-none-eabi/7.3.1/thumb/v7e-m/fpv4-sp/hard/libgcc.a
LOAD /Applications/STM32CubeIDE.app/Contents/Eclipse/plugins/com.st.stm32cube.ide.mcu.externaltools.gnu-tools-for-stm32.7-2018-q2-update.macos64_1.4.0.202007081208/tools/bin/../lib/gcc/arm-none-eabi/7.3.1/../../../../arm-none-eabi/lib/thumb/v7e-m/fpv4-sp/hard/libc_nano.a
LOAD /Applications/STM32CubeIDE.app/Contents/Eclipse/plugins/com.st.stm32cube.ide.mcu.externaltools.gnu-tools-for-stm32.7-2018-q2-update.macos64_1.4.0.202007081208/tools/bin/../lib/gcc/arm-none-eabi/7.3.1/../../../../arm-none-eabi/lib/thumb/v7e-m/fpv4-sp/hard/libnosys.a
END GROUP
START GROUP
LOAD /Applications/STM32CubeIDE.app/Contents/Eclipse/plugins/com.st.stm32cube.ide.mcu.externaltools.gnu-tools-for-stm32.7-2018-q2-update.macos64_1.4.0.202007081208/tools/bin/../lib/gcc/arm-none-eabi/7.3.1/thumb/v7e-m/fpv4-sp/hard/libgcc.a
LOAD /Applications/STM32CubeIDE.app/Contents/Eclipse/plugins/com.st.stm32cube.ide.mcu.externaltools.gnu-tools-for-stm32.7-2018-q2-update.macos64_1.4.0.202007081208/tools/bin/../lib/gcc/arm-none-eabi/7.3.1/../../../../arm-none-eabi/lib/thumb/v7e-m/fpv4-sp/hard/libc_nano.a
LOAD /Applications/STM32CubeIDE.app/Contents/Eclipse/plugins/com.st.stm32cube.ide.mcu.externaltools.gnu-tools-for-stm32.7-2018-q2-update.macos64_1.4.0.202007081208/tools/bin/../lib/gcc/arm-none-eabi/7.3.1/../../../../arm-none-eabi/lib/thumb/v7e-m/fpv4-sp/hard/libnosys.a
END GROUP
LOAD /Applications/STM32CubeIDE.app/Contents/Eclipse/plugins/com.st.stm32cube.ide.mcu.externaltools.gnu-tools-for-stm32.7-2018-q2-update.macos64_1.4.0.202007081208/tools/bin/../lib/gcc/arm-none-eabi/7.3.1/thumb/v7e-m/fpv4-sp/hard/crtend.o
LOAD /Applications/STM32CubeIDE.app/Contents/Eclipse/plugins/com.st.stm32cube.ide.mcu.externaltools.gnu-tools-for-stm32.7-2018-q2-update.macos64_1.4.0.202007081208/tools/bin/../lib/gcc/arm-none-eabi/7.3.1/thumb/v7e-m/fpv4-sp/hard/crtn.o
                0x0000000020010000                _estack = (ORIGIN (RAM) + LENGTH (RAM))
                0x0000000000000200                _Min_Heap_Size = 0x200
                0x0000000000000400                _Min_Stack_Size = 0x400

.isr_vector     0x0000000008000000      0x18c
                0x0000000008000000                . = ALIGN (0x4)
 *(.isr_vector)
 .isr_vector    0x0000000008000000      0x18c Core/Startup/startup_stm32l432kcux.o
                0x0000000008000000                g_pfnVectors
                0x000000000800018c                . = ALIGN (0x4)

.text           0x0000000008000190     0x9e30
                0x0000000008000190                . = ALIGN (0x4)
 *(.text)
 .text          0x0000000008000190       0x40 /Applications/STM32CubeIDE.app/Contents/Eclipse/plugins/com.st.stm32cube.ide.mcu.externaltools.gnu-tools-for-stm32.7-2018-q2-update.macos64_1.4.0.202007081208/tools/bin/../lib/gcc/arm-none-eabi/7.3.1/thumb/v7e-m/fpv4-sp/hard/crtbegin.o
 .text          0x00000000080001d0       0x14 /Applications/STM32CubeIDE.app/Contents/Eclipse/plugins/com.st.stm32cube.ide.mcu.externaltools.gnu-tools-for-stm32.7-2018-q2-update.macos64_1.4.0.202007081208/tools/bin/../lib/gcc/arm-none-eabi/7.3.1/../../../../arm-none-eabi/lib/thumb/v7e-m/fpv4-sp/hard/libc_nano.a(lib_a-strcmp.o)
                0x00000000080001d0                strcmp
 .text          0x00000000080001e4       0x10 /Applications/STM32CubeIDE.app/Contents/Eclipse/plugins/com.st.stm32cube.ide.mcu.externaltools.gnu-tools-for-stm32.7-2018-q2-update.macos64_1.4.0.202007081208/tools/bin/../lib/gcc/arm-none-eabi/7.3.1/../../../../arm-none-eabi/lib/thumb/v7e-m/fpv4-sp/hard/libc_nano.a(lib_a-strlen.o)
                0x00000000080001e4                strlen
 *fill*         0x00000000080001f4        0xc 
 .text          0x0000000008000200       0xa0 /Applications/STM32CubeIDE.app/Contents/Eclipse/plugins/com.st.stm32cube.ide.mcu.externaltools.gnu-tools-for-stm32.7-2018-q2-update.macos64_1.4.0.202007081208/tools/bin/../lib/gcc/arm-none-eabi/7.3.1/../../../../arm-none-eabi/lib/thumb/v7e-m/fpv4-sp/hard/libc_nano.a(lib_a-memchr.o)
                0x0000000008000200                memchr
 .text          0x00000000080002a0      0x378 /Applications/STM32CubeIDE.app/Contents/Eclipse/plugins/com.st.stm32cube.ide.mcu.externaltools.gnu-tools-for-stm32.7-2018-q2-update.macos64_1.4.0.202007081208/tools/bin/../lib/gcc/arm-none-eabi/7.3.1/thumb/v7e-m/fpv4-sp/hard/libgcc.a(_arm_addsubdf3.o)
                0x00000000080002a0                __aeabi_drsub
                0x00000000080002a8                __subdf3
                0x00000000080002a8                __aeabi_dsub
                0x00000000080002ac                __aeabi_dadd
                0x00000000080002ac                __adddf3
                0x0000000008000524                __aeabi_ui2d
                0x0000000008000524                __floatunsidf
                0x0000000008000544                __floatsidf
                0x0000000008000544                __aeabi_i2d
                0x0000000008000568                __extendsfdf2
                0x0000000008000568                __aeabi_f2d
                0x00000000080005ac                __aeabi_ul2d
                0x00000000080005ac                __floatundidf
                0x00000000080005bc                __aeabi_l2d
                0x00000000080005bc                __floatdidf
 .text          0x0000000008000618      0x424 /Applications/STM32CubeIDE.app/Contents/Eclipse/plugins/com.st.stm32cube.ide.mcu.externaltools.gnu-tools-for-stm32.7-2018-q2-update.macos64_1.4.0.202007081208/tools/bin/../lib/gcc/arm-none-eabi/7.3.1/thumb/v7e-m/fpv4-sp/hard/libgcc.a(_arm_muldivdf3.o)
                0x0000000008000618                __aeabi_dmul
                0x0000000008000618                __muldf3
                0x000000000800086c                __aeabi_ddiv
                0x000000000800086c                __divdf3
 .text          0x0000000008000a3c      0x110 /Applications/STM32CubeIDE.app/Contents/Eclipse/plugins/com.st.stm32cube.ide.mcu.externaltools.gnu-tools-for-stm32.7-2018-q2-update.macos64_1.4.0.202007081208/tools/bin/../lib/gcc/arm-none-eabi/7.3.1/thumb/v7e-m/fpv4-sp/hard/libgcc.a(_arm_cmpdf2.o)
                0x0000000008000a3c                __gedf2
                0x0000000008000a3c                __gtdf2
                0x0000000008000a44                __ledf2
                0x0000000008000a44                __ltdf2
                0x0000000008000a4c                __cmpdf2
                0x0000000008000a4c                __eqdf2
                0x0000000008000a4c                __nedf2
                0x0000000008000ac8                __aeabi_cdrcmple
                0x0000000008000ad8                __aeabi_cdcmple
                0x0000000008000ad8                __aeabi_cdcmpeq
                0x0000000008000ae8                __aeabi_dcmpeq
                0x0000000008000afc                __aeabi_dcmplt
                0x0000000008000b10                __aeabi_dcmple
                0x0000000008000b24                __aeabi_dcmpge
                0x0000000008000b38                __aeabi_dcmpgt
 .text          0x0000000008000b4c       0x50 /Applications/STM32CubeIDE.app/Contents/Eclipse/plugins/com.st.stm32cube.ide.mcu.externaltools.gnu-tools-for-stm32.7-2018-q2-update.macos64_1.4.0.202007081208/tools/bin/../lib/gcc/arm-none-eabi/7.3.1/thumb/v7e-m/fpv4-sp/hard/libgcc.a(_arm_fixdfsi.o)
                0x0000000008000b4c                __fixdfsi
                0x0000000008000b4c                __aeabi_d2iz
 .text          0x0000000008000b9c       0xa0 /Applications/STM32CubeIDE.app/Contents/Eclipse/plugins/com.st.stm32cube.ide.mcu.externaltools.gnu-tools-for-stm32.7-2018-q2-update.macos64_1.4.0.202007081208/tools/bin/../lib/gcc/arm-none-eabi/7.3.1/thumb/v7e-m/fpv4-sp/hard/libgcc.a(_aeabi_ldivmod.o)
                0x0000000008000b9c                __aeabi_ldivmod
 .text          0x0000000008000c3c       0x30 /Applications/STM32CubeIDE.app/Contents/Eclipse/plugins/com.st.stm32cube.ide.mcu.externaltools.gnu-tools-for-stm32.7-2018-q2-update.macos64_1.4.0.202007081208/tools/bin/../lib/gcc/arm-none-eabi/7.3.1/thumb/v7e-m/fpv4-sp/hard/libgcc.a(_aeabi_uldivmod.o)
                0x0000000008000c3c                __aeabi_uldivmod
 .text          0x0000000008000c6c      0x2cc /Applications/STM32CubeIDE.app/Contents/Eclipse/plugins/com.st.stm32cube.ide.mcu.externaltools.gnu-tools-for-stm32.7-2018-q2-update.macos64_1.4.0.202007081208/tools/bin/../lib/gcc/arm-none-eabi/7.3.1/thumb/v7e-m/fpv4-sp/hard/libgcc.a(_udivmoddi4.o)
                0x0000000008000c6c                __udivmoddi4
 .text          0x0000000008000f38        0x4 /Applications/STM32CubeIDE.app/Contents/Eclipse/plugins/com.st.stm32cube.ide.mcu.externaltools.gnu-tools-for-stm32.7-2018-q2-update.macos64_1.4.0.202007081208/tools/bin/../lib/gcc/arm-none-eabi/7.3.1/thumb/v7e-m/fpv4-sp/hard/libgcc.a(_dvmd_tls.o)
                0x0000000008000f38                __aeabi_ldiv0
                0x0000000008000f38                __aeabi_idiv0
 *(.text*)
 .text.bme680_init
                0x0000000008000f3c       0x68 BME680_driver/bme680.o
                0x0000000008000f3c                bme680_init
 .text.bme680_get_regs
                0x0000000008000fa4       0x7e BME680_driver/bme680.o
                0x0000000008000fa4                bme680_get_regs
 .text.bme680_set_regs
                0x0000000008001022      0x118 BME680_driver/bme680.o
                0x0000000008001022                bme680_set_regs
 .text.bme680_soft_reset
                0x000000000800113a       0x7e BME680_driver/bme680.o
                0x000000000800113a                bme680_soft_reset
 .text.bme680_set_sensor_settings
                0x00000000080011b8      0x3a8 BME680_driver/bme680.o
                0x00000000080011b8                bme680_set_sensor_settings
 .text.bme680_set_sensor_mode
                0x0000000008001560       0xc8 BME680_driver/bme680.o
                0x0000000008001560                bme680_set_sensor_mode
 .text.bme680_get_profile_dur
                0x0000000008001628       0xcc BME680_driver/bme680.o
                0x0000000008001628                bme680_get_profile_dur
 .text.bme680_get_sensor_data
                0x00000000080016f4       0x58 BME680_driver/bme680.o
                0x00000000080016f4                bme680_get_sensor_data
 .text.get_calib_data
                0x000000000800174c      0x254 BME680_driver/bme680.o
 .text.set_gas_config
                0x00000000080019a0       0x8c BME680_driver/bme680.o
 .text.calc_temperature
                0x0000000008001a2c       0xf2 BME680_driver/bme680.o
 .text.calc_pressure
                0x0000000008001b1e      0x15a BME680_driver/bme680.o
 .text.calc_humidity
                0x0000000008001c78      0x134 BME680_driver/bme680.o
 .text.calc_gas_resistance
                0x0000000008001dac      0x170 BME680_driver/bme680.o
 .text.calc_heater_res
                0x0000000008001f1c       0xfc BME680_driver/bme680.o
 .text.calc_heater_dur
                0x0000000008002018       0x4a BME680_driver/bme680.o
 .text.read_field_data
                0x0000000008002062      0x172 BME680_driver/bme680.o
 .text.set_mem_page
                0x00000000080021d4       0xca BME680_driver/bme680.o
 .text.get_mem_page
                0x000000000800229e       0x5e BME680_driver/bme680.o
 .text.boundary_check
                0x00000000080022fc       0x76 BME680_driver/bme680.o
 .text.null_ptr_check
                0x0000000008002372       0x40 BME680_driver/bme680.o
 *fill*         0x00000000080023b2        0x2 
 .text.main     0x00000000080023b4      0x378 Core/Src/main.o
                0x00000000080023b4                main
 .text.SystemClock_Config
                0x000000000800272c      0x10c Core/Src/main.o
                0x000000000800272c                SystemClock_Config
 .text.MX_I2C1_Init
                0x0000000008002838       0x80 Core/Src/main.o
 .text.MX_USART1_UART_Init
                0x00000000080028b8       0x9c Core/Src/main.o
 .text.MX_USART2_UART_Init
                0x0000000008002954       0x60 Core/Src/main.o
 .text.MX_GPIO_Init
                0x00000000080029b4       0x94 Core/Src/main.o
 .text.delay    0x0000000008002a48       0x16 Core/Src/main.o
                0x0000000008002a48                delay
 .text.millis   0x0000000008002a5e        0xe Core/Src/main.o
                0x0000000008002a5e                millis
 .text.MY_UART_IRQHandler
                0x0000000008002a6c       0x98 Core/Src/main.o
                0x0000000008002a6c                MY_UART_IRQHandler
 .text.MX_USART1_UART_DeInit
                0x0000000008002b04       0x2c Core/Src/main.o
                0x0000000008002b04                MX_USART1_UART_DeInit
 .text.noteSerialReset
                0x0000000008002b30       0x10 Core/Src/main.o
                0x0000000008002b30                noteSerialReset
 .text.noteSerialTransmit
                0x0000000008002b40       0x2c Core/Src/main.o
                0x0000000008002b40                noteSerialTransmit
 .text.noteSerialAvailable
                0x0000000008002b6c       0x28 Core/Src/main.o
                0x0000000008002b6c                noteSerialAvailable
 .text.noteSerialReceive
                0x0000000008002b94       0x54 Core/Src/main.o
                0x0000000008002b94                noteSerialReceive
 .text.user_delay_ms
                0x0000000008002be8       0x16 Core/Src/main.o
                0x0000000008002be8                user_delay_ms
 *fill*         0x0000000008002bfe        0x2 
 .text.user_i2c_read
                0x0000000008002c00       0x70 Core/Src/main.o
                0x0000000008002c00                user_i2c_read
 .text.user_i2c_write
                0x0000000008002c70       0x78 Core/Src/main.o
                0x0000000008002c70                user_i2c_write
 .text.Error_Handler
                0x0000000008002ce8        0xe Core/Src/main.o
                0x0000000008002ce8                Error_Handler
 *fill*         0x0000000008002cf6        0x2 
 .text.HAL_MspInit
                0x0000000008002cf8       0x48 Core/Src/stm32l4xx_hal_msp.o
                0x0000000008002cf8                HAL_MspInit
 .text.HAL_I2C_MspInit
                0x0000000008002d40       0x88 Core/Src/stm32l4xx_hal_msp.o
                0x0000000008002d40                HAL_I2C_MspInit
 .text.HAL_UART_MspInit
                0x0000000008002dc8      0x11c Core/Src/stm32l4xx_hal_msp.o
                0x0000000008002dc8                HAL_UART_MspInit
 .text.HAL_UART_MspDeInit
                0x0000000008002ee4       0x68 Core/Src/stm32l4xx_hal_msp.o
                0x0000000008002ee4                HAL_UART_MspDeInit
 .text.NMI_Handler
                0x0000000008002f4c        0xe Core/Src/stm32l4xx_it.o
                0x0000000008002f4c                NMI_Handler
 .text.HardFault_Handler
                0x0000000008002f5a        0x6 Core/Src/stm32l4xx_it.o
                0x0000000008002f5a                HardFault_Handler
 .text.MemManage_Handler
                0x0000000008002f60        0x6 Core/Src/stm32l4xx_it.o
                0x0000000008002f60                MemManage_Handler
 .text.BusFault_Handler
                0x0000000008002f66        0x6 Core/Src/stm32l4xx_it.o
                0x0000000008002f66                BusFault_Handler
 .text.UsageFault_Handler
                0x0000000008002f6c        0x6 Core/Src/stm32l4xx_it.o
                0x0000000008002f6c                UsageFault_Handler
 .text.SVC_Handler
                0x0000000008002f72        0xe Core/Src/stm32l4xx_it.o
                0x0000000008002f72                SVC_Handler
 .text.DebugMon_Handler
                0x0000000008002f80        0xe Core/Src/stm32l4xx_it.o
                0x0000000008002f80                DebugMon_Handler
 .text.PendSV_Handler
                0x0000000008002f8e        0xe Core/Src/stm32l4xx_it.o
                0x0000000008002f8e                PendSV_Handler
 .text.SysTick_Handler
                0x0000000008002f9c        0xc Core/Src/stm32l4xx_it.o
                0x0000000008002f9c                SysTick_Handler
 .text.USART1_IRQHandler
                0x0000000008002fa8       0x18 Core/Src/stm32l4xx_it.o
                0x0000000008002fa8                USART1_IRQHandler
 .text._sbrk    0x0000000008002fc0       0x58 Core/Src/sysmem.o
                0x0000000008002fc0                _sbrk
 .text.SystemInit
                0x0000000008003018       0x6c Core/Src/system_stm32l4xx.o
                0x0000000008003018                SystemInit
 .text.Reset_Handler
                0x0000000008003084       0x50 Core/Startup/startup_stm32l432kcux.o
                0x0000000008003084                Reset_Handler
 .text.Default_Handler
                0x00000000080030d4        0x2 Core/Startup/startup_stm32l432kcux.o
                0x00000000080030d4                TIM1_BRK_TIM15_IRQHandler
                0x00000000080030d4                EXTI2_IRQHandler
                0x00000000080030d4                TIM1_CC_IRQHandler
                0x00000000080030d4                TSC_IRQHandler
                0x00000000080030d4                TAMP_STAMP_IRQHandler
                0x00000000080030d4                EXTI3_IRQHandler
                0x00000000080030d4                LPTIM2_IRQHandler
                0x00000000080030d4                I2C3_ER_IRQHandler
                0x00000000080030d4                EXTI0_IRQHandler
                0x00000000080030d4                CAN1_RX0_IRQHandler
                0x00000000080030d4                FPU_IRQHandler
                0x00000000080030d4                TIM1_UP_TIM16_IRQHandler
                0x00000000080030d4                SPI1_IRQHandler
                0x00000000080030d4                TIM6_DAC_IRQHandler
                0x00000000080030d4                DMA2_Channel2_IRQHandler
                0x00000000080030d4                DMA1_Channel4_IRQHandler
                0x00000000080030d4                ADC1_IRQHandler
                0x00000000080030d4                DMA1_Channel7_IRQHandler
                0x00000000080030d4                CAN1_RX1_IRQHandler
                0x00000000080030d4                DMA2_Channel1_IRQHandler
                0x00000000080030d4                QUADSPI_IRQHandler
                0x00000000080030d4                I2C1_EV_IRQHandler
                0x00000000080030d4                DMA1_Channel6_IRQHandler
                0x00000000080030d4                DMA2_Channel4_IRQHandler
                0x00000000080030d4                RCC_IRQHandler
                0x00000000080030d4                TIM1_TRG_COM_IRQHandler
                0x00000000080030d4                DMA1_Channel1_IRQHandler
                0x00000000080030d4                Default_Handler
                0x00000000080030d4                DMA2_Channel7_IRQHandler
                0x00000000080030d4                EXTI15_10_IRQHandler
                0x00000000080030d4                TIM7_IRQHandler
                0x00000000080030d4                I2C3_EV_IRQHandler
                0x00000000080030d4                USB_IRQHandler
                0x00000000080030d4                EXTI9_5_IRQHandler
                0x00000000080030d4                RTC_WKUP_IRQHandler
                0x00000000080030d4                PVD_PVM_IRQHandler
                0x00000000080030d4                CAN1_TX_IRQHandler
                0x00000000080030d4                DMA2_Channel5_IRQHandler
                0x00000000080030d4                CRS_IRQHandler
                0x00000000080030d4                DMA1_Channel5_IRQHandler
                0x00000000080030d4                EXTI4_IRQHandler
                0x00000000080030d4                RNG_IRQHandler
                0x00000000080030d4                DMA1_Channel3_IRQHandler
                0x00000000080030d4                COMP_IRQHandler
                0x00000000080030d4                WWDG_IRQHandler
                0x00000000080030d4                LPUART1_IRQHandler
                0x00000000080030d4                DMA2_Channel6_IRQHandler
                0x00000000080030d4                TIM2_IRQHandler
                0x00000000080030d4                EXTI1_IRQHandler
                0x00000000080030d4                USART2_IRQHandler
                0x00000000080030d4                DMA1_Channel2_IRQHandler
                0x00000000080030d4                CAN1_SCE_IRQHandler
                0x00000000080030d4                FLASH_IRQHandler
                0x00000000080030d4                SPI3_IRQHandler
                0x00000000080030d4                I2C1_ER_IRQHandler
                0x00000000080030d4                SWPMI1_IRQHandler
                0x00000000080030d4                LPTIM1_IRQHandler
                0x00000000080030d4                SAI1_IRQHandler
                0x00000000080030d4                DMA2_Channel3_IRQHandler
                0x00000000080030d4                RTC_Alarm_IRQHandler
 .text.HAL_Init
                0x00000000080030d6       0x30 Drivers/STM32L4xx_HAL_Driver/Src/stm32l4xx_hal.o
                0x00000000080030d6                HAL_Init
 *fill*         0x0000000008003106        0x2 
 .text.HAL_InitTick
                0x0000000008003108       0x74 Drivers/STM32L4xx_HAL_Driver/Src/stm32l4xx_hal.o
                0x0000000008003108                HAL_InitTick
 .text.HAL_IncTick
                0x000000000800317c       0x24 Drivers/STM32L4xx_HAL_Driver/Src/stm32l4xx_hal.o
                0x000000000800317c                HAL_IncTick
 .text.HAL_GetTick
                0x00000000080031a0       0x18 Drivers/STM32L4xx_HAL_Driver/Src/stm32l4xx_hal.o
                0x00000000080031a0                HAL_GetTick
 .text.HAL_Delay
                0x00000000080031b8       0x44 Drivers/STM32L4xx_HAL_Driver/Src/stm32l4xx_hal.o
                0x00000000080031b8                HAL_Delay
 .text.__NVIC_SetPriorityGrouping
                0x00000000080031fc       0x48 Drivers/STM32L4xx_HAL_Driver/Src/stm32l4xx_hal_cortex.o
 .text.__NVIC_GetPriorityGrouping
                0x0000000008003244       0x1c Drivers/STM32L4xx_HAL_Driver/Src/stm32l4xx_hal_cortex.o
 .text.__NVIC_EnableIRQ
                0x0000000008003260       0x3c Drivers/STM32L4xx_HAL_Driver/Src/stm32l4xx_hal_cortex.o
 .text.__NVIC_DisableIRQ
                0x000000000800329c       0x44 Drivers/STM32L4xx_HAL_Driver/Src/stm32l4xx_hal_cortex.o
 .text.__NVIC_SetPriority
                0x00000000080032e0       0x54 Drivers/STM32L4xx_HAL_Driver/Src/stm32l4xx_hal_cortex.o
 .text.NVIC_EncodePriority
                0x0000000008003334       0x66 Drivers/STM32L4xx_HAL_Driver/Src/stm32l4xx_hal_cortex.o
 *fill*         0x000000000800339a        0x2 
 .text.SysTick_Config
                0x000000000800339c       0x44 Drivers/STM32L4xx_HAL_Driver/Src/stm32l4xx_hal_cortex.o
 .text.HAL_NVIC_SetPriorityGrouping
                0x00000000080033e0       0x16 Drivers/STM32L4xx_HAL_Driver/Src/stm32l4xx_hal_cortex.o
                0x00000000080033e0                HAL_NVIC_SetPriorityGrouping
 .text.HAL_NVIC_SetPriority
                0x00000000080033f6       0x38 Drivers/STM32L4xx_HAL_Driver/Src/stm32l4xx_hal_cortex.o
                0x00000000080033f6                HAL_NVIC_SetPriority
 .text.HAL_NVIC_EnableIRQ
                0x000000000800342e       0x1c Drivers/STM32L4xx_HAL_Driver/Src/stm32l4xx_hal_cortex.o
                0x000000000800342e                HAL_NVIC_EnableIRQ
 .text.HAL_NVIC_DisableIRQ
                0x000000000800344a       0x1c Drivers/STM32L4xx_HAL_Driver/Src/stm32l4xx_hal_cortex.o
                0x000000000800344a                HAL_NVIC_DisableIRQ
 .text.HAL_SYSTICK_Config
                0x0000000008003466       0x18 Drivers/STM32L4xx_HAL_Driver/Src/stm32l4xx_hal_cortex.o
                0x0000000008003466                HAL_SYSTICK_Config
 .text.HAL_DMA_Abort_IT
                0x000000000800347e       0x82 Drivers/STM32L4xx_HAL_Driver/Src/stm32l4xx_hal_dma.o
                0x000000000800347e                HAL_DMA_Abort_IT
 .text.HAL_GPIO_Init
                0x0000000008003500      0x2d4 Drivers/STM32L4xx_HAL_Driver/Src/stm32l4xx_hal_gpio.o
                0x0000000008003500                HAL_GPIO_Init
 .text.HAL_GPIO_DeInit
                0x00000000080037d4      0x194 Drivers/STM32L4xx_HAL_Driver/Src/stm32l4xx_hal_gpio.o
                0x00000000080037d4                HAL_GPIO_DeInit
 .text.HAL_GPIO_WritePin
                0x0000000008003968       0x30 Drivers/STM32L4xx_HAL_Driver/Src/stm32l4xx_hal_gpio.o
                0x0000000008003968                HAL_GPIO_WritePin
 .text.HAL_I2C_Init
                0x0000000008003998      0x11e Drivers/STM32L4xx_HAL_Driver/Src/stm32l4xx_hal_i2c.o
                0x0000000008003998                HAL_I2C_Init
 *fill*         0x0000000008003ab6        0x2 
 .text.HAL_I2C_Master_Transmit
                0x0000000008003ab8      0x1e8 Drivers/STM32L4xx_HAL_Driver/Src/stm32l4xx_hal_i2c.o
                0x0000000008003ab8                HAL_I2C_Master_Transmit
 .text.HAL_I2C_Master_Receive
                0x0000000008003ca0      0x1ec Drivers/STM32L4xx_HAL_Driver/Src/stm32l4xx_hal_i2c.o
                0x0000000008003ca0                HAL_I2C_Master_Receive
 .text.I2C_Flush_TXDR
                0x0000000008003e8c       0x48 Drivers/STM32L4xx_HAL_Driver/Src/stm32l4xx_hal_i2c.o
 .text.I2C_WaitOnFlagUntilTimeout
                0x0000000008003ed4       0x80 Drivers/STM32L4xx_HAL_Driver/Src/stm32l4xx_hal_i2c.o
 .text.I2C_WaitOnTXISFlagUntilTimeout
                0x0000000008003f54       0x80 Drivers/STM32L4xx_HAL_Driver/Src/stm32l4xx_hal_i2c.o
 .text.I2C_WaitOnSTOPFlagUntilTimeout
                0x0000000008003fd4       0x78 Drivers/STM32L4xx_HAL_Driver/Src/stm32l4xx_hal_i2c.o
 .text.I2C_WaitOnRXNEFlagUntilTimeout
                0x000000000800404c       0xd8 Drivers/STM32L4xx_HAL_Driver/Src/stm32l4xx_hal_i2c.o
 .text.I2C_IsAcknowledgeFailed
                0x0000000008004124       0xcc Drivers/STM32L4xx_HAL_Driver/Src/stm32l4xx_hal_i2c.o
 .text.I2C_TransferConfig
                0x00000000080041f0       0x5c Drivers/STM32L4xx_HAL_Driver/Src/stm32l4xx_hal_i2c.o
 .text.HAL_I2CEx_ConfigAnalogFilter
                0x000000000800424c       0x96 Drivers/STM32L4xx_HAL_Driver/Src/stm32l4xx_hal_i2c_ex.o
                0x000000000800424c                HAL_I2CEx_ConfigAnalogFilter
 .text.HAL_I2CEx_ConfigDigitalFilter
                0x00000000080042e2       0x98 Drivers/STM32L4xx_HAL_Driver/Src/stm32l4xx_hal_i2c_ex.o
                0x00000000080042e2                HAL_I2CEx_ConfigDigitalFilter
 *fill*         0x000000000800437a        0x2 
 .text.HAL_PWR_EnableBkUpAccess
                0x000000000800437c       0x20 Drivers/STM32L4xx_HAL_Driver/Src/stm32l4xx_hal_pwr.o
                0x000000000800437c                HAL_PWR_EnableBkUpAccess
 .text.HAL_PWREx_GetVoltageRange
                0x000000000800439c       0x1c Drivers/STM32L4xx_HAL_Driver/Src/stm32l4xx_hal_pwr_ex.o
                0x000000000800439c                HAL_PWREx_GetVoltageRange
 .text.HAL_PWREx_ControlVoltageScaling
                0x00000000080043b8       0xac Drivers/STM32L4xx_HAL_Driver/Src/stm32l4xx_hal_pwr_ex.o
                0x00000000080043b8                HAL_PWREx_ControlVoltageScaling
 .text.HAL_RCC_OscConfig
                0x0000000008004464      0x840 Drivers/STM32L4xx_HAL_Driver/Src/stm32l4xx_hal_rcc.o
                0x0000000008004464                HAL_RCC_OscConfig
 .text.HAL_RCC_ClockConfig
                0x0000000008004ca4      0x1c4 Drivers/STM32L4xx_HAL_Driver/Src/stm32l4xx_hal_rcc.o
                0x0000000008004ca4                HAL_RCC_ClockConfig
 .text.HAL_RCC_GetSysClockFreq
                0x0000000008004e68      0x114 Drivers/STM32L4xx_HAL_Driver/Src/stm32l4xx_hal_rcc.o
                0x0000000008004e68                HAL_RCC_GetSysClockFreq
 .text.HAL_RCC_GetHCLKFreq
                0x0000000008004f7c       0x18 Drivers/STM32L4xx_HAL_Driver/Src/stm32l4xx_hal_rcc.o
                0x0000000008004f7c                HAL_RCC_GetHCLKFreq
 .text.HAL_RCC_GetPCLK1Freq
                0x0000000008004f94       0x2c Drivers/STM32L4xx_HAL_Driver/Src/stm32l4xx_hal_rcc.o
                0x0000000008004f94                HAL_RCC_GetPCLK1Freq
 .text.HAL_RCC_GetPCLK2Freq
                0x0000000008004fc0       0x2c Drivers/STM32L4xx_HAL_Driver/Src/stm32l4xx_hal_rcc.o
                0x0000000008004fc0                HAL_RCC_GetPCLK2Freq
 .text.RCC_SetFlashLatencyFromMSIRange
                0x0000000008004fec       0xc0 Drivers/STM32L4xx_HAL_Driver/Src/stm32l4xx_hal_rcc.o
 .text.HAL_RCCEx_PeriphCLKConfig
                0x00000000080050ac      0x3e4 Drivers/STM32L4xx_HAL_Driver/Src/stm32l4xx_hal_rcc_ex.o
                0x00000000080050ac                HAL_RCCEx_PeriphCLKConfig
 .text.HAL_RCCEx_EnableMSIPLLMode
                0x0000000008005490       0x20 Drivers/STM32L4xx_HAL_Driver/Src/stm32l4xx_hal_rcc_ex.o
                0x0000000008005490                HAL_RCCEx_EnableMSIPLLMode
 .text.RCCEx_PLLSAI1_Config
                0x00000000080054b0      0x1e0 Drivers/STM32L4xx_HAL_Driver/Src/stm32l4xx_hal_rcc_ex.o
 .text.HAL_UART_Init
                0x0000000008005690       0x9c Drivers/STM32L4xx_HAL_Driver/Src/stm32l4xx_hal_uart.o
                0x0000000008005690                HAL_UART_Init
 .text.HAL_UART_DeInit
                0x000000000800572c       0x6a Drivers/STM32L4xx_HAL_Driver/Src/stm32l4xx_hal_uart.o
                0x000000000800572c                HAL_UART_DeInit
 .text.HAL_UART_Transmit
                0x0000000008005796      0x126 Drivers/STM32L4xx_HAL_Driver/Src/stm32l4xx_hal_uart.o
                0x0000000008005796                HAL_UART_Transmit
 .text.HAL_UART_Receive_IT
                0x00000000080058bc      0x144 Drivers/STM32L4xx_HAL_Driver/Src/stm32l4xx_hal_uart.o
                0x00000000080058bc                HAL_UART_Receive_IT
 .text.HAL_UART_IRQHandler
                0x0000000008005a00      0x28c Drivers/STM32L4xx_HAL_Driver/Src/stm32l4xx_hal_uart.o
                0x0000000008005a00                HAL_UART_IRQHandler
 .text.HAL_UART_TxCpltCallback
                0x0000000008005c8c       0x14 Drivers/STM32L4xx_HAL_Driver/Src/stm32l4xx_hal_uart.o
                0x0000000008005c8c                HAL_UART_TxCpltCallback
 .text.HAL_UART_RxCpltCallback
                0x0000000008005ca0       0x14 Drivers/STM32L4xx_HAL_Driver/Src/stm32l4xx_hal_uart.o
                0x0000000008005ca0                HAL_UART_RxCpltCallback
 .text.HAL_UART_ErrorCallback
                0x0000000008005cb4       0x14 Drivers/STM32L4xx_HAL_Driver/Src/stm32l4xx_hal_uart.o
                0x0000000008005cb4                HAL_UART_ErrorCallback
 .text.UART_SetConfig
                0x0000000008005cc8      0x5cc Drivers/STM32L4xx_HAL_Driver/Src/stm32l4xx_hal_uart.o
                0x0000000008005cc8                UART_SetConfig
 .text.UART_AdvFeatureConfig
                0x0000000008006294      0x144 Drivers/STM32L4xx_HAL_Driver/Src/stm32l4xx_hal_uart.o
                0x0000000008006294                UART_AdvFeatureConfig
 .text.UART_CheckIdleState
                0x00000000080063d8       0x8a Drivers/STM32L4xx_HAL_Driver/Src/stm32l4xx_hal_uart.o
                0x00000000080063d8                UART_CheckIdleState
 .text.UART_WaitOnFlagUntilTimeout
                0x0000000008006462       0xf6 Drivers/STM32L4xx_HAL_Driver/Src/stm32l4xx_hal_uart.o
                0x0000000008006462                UART_WaitOnFlagUntilTimeout
 .text.UART_EndRxTransfer
                0x0000000008006558       0x40 Drivers/STM32L4xx_HAL_Driver/Src/stm32l4xx_hal_uart.o
 .text.UART_DMAAbortOnError
                0x0000000008006598       0x2c Drivers/STM32L4xx_HAL_Driver/Src/stm32l4xx_hal_uart.o
 .text.UART_EndTransmit_IT
                0x00000000080065c4       0x32 Drivers/STM32L4xx_HAL_Driver/Src/stm32l4xx_hal_uart.o
 .text.UART_RxISR_8BIT
                0x00000000080065f6       0xaa Drivers/STM32L4xx_HAL_Driver/Src/stm32l4xx_hal_uart.o
 .text.UART_RxISR_16BIT
                0x00000000080066a0       0xaa Drivers/STM32L4xx_HAL_Driver/Src/stm32l4xx_hal_uart.o
 .text.HAL_UARTEx_WakeupCallback
                0x000000000800674a       0x14 Drivers/STM32L4xx_HAL_Driver/Src/stm32l4xx_hal_uart_ex.o
                0x000000000800674a                HAL_UARTEx_WakeupCallback
 *fill*         0x000000000800675e        0x2 
 .text.JAtoN    0x0000000008006760      0x394 note-c/n_atof.o
                0x0000000008006760                JAtoN
 .text.case_insensitive_strcmp
                0x0000000008006af4       0xe0 note-c/n_cjson.o
 .text.Jstrdup  0x0000000008006bd4       0x4c note-c/n_cjson.o
 .text.JFree    0x0000000008006c20       0x16 note-c/n_cjson.o
                0x0000000008006c20                JFree
 .text.JNew_Item
                0x0000000008006c36       0x28 note-c/n_cjson.o
 .text.JDelete  0x0000000008006c5e       0x86 note-c/n_cjson.o
                0x0000000008006c5e                JDelete
 .text.get_decimal_point
                0x0000000008006ce4       0x10 note-c/n_cjson.o
 *fill*         0x0000000008006cf4        0x4 
 .text.parse_number
                0x0000000008006cf8      0x25c note-c/n_cjson.o
 .text.ensure   0x0000000008006f54       0xfa note-c/n_cjson.o
 .text.update_offset
                0x000000000800704e       0x42 note-c/n_cjson.o
 .text.print_number
                0x0000000008007090      0x12c note-c/n_cjson.o
 .text.parse_hex4
                0x00000000080071bc       0xc4 note-c/n_cjson.o
 .text.utf16_literal_to_utf8
                0x0000000008007280      0x1cc note-c/n_cjson.o
 .text.parse_string
                0x000000000800744c      0x35c note-c/n_cjson.o
 .text.htoa16   0x00000000080077a8       0x64 note-c/n_cjson.o
                0x00000000080077a8                htoa16
 .text.print_string_ptr
                0x000000000800780c      0x1f4 note-c/n_cjson.o
 .text.print_string
                0x0000000008007a00       0x20 note-c/n_cjson.o
 .text.buffer_skip_whitespace
                0x0000000008007a20       0x6a note-c/n_cjson.o
 *fill*         0x0000000008007a8a        0x2 
 .text.skip_utf8_bom
                0x0000000008007a8c       0x68 note-c/n_cjson.o
 .text.JParseWithOpts
                0x0000000008007af4      0x11c note-c/n_cjson.o
                0x0000000008007af4                JParseWithOpts
 .text.JParse   0x0000000008007c10       0x1c note-c/n_cjson.o
                0x0000000008007c10                JParse
 .text.print    0x0000000008007c2c       0xc8 note-c/n_cjson.o
 .text.JPrintUnformatted
                0x0000000008007cf4       0x1a note-c/n_cjson.o
                0x0000000008007cf4                JPrintUnformatted
 *fill*         0x0000000008007d0e        0x2 
 .text.parse_value
                0x0000000008007d10      0x1dc note-c/n_cjson.o
 .text.print_value
                0x0000000008007eec      0x14c note-c/n_cjson.o
 .text.parse_array
                0x0000000008008038      0x176 note-c/n_cjson.o
 .text.print_array
                0x00000000080081ae      0x10c note-c/n_cjson.o
 .text.parse_object
                0x00000000080082ba      0x1e4 note-c/n_cjson.o
 .text.print_object
                0x000000000800849e      0x23e note-c/n_cjson.o
 .text.get_object_item
                0x00000000080086dc       0x76 note-c/n_cjson.o
 .text.JGetObjectItem
                0x0000000008008752       0x1e note-c/n_cjson.o
                0x0000000008008752                JGetObjectItem
 .text.suffix_object
                0x0000000008008770       0x22 note-c/n_cjson.o
 .text.add_item_to_array
                0x0000000008008792       0x52 note-c/n_cjson.o
 .text.cast_away_const
                0x00000000080087e4       0x16 note-c/n_cjson.o
 .text.add_item_to_object
                0x00000000080087fa       0x9e note-c/n_cjson.o
 .text.JAddItemToObject
                0x0000000008008898       0x20 note-c/n_cjson.o
                0x0000000008008898                JAddItemToObject
 .text.JAddBoolToObject
                0x00000000080088b8       0x3a note-c/n_cjson.o
                0x00000000080088b8                JAddBoolToObject
 .text.JAddNumberToObject
                0x00000000080088f2       0x3e note-c/n_cjson.o
                0x00000000080088f2                JAddNumberToObject
 .text.JAddStringToObject
                0x0000000008008930       0x3a note-c/n_cjson.o
                0x0000000008008930                JAddStringToObject
 .text.JCreateBool
                0x000000000800896a       0x2e note-c/n_cjson.o
                0x000000000800896a                JCreateBool
 .text.JCreateNumber
                0x0000000008008998       0x8c note-c/n_cjson.o
                0x0000000008008998                JCreateNumber
 .text.JCreateString
                0x0000000008008a24       0x42 note-c/n_cjson.o
                0x0000000008008a24                JCreateString
 .text.JCreateObject
                0x0000000008008a66       0x22 note-c/n_cjson.o
                0x0000000008008a66                JCreateObject
 .text.JIsString
                0x0000000008008a88       0x2e note-c/n_cjson.o
                0x0000000008008a88                JIsString
 .text.JIsNullString
                0x0000000008008ab6       0x5c note-c/n_cjson_helpers.o
                0x0000000008008ab6                JIsNullString
 *fill*         0x0000000008008b12        0x6 
 .text.JNtoA    0x0000000008008b18      0x39c note-c/n_ftoa.o
                0x0000000008008b18                JNtoA
 .text.NoteSetFn
                0x0000000008008eb4       0x44 note-c/n_hooks.o
                0x0000000008008eb4                NoteSetFn
 .text.NoteSetFnSerial
                0x0000000008008ef8       0x68 note-c/n_hooks.o
                0x0000000008008ef8                NoteSetFnSerial
 .text.NoteDebugln
                0x0000000008008f60       0x24 note-c/n_hooks.o
                0x0000000008008f60                NoteDebugln
 .text.NoteDebug
                0x0000000008008f84       0x24 note-c/n_hooks.o
                0x0000000008008f84                NoteDebug
 .text.NoteGetMs
                0x0000000008008fa8       0x20 note-c/n_hooks.o
                0x0000000008008fa8                NoteGetMs
 .text.NoteDelayMs
                0x0000000008008fc8       0x24 note-c/n_hooks.o
                0x0000000008008fc8                NoteDelayMs
 .text.NoteMalloc
                0x0000000008008fec       0x2c note-c/n_hooks.o
                0x0000000008008fec                NoteMalloc
 .text.NoteFree
                0x0000000008009018       0x24 note-c/n_hooks.o
                0x0000000008009018                NoteFree
 .text.NoteLockNote
                0x000000000800903c       0x1c note-c/n_hooks.o
                0x000000000800903c                NoteLockNote
 .text.NoteUnlockNote
                0x0000000008009058       0x1c note-c/n_hooks.o
                0x0000000008009058                NoteUnlockNote
 .text.NoteSerialReset
                0x0000000008009074       0x28 note-c/n_hooks.o
                0x0000000008009074                NoteSerialReset
 .text.NoteSerialTransmit
                0x000000000800909c       0x3c note-c/n_hooks.o
                0x000000000800909c                NoteSerialTransmit
 .text.NoteSerialAvailable
                0x00000000080090d8       0x2c note-c/n_hooks.o
                0x00000000080090d8                NoteSerialAvailable
 .text.NoteSerialReceive
                0x0000000008009104       0x2c note-c/n_hooks.o
                0x0000000008009104                NoteSerialReceive
 .text.NoteHardReset
                0x0000000008009130       0x20 note-c/n_hooks.o
                0x0000000008009130                NoteHardReset
 .text.NoteJSONTransaction
                0x0000000008009150       0x34 note-c/n_hooks.o
                0x0000000008009150                NoteJSONTransaction
 .text.errDoc   0x0000000008009184       0x58 note-c/n_request.o
 .text.NoteNewRequest
                0x00000000080091dc       0x30 note-c/n_request.o
                0x00000000080091dc                NoteNewRequest
 .text.NoteRequest
                0x000000000800920c       0x54 note-c/n_request.o
                0x000000000800920c                NoteRequest
 .text.NoteTransaction
                0x0000000008009260       0xf4 note-c/n_request.o
                0x0000000008009260                NoteTransaction
 .text.NoteResetRequired
                0x0000000008009354       0x18 note-c/n_request.o
                0x0000000008009354                NoteResetRequired
 .text.NoteReset
                0x000000000800936c       0x50 note-c/n_request.o
                0x000000000800936c                NoteReset
 .text.serialNoteTransaction
                0x00000000080093bc      0x1e8 note-c/n_serial.o
                0x00000000080093bc                serialNoteTransaction
 .text.serialNoteReset
                0x00000000080095a4       0xcc note-c/n_serial.o
                0x00000000080095a4                serialNoteReset
 .text.__errno  0x0000000008009670        0xc /Applications/STM32CubeIDE.app/Contents/Eclipse/plugins/com.st.stm32cube.ide.mcu.externaltools.gnu-tools-for-stm32.7-2018-q2-update.macos64_1.4.0.202007081208/tools/bin/../lib/gcc/arm-none-eabi/7.3.1/../../../../arm-none-eabi/lib/thumb/v7e-m/fpv4-sp/hard/libc_nano.a(lib_a-errno.o)
                0x0000000008009670                __errno
 .text.__libc_init_array
                0x000000000800967c       0x48 /Applications/STM32CubeIDE.app/Contents/Eclipse/plugins/com.st.stm32cube.ide.mcu.externaltools.gnu-tools-for-stm32.7-2018-q2-update.macos64_1.4.0.202007081208/tools/bin/../lib/gcc/arm-none-eabi/7.3.1/../../../../arm-none-eabi/lib/thumb/v7e-m/fpv4-sp/hard/libc_nano.a(lib_a-init.o)
                0x000000000800967c                __libc_init_array
 .text.__locale_ctype_ptr
                0x00000000080096c4       0x1c /Applications/STM32CubeIDE.app/Contents/Eclipse/plugins/com.st.stm32cube.ide.mcu.externaltools.gnu-tools-for-stm32.7-2018-q2-update.macos64_1.4.0.202007081208/tools/bin/../lib/gcc/arm-none-eabi/7.3.1/../../../../arm-none-eabi/lib/thumb/v7e-m/fpv4-sp/hard/libc_nano.a(lib_a-locale.o)
                0x00000000080096c4                __locale_ctype_ptr
 .text.malloc   0x00000000080096e0       0x10 /Applications/STM32CubeIDE.app/Contents/Eclipse/plugins/com.st.stm32cube.ide.mcu.externaltools.gnu-tools-for-stm32.7-2018-q2-update.macos64_1.4.0.202007081208/tools/bin/../lib/gcc/arm-none-eabi/7.3.1/../../../../arm-none-eabi/lib/thumb/v7e-m/fpv4-sp/hard/libc_nano.a(lib_a-malloc.o)
                0x00000000080096e0                malloc
 .text.free     0x00000000080096f0       0x10 /Applications/STM32CubeIDE.app/Contents/Eclipse/plugins/com.st.stm32cube.ide.mcu.externaltools.gnu-tools-for-stm32.7-2018-q2-update.macos64_1.4.0.202007081208/tools/bin/../lib/gcc/arm-none-eabi/7.3.1/../../../../arm-none-eabi/lib/thumb/v7e-m/fpv4-sp/hard/libc_nano.a(lib_a-malloc.o)
                0x00000000080096f0                free
 .text.__ascii_mbtowc
                0x0000000008009700       0x24 /Applications/STM32CubeIDE.app/Contents/Eclipse/plugins/com.st.stm32cube.ide.mcu.externaltools.gnu-tools-for-stm32.7-2018-q2-update.macos64_1.4.0.202007081208/tools/bin/../lib/gcc/arm-none-eabi/7.3.1/../../../../arm-none-eabi/lib/thumb/v7e-m/fpv4-sp/hard/libc_nano.a(lib_a-mbtowc_r.o)
                0x0000000008009700                __ascii_mbtowc
 .text.memcpy   0x0000000008009724       0x16 /Applications/STM32CubeIDE.app/Contents/Eclipse/plugins/com.st.stm32cube.ide.mcu.externaltools.gnu-tools-for-stm32.7-2018-q2-update.macos64_1.4.0.202007081208/tools/bin/../lib/gcc/arm-none-eabi/7.3.1/../../../../arm-none-eabi/lib/thumb/v7e-m/fpv4-sp/hard/libc_nano.a(lib_a-memcpy-stub.o)
                0x0000000008009724                memcpy
 .text.memmove  0x000000000800973a       0x32 /Applications/STM32CubeIDE.app/Contents/Eclipse/plugins/com.st.stm32cube.ide.mcu.externaltools.gnu-tools-for-stm32.7-2018-q2-update.macos64_1.4.0.202007081208/tools/bin/../lib/gcc/arm-none-eabi/7.3.1/../../../../arm-none-eabi/lib/thumb/v7e-m/fpv4-sp/hard/libc_nano.a(lib_a-memmove.o)
                0x000000000800973a                memmove
 .text.memset   0x000000000800976c       0x10 /Applications/STM32CubeIDE.app/Contents/Eclipse/plugins/com.st.stm32cube.ide.mcu.externaltools.gnu-tools-for-stm32.7-2018-q2-update.macos64_1.4.0.202007081208/tools/bin/../lib/gcc/arm-none-eabi/7.3.1/../../../../arm-none-eabi/lib/thumb/v7e-m/fpv4-sp/hard/libc_nano.a(lib_a-memset.o)
                0x000000000800976c                memset
 .text._free_r  0x000000000800977c       0x9c /Applications/STM32CubeIDE.app/Contents/Eclipse/plugins/com.st.stm32cube.ide.mcu.externaltools.gnu-tools-for-stm32.7-2018-q2-update.macos64_1.4.0.202007081208/tools/bin/../lib/gcc/arm-none-eabi/7.3.1/../../../../arm-none-eabi/lib/thumb/v7e-m/fpv4-sp/hard/libc_nano.a(lib_a-nano-freer.o)
                0x000000000800977c                _free_r
 .text._malloc_r
                0x0000000008009818       0xb4 /Applications/STM32CubeIDE.app/Contents/Eclipse/plugins/com.st.stm32cube.ide.mcu.externaltools.gnu-tools-for-stm32.7-2018-q2-update.macos64_1.4.0.202007081208/tools/bin/../lib/gcc/arm-none-eabi/7.3.1/../../../../arm-none-eabi/lib/thumb/v7e-m/fpv4-sp/hard/libc_nano.a(lib_a-nano-mallocr.o)
                0x0000000008009818                _malloc_r
 .text._sbrk_r  0x00000000080098cc       0x20 /Applications/STM32CubeIDE.app/Contents/Eclipse/plugins/com.st.stm32cube.ide.mcu.externaltools.gnu-tools-for-stm32.7-2018-q2-update.macos64_1.4.0.202007081208/tools/bin/../lib/gcc/arm-none-eabi/7.3.1/../../../../arm-none-eabi/lib/thumb/v7e-m/fpv4-sp/hard/libc_nano.a(lib_a-sbrkr.o)
                0x00000000080098cc                _sbrk_r
 .text.sprintf  0x00000000080098ec       0x40 /Applications/STM32CubeIDE.app/Contents/Eclipse/plugins/com.st.stm32cube.ide.mcu.externaltools.gnu-tools-for-stm32.7-2018-q2-update.macos64_1.4.0.202007081208/tools/bin/../lib/gcc/arm-none-eabi/7.3.1/../../../../arm-none-eabi/lib/thumb/v7e-m/fpv4-sp/hard/libc_nano.a(lib_a-sprintf.o)
                0x00000000080098ec                sprintf
                0x00000000080098ec                siprintf
 .text.strchr   0x000000000800992c       0x1a /Applications/STM32CubeIDE.app/Contents/Eclipse/plugins/com.st.stm32cube.ide.mcu.externaltools.gnu-tools-for-stm32.7-2018-q2-update.macos64_1.4.0.202007081208/tools/bin/../lib/gcc/arm-none-eabi/7.3.1/../../../../arm-none-eabi/lib/thumb/v7e-m/fpv4-sp/hard/libc_nano.a(lib_a-strchr.o)
                0x000000000800992c                strchr
 .text.strcpy   0x0000000008009946       0x10 /Applications/STM32CubeIDE.app/Contents/Eclipse/plugins/com.st.stm32cube.ide.mcu.externaltools.gnu-tools-for-stm32.7-2018-q2-update.macos64_1.4.0.202007081208/tools/bin/../lib/gcc/arm-none-eabi/7.3.1/../../../../arm-none-eabi/lib/thumb/v7e-m/fpv4-sp/hard/libc_nano.a(lib_a-strcpy.o)
                0x0000000008009946                strcpy
 .text.strncmp  0x0000000008009956       0x24 /Applications/STM32CubeIDE.app/Contents/Eclipse/plugins/com.st.stm32cube.ide.mcu.externaltools.gnu-tools-for-stm32.7-2018-q2-update.macos64_1.4.0.202007081208/tools/bin/../lib/gcc/arm-none-eabi/7.3.1/../../../../arm-none-eabi/lib/thumb/v7e-m/fpv4-sp/hard/libc_nano.a(lib_a-strncmp.o)
                0x0000000008009956                strncmp
 .text.__ascii_wctomb
                0x000000000800997a       0x1a /Applications/STM32CubeIDE.app/Contents/Eclipse/plugins/com.st.stm32cube.ide.mcu.externaltools.gnu-tools-for-stm32.7-2018-q2-update.macos64_1.4.0.202007081208/tools/bin/../lib/gcc/arm-none-eabi/7.3.1/../../../../arm-none-eabi/lib/thumb/v7e-m/fpv4-sp/hard/libc_nano.a(lib_a-wctomb_r.o)
                0x000000000800997a                __ascii_wctomb
 .text.__malloc_lock
                0x0000000008009994        0x2 /Applications/STM32CubeIDE.app/Contents/Eclipse/plugins/com.st.stm32cube.ide.mcu.externaltools.gnu-tools-for-stm32.7-2018-q2-update.macos64_1.4.0.202007081208/tools/bin/../lib/gcc/arm-none-eabi/7.3.1/../../../../arm-none-eabi/lib/thumb/v7e-m/fpv4-sp/hard/libc_nano.a(lib_a-mlock.o)
                0x0000000008009994                __malloc_lock
 .text.__malloc_unlock
                0x0000000008009996        0x2 /Applications/STM32CubeIDE.app/Contents/Eclipse/plugins/com.st.stm32cube.ide.mcu.externaltools.gnu-tools-for-stm32.7-2018-q2-update.macos64_1.4.0.202007081208/tools/bin/../lib/gcc/arm-none-eabi/7.3.1/../../../../arm-none-eabi/lib/thumb/v7e-m/fpv4-sp/hard/libc_nano.a(lib_a-mlock.o)
                0x0000000008009996                __malloc_unlock
 .text.__ssputs_r
                0x0000000008009998       0xb4 /Applications/STM32CubeIDE.app/Contents/Eclipse/plugins/com.st.stm32cube.ide.mcu.externaltools.gnu-tools-for-stm32.7-2018-q2-update.macos64_1.4.0.202007081208/tools/bin/../lib/gcc/arm-none-eabi/7.3.1/../../../../arm-none-eabi/lib/thumb/v7e-m/fpv4-sp/hard/libc_nano.a(lib_a-nano-svfprintf.o)
                0x0000000008009998                __ssputs_r
 .text._svfprintf_r
                0x0000000008009a4c      0x1f0 /Applications/STM32CubeIDE.app/Contents/Eclipse/plugins/com.st.stm32cube.ide.mcu.externaltools.gnu-tools-for-stm32.7-2018-q2-update.macos64_1.4.0.202007081208/tools/bin/../lib/gcc/arm-none-eabi/7.3.1/../../../../arm-none-eabi/lib/thumb/v7e-m/fpv4-sp/hard/libc_nano.a(lib_a-nano-svfprintf.o)
                0x0000000008009a4c                _svfprintf_r
                0x0000000008009a4c                _svfiprintf_r
 .text._printf_common
                0x0000000008009c3c       0xea /Applications/STM32CubeIDE.app/Contents/Eclipse/plugins/com.st.stm32cube.ide.mcu.externaltools.gnu-tools-for-stm32.7-2018-q2-update.macos64_1.4.0.202007081208/tools/bin/../lib/gcc/arm-none-eabi/7.3.1/../../../../arm-none-eabi/lib/thumb/v7e-m/fpv4-sp/hard/libc_nano.a(lib_a-nano-vfprintf_i.o)
                0x0000000008009c3c                _printf_common
 *fill*         0x0000000008009d26        0x2 
 .text._printf_i
                0x0000000008009d28      0x224 /Applications/STM32CubeIDE.app/Contents/Eclipse/plugins/com.st.stm32cube.ide.mcu.externaltools.gnu-tools-for-stm32.7-2018-q2-update.macos64_1.4.0.202007081208/tools/bin/../lib/gcc/arm-none-eabi/7.3.1/../../../../arm-none-eabi/lib/thumb/v7e-m/fpv4-sp/hard/libc_nano.a(lib_a-nano-vfprintf_i.o)
                0x0000000008009d28                _printf_i
 .text._realloc_r
                0x0000000008009f4c       0x4c /Applications/STM32CubeIDE.app/Contents/Eclipse/plugins/com.st.stm32cube.ide.mcu.externaltools.gnu-tools-for-stm32.7-2018-q2-update.macos64_1.4.0.202007081208/tools/bin/../lib/gcc/arm-none-eabi/7.3.1/../../../../arm-none-eabi/lib/thumb/v7e-m/fpv4-sp/hard/libc_nano.a(lib_a-nano-reallocr.o)
                0x0000000008009f4c                _realloc_r
 .text._malloc_usable_size_r
                0x0000000008009f98       0x10 /Applications/STM32CubeIDE.app/Contents/Eclipse/plugins/com.st.stm32cube.ide.mcu.externaltools.gnu-tools-for-stm32.7-2018-q2-update.macos64_1.4.0.202007081208/tools/bin/../lib/gcc/arm-none-eabi/7.3.1/../../../../arm-none-eabi/lib/thumb/v7e-m/fpv4-sp/hard/libc_nano.a(lib_a-nano-msizer.o)
                0x0000000008009f98                _malloc_usable_size_r
 *(.glue_7)
 .glue_7        0x0000000008009fa8        0x0 linker stubs
 *(.glue_7t)
 .glue_7t       0x0000000008009fa8        0x0 linker stubs
 *(.eh_frame)
 .eh_frame      0x0000000008009fa8        0x0 /Applications/STM32CubeIDE.app/Contents/Eclipse/plugins/com.st.stm32cube.ide.mcu.externaltools.gnu-tools-for-stm32.7-2018-q2-update.macos64_1.4.0.202007081208/tools/bin/../lib/gcc/arm-none-eabi/7.3.1/thumb/v7e-m/fpv4-sp/hard/crtbegin.o
 *(.init)
 .init          0x0000000008009fa8        0x4 /Applications/STM32CubeIDE.app/Contents/Eclipse/plugins/com.st.stm32cube.ide.mcu.externaltools.gnu-tools-for-stm32.7-2018-q2-update.macos64_1.4.0.202007081208/tools/bin/../lib/gcc/arm-none-eabi/7.3.1/thumb/v7e-m/fpv4-sp/hard/crti.o
                0x0000000008009fa8                _init
 .init          0x0000000008009fac        0x8 /Applications/STM32CubeIDE.app/Contents/Eclipse/plugins/com.st.stm32cube.ide.mcu.externaltools.gnu-tools-for-stm32.7-2018-q2-update.macos64_1.4.0.202007081208/tools/bin/../lib/gcc/arm-none-eabi/7.3.1/thumb/v7e-m/fpv4-sp/hard/crtn.o
 *(.fini)
 .fini          0x0000000008009fb4        0x4 /Applications/STM32CubeIDE.app/Contents/Eclipse/plugins/com.st.stm32cube.ide.mcu.externaltools.gnu-tools-for-stm32.7-2018-q2-update.macos64_1.4.0.202007081208/tools/bin/../lib/gcc/arm-none-eabi/7.3.1/thumb/v7e-m/fpv4-sp/hard/crti.o
                0x0000000008009fb4                _fini
 .fini          0x0000000008009fb8        0x8 /Applications/STM32CubeIDE.app/Contents/Eclipse/plugins/com.st.stm32cube.ide.mcu.externaltools.gnu-tools-for-stm32.7-2018-q2-update.macos64_1.4.0.202007081208/tools/bin/../lib/gcc/arm-none-eabi/7.3.1/thumb/v7e-m/fpv4-sp/hard/crtn.o
                0x0000000008009fc0                . = ALIGN (0x4)
                0x0000000008009fc0                _etext = .

.vfp11_veneer   0x0000000008009fc0        0x0
 .vfp11_veneer  0x0000000008009fc0        0x0 linker stubs

.v4_bx          0x0000000008009fc0        0x0
 .v4_bx         0x0000000008009fc0        0x0 linker stubs

.iplt           0x0000000008009fc0        0x0
 .iplt          0x0000000008009fc0        0x0 /Applications/STM32CubeIDE.app/Contents/Eclipse/plugins/com.st.stm32cube.ide.mcu.externaltools.gnu-tools-for-stm32.7-2018-q2-update.macos64_1.4.0.202007081208/tools/bin/../lib/gcc/arm-none-eabi/7.3.1/thumb/v7e-m/fpv4-sp/hard/crtbegin.o

.rodata         0x0000000008009fc0      0x5c4
                0x0000000008009fc0                . = ALIGN (0x4)
 *(.rodata)
 .rodata        0x0000000008009fc0       0x88 BME680_driver/bme680.o
 .rodata        0x000000000800a048       0xef Core/Src/main.o
 *fill*         0x000000000800a137        0x1 
 .rodata        0x000000000800a138       0x14 note-c/n_cjson.o
 .rodata        0x000000000800a14c       0x38 note-c/n_const.o
 *fill*         0x000000000800a184        0x4 
 .rodata        0x000000000800a188       0x58 note-c/n_ftoa.o
 .rodata        0x000000000800a1e0       0x29 note-c/n_hooks.o
 *fill*         0x000000000800a209        0x3 
 .rodata        0x000000000800a20c       0x58 note-c/n_request.o
 .rodata        0x000000000800a264      0x191 note-c/n_serial.o
 *(.rodata*)
 *fill*         0x000000000800a3f5        0x3 
 .rodata.AHBPrescTable
                0x000000000800a3f8       0x10 Core/Src/system_stm32l4xx.o
                0x000000000800a3f8                AHBPrescTable
 .rodata.APBPrescTable
                0x000000000800a408        0x8 Core/Src/system_stm32l4xx.o
                0x000000000800a408                APBPrescTable
 .rodata.MSIRangeTable
                0x000000000800a410       0x30 Core/Src/system_stm32l4xx.o
                0x000000000800a410                MSIRangeTable
 .rodata.default_buffer_size.8500
                0x000000000800a440        0x4 note-c/n_cjson.o
 .rodata._setlocale_r.str1.1
                0x000000000800a444        0x8 /Applications/STM32CubeIDE.app/Contents/Eclipse/plugins/com.st.stm32cube.ide.mcu.externaltools.gnu-tools-for-stm32.7-2018-q2-update.macos64_1.4.0.202007081208/tools/bin/../lib/gcc/arm-none-eabi/7.3.1/../../../../arm-none-eabi/lib/thumb/v7e-m/fpv4-sp/hard/libc_nano.a(lib_a-locale.o)
                                          0x9 (size before relaxing)
 .rodata.str1.1
                0x000000000800a44c        0x2 /Applications/STM32CubeIDE.app/Contents/Eclipse/plugins/com.st.stm32cube.ide.mcu.externaltools.gnu-tools-for-stm32.7-2018-q2-update.macos64_1.4.0.202007081208/tools/bin/../lib/gcc/arm-none-eabi/7.3.1/../../../../arm-none-eabi/lib/thumb/v7e-m/fpv4-sp/hard/libc_nano.a(lib_a-locale.o)
 .rodata._ctype_
                0x000000000800a44e      0x101 /Applications/STM32CubeIDE.app/Contents/Eclipse/plugins/com.st.stm32cube.ide.mcu.externaltools.gnu-tools-for-stm32.7-2018-q2-update.macos64_1.4.0.202007081208/tools/bin/../lib/gcc/arm-none-eabi/7.3.1/../../../../arm-none-eabi/lib/thumb/v7e-m/fpv4-sp/hard/libc_nano.a(lib_a-ctype_.o)
                0x000000000800a44e                _ctype_
 .rodata._svfprintf_r.str1.1
                0x000000000800a54f       0x11 /Applications/STM32CubeIDE.app/Contents/Eclipse/plugins/com.st.stm32cube.ide.mcu.externaltools.gnu-tools-for-stm32.7-2018-q2-update.macos64_1.4.0.202007081208/tools/bin/../lib/gcc/arm-none-eabi/7.3.1/../../../../arm-none-eabi/lib/thumb/v7e-m/fpv4-sp/hard/libc_nano.a(lib_a-nano-svfprintf.o)
 .rodata._printf_i.str1.1
                0x000000000800a560       0x22 /Applications/STM32CubeIDE.app/Contents/Eclipse/plugins/com.st.stm32cube.ide.mcu.externaltools.gnu-tools-for-stm32.7-2018-q2-update.macos64_1.4.0.202007081208/tools/bin/../lib/gcc/arm-none-eabi/7.3.1/../../../../arm-none-eabi/lib/thumb/v7e-m/fpv4-sp/hard/libc_nano.a(lib_a-nano-vfprintf_i.o)
                0x000000000800a584                . = ALIGN (0x4)
 *fill*         0x000000000800a582        0x2 

.ARM.extab      0x000000000800a584        0x0
                0x000000000800a584                . = ALIGN (0x4)
 *(.ARM.extab* .gnu.linkonce.armextab.*)
                0x000000000800a584                . = ALIGN (0x4)

.ARM            0x000000000800a584        0x8
                0x000000000800a584                . = ALIGN (0x4)
                0x000000000800a584                __exidx_start = .
 *(.ARM.exidx*)
 .ARM.exidx     0x000000000800a584        0x8 /Applications/STM32CubeIDE.app/Contents/Eclipse/plugins/com.st.stm32cube.ide.mcu.externaltools.gnu-tools-for-stm32.7-2018-q2-update.macos64_1.4.0.202007081208/tools/bin/../lib/gcc/arm-none-eabi/7.3.1/thumb/v7e-m/fpv4-sp/hard/libgcc.a(_udivmoddi4.o)
                0x000000000800a58c                __exidx_end = .
                0x000000000800a58c                . = ALIGN (0x4)

.rel.dyn        0x000000000800a58c        0x0
 .rel.iplt      0x000000000800a58c        0x0 /Applications/STM32CubeIDE.app/Contents/Eclipse/plugins/com.st.stm32cube.ide.mcu.externaltools.gnu-tools-for-stm32.7-2018-q2-update.macos64_1.4.0.202007081208/tools/bin/../lib/gcc/arm-none-eabi/7.3.1/thumb/v7e-m/fpv4-sp/hard/crtbegin.o

.preinit_array  0x000000000800a58c        0x0
                0x000000000800a58c                . = ALIGN (0x4)
                0x000000000800a58c                PROVIDE (__preinit_array_start = .)
 *(.preinit_array*)
                0x000000000800a58c                PROVIDE (__preinit_array_end = .)
                0x000000000800a58c                . = ALIGN (0x4)

.init_array     0x000000000800a58c        0x4
                0x000000000800a58c                . = ALIGN (0x4)
                0x000000000800a58c                PROVIDE (__init_array_start = .)
 *(SORT_BY_NAME(.init_array.*))
 *(.init_array*)
 .init_array    0x000000000800a58c        0x4 /Applications/STM32CubeIDE.app/Contents/Eclipse/plugins/com.st.stm32cube.ide.mcu.externaltools.gnu-tools-for-stm32.7-2018-q2-update.macos64_1.4.0.202007081208/tools/bin/../lib/gcc/arm-none-eabi/7.3.1/thumb/v7e-m/fpv4-sp/hard/crtbegin.o
                0x000000000800a590                PROVIDE (__init_array_end = .)
                0x000000000800a590                . = ALIGN (0x4)

.fini_array     0x000000000800a590        0x4
                0x000000000800a590                . = ALIGN (0x4)
                [!provide]                        PROVIDE (__fini_array_start = .)
 *(SORT_BY_NAME(.fini_array.*))
 *(.fini_array*)
 .fini_array    0x000000000800a590        0x4 /Applications/STM32CubeIDE.app/Contents/Eclipse/plugins/com.st.stm32cube.ide.mcu.externaltools.gnu-tools-for-stm32.7-2018-q2-update.macos64_1.4.0.202007081208/tools/bin/../lib/gcc/arm-none-eabi/7.3.1/thumb/v7e-m/fpv4-sp/hard/crtbegin.o
                [!provide]                        PROVIDE (__fini_array_end = .)
                0x000000000800a594                . = ALIGN (0x4)
                0x000000000800a594                _sidata = LOADADDR (.data)

.data           0x0000000020000000      0x1f8 load address 0x000000000800a594
                0x0000000020000000                . = ALIGN (0x4)
                0x0000000020000000                _sdata = .
 *(.data)
 *(.data*)
 .data.SystemCoreClock
                0x0000000020000000        0x4 Core/Src/system_stm32l4xx.o
                0x0000000020000000                SystemCoreClock
 .data.uwTickPrio
                0x0000000020000004        0x4 Drivers/STM32L4xx_HAL_Driver/Src/stm32l4xx_hal.o
                0x0000000020000004                uwTickPrio
 .data.uwTickFreq
                0x0000000020000008        0x4 Drivers/STM32L4xx_HAL_Driver/Src/stm32l4xx_hal.o
                0x0000000020000008                uwTickFreq
 .data.c_null   0x000000002000000c        0x4 note-c/n_const.o
                0x000000002000000c                c_null
 .data.c_false  0x0000000020000010        0x4 note-c/n_const.o
                0x0000000020000010                c_false
 .data.c_true   0x0000000020000014        0x4 note-c/n_const.o
                0x0000000020000014                c_true
 .data.c_newline
                0x0000000020000018        0x4 note-c/n_const.o
                0x0000000020000018                c_newline
 .data.c_err    0x000000002000001c        0x4 note-c/n_const.o
                0x000000002000001c                c_err
 .data.c_req    0x0000000020000020        0x4 note-c/n_const.o
                0x0000000020000020                c_req
 .data.resetRequired
                0x0000000020000024        0x1 note-c/n_request.o
 *fill*         0x0000000020000025        0x3 
 .data._impure_ptr
                0x0000000020000028        0x4 /Applications/STM32CubeIDE.app/Contents/Eclipse/plugins/com.st.stm32cube.ide.mcu.externaltools.gnu-tools-for-stm32.7-2018-q2-update.macos64_1.4.0.202007081208/tools/bin/../lib/gcc/arm-none-eabi/7.3.1/../../../../arm-none-eabi/lib/thumb/v7e-m/fpv4-sp/hard/libc_nano.a(lib_a-impure.o)
                0x0000000020000028                _impure_ptr
 .data.impure_data
                0x000000002000002c       0x60 /Applications/STM32CubeIDE.app/Contents/Eclipse/plugins/com.st.stm32cube.ide.mcu.externaltools.gnu-tools-for-stm32.7-2018-q2-update.macos64_1.4.0.202007081208/tools/bin/../lib/gcc/arm-none-eabi/7.3.1/../../../../arm-none-eabi/lib/thumb/v7e-m/fpv4-sp/hard/libc_nano.a(lib_a-impure.o)
 .data.__global_locale
                0x000000002000008c      0x16c /Applications/STM32CubeIDE.app/Contents/Eclipse/plugins/com.st.stm32cube.ide.mcu.externaltools.gnu-tools-for-stm32.7-2018-q2-update.macos64_1.4.0.202007081208/tools/bin/../lib/gcc/arm-none-eabi/7.3.1/../../../../arm-none-eabi/lib/thumb/v7e-m/fpv4-sp/hard/libc_nano.a(lib_a-locale.o)
                0x000000002000008c                __global_locale
                0x00000000200001f8                . = ALIGN (0x4)
                0x00000000200001f8                _edata = .

.igot.plt       0x00000000200001f8        0x0 load address 0x000000000800a78c
 .igot.plt      0x00000000200001f8        0x0 /Applications/STM32CubeIDE.app/Contents/Eclipse/plugins/com.st.stm32cube.ide.mcu.externaltools.gnu-tools-for-stm32.7-2018-q2-update.macos64_1.4.0.202007081208/tools/bin/../lib/gcc/arm-none-eabi/7.3.1/thumb/v7e-m/fpv4-sp/hard/crtbegin.o
                0x00000000200001f8                . = ALIGN (0x4)

.bss            0x00000000200001f8      0x490 load address 0x000000000800a78c
                0x00000000200001f8                _sbss = .
                0x00000000200001f8                __bss_start__ = _sbss
 *(.bss)
 .bss           0x00000000200001f8       0x1c /Applications/STM32CubeIDE.app/Contents/Eclipse/plugins/com.st.stm32cube.ide.mcu.externaltools.gnu-tools-for-stm32.7-2018-q2-update.macos64_1.4.0.202007081208/tools/bin/../lib/gcc/arm-none-eabi/7.3.1/thumb/v7e-m/fpv4-sp/hard/crtbegin.o
 *(.bss*)
 .bss.serialInterruptBuffer
                0x0000000020000214        0x1 Core/Src/main.o
 *fill*         0x0000000020000215        0x3 
 .bss.serialFillIndex
                0x0000000020000218        0x4 Core/Src/main.o
 .bss.serialDrainIndex
                0x000000002000021c        0x4 Core/Src/main.o
 .bss.serialOverruns
                0x0000000020000220        0x4 Core/Src/main.o
 .bss.serialBuffer
                0x0000000020000224      0x200 Core/Src/main.o
 .bss.uart1Initialized
                0x0000000020000424        0x1 Core/Src/main.o
                0x0000000020000424                uart1Initialized
 *fill*         0x0000000020000425        0x3 
 .bss.heap_end.6424
                0x0000000020000428        0x4 Core/Src/sysmem.o
 .bss.global_error
                0x000000002000042c        0x8 note-c/n_cjson.o
 .bss.hookDebugOutput
                0x0000000020000434        0x4 note-c/n_hooks.o
                0x0000000020000434                hookDebugOutput
 .bss.hookLockNote
                0x0000000020000438        0x4 note-c/n_hooks.o
                0x0000000020000438                hookLockNote
 .bss.hookUnlockNote
                0x000000002000043c        0x4 note-c/n_hooks.o
                0x000000002000043c                hookUnlockNote
 .bss.hookMalloc
                0x0000000020000440        0x4 note-c/n_hooks.o
                0x0000000020000440                hookMalloc
 .bss.hookFree  0x0000000020000444        0x4 note-c/n_hooks.o
                0x0000000020000444                hookFree
 .bss.hookDelayMs
                0x0000000020000448        0x4 note-c/n_hooks.o
                0x0000000020000448                hookDelayMs
 .bss.hookGetMs
                0x000000002000044c        0x4 note-c/n_hooks.o
                0x000000002000044c                hookGetMs
 .bss.hookActiveInterface
                0x0000000020000450        0x4 note-c/n_hooks.o
                0x0000000020000450                hookActiveInterface
 .bss.hookSerialReset
                0x0000000020000454        0x4 note-c/n_hooks.o
                0x0000000020000454                hookSerialReset
 .bss.hookSerialTransmit
                0x0000000020000458        0x4 note-c/n_hooks.o
                0x0000000020000458                hookSerialTransmit
 .bss.hookSerialAvailable
                0x000000002000045c        0x4 note-c/n_hooks.o
                0x000000002000045c                hookSerialAvailable
 .bss.hookSerialReceive
                0x0000000020000460        0x4 note-c/n_hooks.o
                0x0000000020000460                hookSerialReceive
 .bss.notecardReset
                0x0000000020000464        0x4 note-c/n_hooks.o
 .bss.notecardTransaction
                0x0000000020000468        0x4 note-c/n_hooks.o
 .bss.suppressShowTransactions
                0x000000002000046c        0x4 note-c/n_request.o
 .bss.__malloc_free_list
                0x0000000020000470        0x4 /Applications/STM32CubeIDE.app/Contents/Eclipse/plugins/com.st.stm32cube.ide.mcu.externaltools.gnu-tools-for-stm32.7-2018-q2-update.macos64_1.4.0.202007081208/tools/bin/../lib/gcc/arm-none-eabi/7.3.1/../../../../arm-none-eabi/lib/thumb/v7e-m/fpv4-sp/hard/libc_nano.a(lib_a-nano-mallocr.o)
                0x0000000020000470                __malloc_free_list
 .bss.__malloc_sbrk_start
                0x0000000020000474        0x4 /Applications/STM32CubeIDE.app/Contents/Eclipse/plugins/com.st.stm32cube.ide.mcu.externaltools.gnu-tools-for-stm32.7-2018-q2-update.macos64_1.4.0.202007081208/tools/bin/../lib/gcc/arm-none-eabi/7.3.1/../../../../arm-none-eabi/lib/thumb/v7e-m/fpv4-sp/hard/libc_nano.a(lib_a-nano-mallocr.o)
                0x0000000020000474                __malloc_sbrk_start
 *(COMMON)
 COMMON         0x0000000020000478      0x208 Core/Src/main.o
                0x0000000020000478                i2c_reading_buf
                0x00000000200004dc                hi2c1
                0x0000000020000528                gas_sensor
                0x0000000020000580                huart1
                0x0000000020000600                huart2
 COMMON         0x0000000020000680        0x4 Drivers/STM32L4xx_HAL_Driver/Src/stm32l4xx_hal.o
                0x0000000020000680                uwTick
 COMMON         0x0000000020000684        0x4 /Applications/STM32CubeIDE.app/Contents/Eclipse/plugins/com.st.stm32cube.ide.mcu.externaltools.gnu-tools-for-stm32.7-2018-q2-update.macos64_1.4.0.202007081208/tools/bin/../lib/gcc/arm-none-eabi/7.3.1/../../../../arm-none-eabi/lib/thumb/v7e-m/fpv4-sp/hard/libc_nano.a(lib_a-reent.o)
                0x0000000020000684                errno
                0x0000000020000688                . = ALIGN (0x4)
                0x0000000020000688                _ebss = .
                0x0000000020000688                __bss_end__ = _ebss

._user_heap_stack
                0x0000000020000688      0x600 load address 0x000000000800a78c
                0x0000000020000688                . = ALIGN (0x8)
                0x0000000020000688                PROVIDE (end = .)
                [!provide]                        PROVIDE (_end = .)
                0x0000000020000888                . = (. + _Min_Heap_Size)
 *fill*         0x0000000020000688      0x200 
                0x0000000020000c88                . = (. + _Min_Stack_Size)
 *fill*         0x0000000020000888      0x400 
                0x0000000020000c88                . = ALIGN (0x8)

/DISCARD/
 libc.a(*)
 libm.a(*)
 libgcc.a(*)

.ARM.attributes
                0x0000000000000000       0x30
 *(.ARM.attributes)
 .ARM.attributes
                0x0000000000000000       0x22 /Applications/STM32CubeIDE.app/Contents/Eclipse/plugins/com.st.stm32cube.ide.mcu.externaltools.gnu-tools-for-stm32.7-2018-q2-update.macos64_1.4.0.202007081208/tools/bin/../lib/gcc/arm-none-eabi/7.3.1/thumb/v7e-m/fpv4-sp/hard/crti.o
 .ARM.attributes
                0x0000000000000022       0x34 /Applications/STM32CubeIDE.app/Contents/Eclipse/plugins/com.st.stm32cube.ide.mcu.externaltools.gnu-tools-for-stm32.7-2018-q2-update.macos64_1.4.0.202007081208/tools/bin/../lib/gcc/arm-none-eabi/7.3.1/thumb/v7e-m/fpv4-sp/hard/crtbegin.o
 .ARM.attributes
                0x0000000000000056       0x39 BME680_driver/bme680.o
 .ARM.attributes
                0x000000000000008f       0x39 Core/Src/main.o
 .ARM.attributes
                0x00000000000000c8       0x39 Core/Src/stm32l4xx_hal_msp.o
 .ARM.attributes
                0x0000000000000101       0x39 Core/Src/stm32l4xx_it.o
 .ARM.attributes
                0x000000000000013a       0x39 Core/Src/sysmem.o
 .ARM.attributes
                0x0000000000000173       0x39 Core/Src/system_stm32l4xx.o
 .ARM.attributes
                0x00000000000001ac       0x21 Core/Startup/startup_stm32l432kcux.o
 .ARM.attributes
                0x00000000000001cd       0x39 Drivers/STM32L4xx_HAL_Driver/Src/stm32l4xx_hal.o
 .ARM.attributes
                0x0000000000000206       0x39 Drivers/STM32L4xx_HAL_Driver/Src/stm32l4xx_hal_cortex.o
 .ARM.attributes
                0x000000000000023f       0x39 Drivers/STM32L4xx_HAL_Driver/Src/stm32l4xx_hal_dma.o
 .ARM.attributes
                0x0000000000000278       0x39 Drivers/STM32L4xx_HAL_Driver/Src/stm32l4xx_hal_gpio.o
 .ARM.attributes
                0x00000000000002b1       0x39 Drivers/STM32L4xx_HAL_Driver/Src/stm32l4xx_hal_i2c.o
 .ARM.attributes
                0x00000000000002ea       0x39 Drivers/STM32L4xx_HAL_Driver/Src/stm32l4xx_hal_i2c_ex.o
 .ARM.attributes
                0x0000000000000323       0x39 Drivers/STM32L4xx_HAL_Driver/Src/stm32l4xx_hal_pwr.o
 .ARM.attributes
                0x000000000000035c       0x39 Drivers/STM32L4xx_HAL_Driver/Src/stm32l4xx_hal_pwr_ex.o
 .ARM.attributes
                0x0000000000000395       0x39 Drivers/STM32L4xx_HAL_Driver/Src/stm32l4xx_hal_rcc.o
 .ARM.attributes
                0x00000000000003ce       0x39 Drivers/STM32L4xx_HAL_Driver/Src/stm32l4xx_hal_rcc_ex.o
 .ARM.attributes
                0x0000000000000407       0x39 Drivers/STM32L4xx_HAL_Driver/Src/stm32l4xx_hal_uart.o
 .ARM.attributes
                0x0000000000000440       0x39 Drivers/STM32L4xx_HAL_Driver/Src/stm32l4xx_hal_uart_ex.o
 .ARM.attributes
                0x0000000000000479       0x39 note-c/n_atof.o
 .ARM.attributes
                0x00000000000004b2       0x39 note-c/n_cjson.o
 .ARM.attributes
                0x00000000000004eb       0x39 note-c/n_cjson_helpers.o
 .ARM.attributes
                0x0000000000000524       0x39 note-c/n_const.o
 .ARM.attributes
                0x000000000000055d       0x39 note-c/n_ftoa.o
 .ARM.attributes
                0x0000000000000596       0x39 note-c/n_hooks.o
 .ARM.attributes
                0x00000000000005cf       0x39 note-c/n_request.o
 .ARM.attributes
                0x0000000000000608       0x39 note-c/n_serial.o
 .ARM.attributes
                0x0000000000000641       0x34 /Applications/STM32CubeIDE.app/Contents/Eclipse/plugins/com.st.stm32cube.ide.mcu.externaltools.gnu-tools-for-stm32.7-2018-q2-update.macos64_1.4.0.202007081208/tools/bin/../lib/gcc/arm-none-eabi/7.3.1/../../../../arm-none-eabi/lib/thumb/v7e-m/fpv4-sp/hard/libc_nano.a(lib_a-errno.o)
 .ARM.attributes
                0x0000000000000675       0x34 /Applications/STM32CubeIDE.app/Contents/Eclipse/plugins/com.st.stm32cube.ide.mcu.externaltools.gnu-tools-for-stm32.7-2018-q2-update.macos64_1.4.0.202007081208/tools/bin/../lib/gcc/arm-none-eabi/7.3.1/../../../../arm-none-eabi/lib/thumb/v7e-m/fpv4-sp/hard/libc_nano.a(lib_a-impure.o)
 .ARM.attributes
                0x00000000000006a9       0x34 /Applications/STM32CubeIDE.app/Contents/Eclipse/plugins/com.st.stm32cube.ide.mcu.externaltools.gnu-tools-for-stm32.7-2018-q2-update.macos64_1.4.0.202007081208/tools/bin/../lib/gcc/arm-none-eabi/7.3.1/../../../../arm-none-eabi/lib/thumb/v7e-m/fpv4-sp/hard/libc_nano.a(lib_a-init.o)
 .ARM.attributes
                0x00000000000006dd       0x34 /Applications/STM32CubeIDE.app/Contents/Eclipse/plugins/com.st.stm32cube.ide.mcu.externaltools.gnu-tools-for-stm32.7-2018-q2-update.macos64_1.4.0.202007081208/tools/bin/../lib/gcc/arm-none-eabi/7.3.1/../../../../arm-none-eabi/lib/thumb/v7e-m/fpv4-sp/hard/libc_nano.a(lib_a-locale.o)
 .ARM.attributes
                0x0000000000000711       0x34 /Applications/STM32CubeIDE.app/Contents/Eclipse/plugins/com.st.stm32cube.ide.mcu.externaltools.gnu-tools-for-stm32.7-2018-q2-update.macos64_1.4.0.202007081208/tools/bin/../lib/gcc/arm-none-eabi/7.3.1/../../../../arm-none-eabi/lib/thumb/v7e-m/fpv4-sp/hard/libc_nano.a(lib_a-malloc.o)
 .ARM.attributes
                0x0000000000000745       0x34 /Applications/STM32CubeIDE.app/Contents/Eclipse/plugins/com.st.stm32cube.ide.mcu.externaltools.gnu-tools-for-stm32.7-2018-q2-update.macos64_1.4.0.202007081208/tools/bin/../lib/gcc/arm-none-eabi/7.3.1/../../../../arm-none-eabi/lib/thumb/v7e-m/fpv4-sp/hard/libc_nano.a(lib_a-mbtowc_r.o)
 .ARM.attributes
                0x0000000000000779       0x34 /Applications/STM32CubeIDE.app/Contents/Eclipse/plugins/com.st.stm32cube.ide.mcu.externaltools.gnu-tools-for-stm32.7-2018-q2-update.macos64_1.4.0.202007081208/tools/bin/../lib/gcc/arm-none-eabi/7.3.1/../../../../arm-none-eabi/lib/thumb/v7e-m/fpv4-sp/hard/libc_nano.a(lib_a-memcpy-stub.o)
 .ARM.attributes
                0x00000000000007ad       0x34 /Applications/STM32CubeIDE.app/Contents/Eclipse/plugins/com.st.stm32cube.ide.mcu.externaltools.gnu-tools-for-stm32.7-2018-q2-update.macos64_1.4.0.202007081208/tools/bin/../lib/gcc/arm-none-eabi/7.3.1/../../../../arm-none-eabi/lib/thumb/v7e-m/fpv4-sp/hard/libc_nano.a(lib_a-memmove.o)
 .ARM.attributes
                0x00000000000007e1       0x34 /Applications/STM32CubeIDE.app/Contents/Eclipse/plugins/com.st.stm32cube.ide.mcu.externaltools.gnu-tools-for-stm32.7-2018-q2-update.macos64_1.4.0.202007081208/tools/bin/../lib/gcc/arm-none-eabi/7.3.1/../../../../arm-none-eabi/lib/thumb/v7e-m/fpv4-sp/hard/libc_nano.a(lib_a-memset.o)
 .ARM.attributes
                0x0000000000000815       0x34 /Applications/STM32CubeIDE.app/Contents/Eclipse/plugins/com.st.stm32cube.ide.mcu.externaltools.gnu-tools-for-stm32.7-2018-q2-update.macos64_1.4.0.202007081208/tools/bin/../lib/gcc/arm-none-eabi/7.3.1/../../../../arm-none-eabi/lib/thumb/v7e-m/fpv4-sp/hard/libc_nano.a(lib_a-nano-freer.o)
 .ARM.attributes
                0x0000000000000849       0x34 /Applications/STM32CubeIDE.app/Contents/Eclipse/plugins/com.st.stm32cube.ide.mcu.externaltools.gnu-tools-for-stm32.7-2018-q2-update.macos64_1.4.0.202007081208/tools/bin/../lib/gcc/arm-none-eabi/7.3.1/../../../../arm-none-eabi/lib/thumb/v7e-m/fpv4-sp/hard/libc_nano.a(lib_a-nano-mallocr.o)
 .ARM.attributes
                0x000000000000087d       0x34 /Applications/STM32CubeIDE.app/Contents/Eclipse/plugins/com.st.stm32cube.ide.mcu.externaltools.gnu-tools-for-stm32.7-2018-q2-update.macos64_1.4.0.202007081208/tools/bin/../lib/gcc/arm-none-eabi/7.3.1/../../../../arm-none-eabi/lib/thumb/v7e-m/fpv4-sp/hard/libc_nano.a(lib_a-sbrkr.o)
 .ARM.attributes
                0x00000000000008b1       0x34 /Applications/STM32CubeIDE.app/Contents/Eclipse/plugins/com.st.stm32cube.ide.mcu.externaltools.gnu-tools-for-stm32.7-2018-q2-update.macos64_1.4.0.202007081208/tools/bin/../lib/gcc/arm-none-eabi/7.3.1/../../../../arm-none-eabi/lib/thumb/v7e-m/fpv4-sp/hard/libc_nano.a(lib_a-sprintf.o)
 .ARM.attributes
                0x00000000000008e5       0x34 /Applications/STM32CubeIDE.app/Contents/Eclipse/plugins/com.st.stm32cube.ide.mcu.externaltools.gnu-tools-for-stm32.7-2018-q2-update.macos64_1.4.0.202007081208/tools/bin/../lib/gcc/arm-none-eabi/7.3.1/../../../../arm-none-eabi/lib/thumb/v7e-m/fpv4-sp/hard/libc_nano.a(lib_a-strchr.o)
 .ARM.attributes
                0x0000000000000919       0x20 /Applications/STM32CubeIDE.app/Contents/Eclipse/plugins/com.st.stm32cube.ide.mcu.externaltools.gnu-tools-for-stm32.7-2018-q2-update.macos64_1.4.0.202007081208/tools/bin/../lib/gcc/arm-none-eabi/7.3.1/../../../../arm-none-eabi/lib/thumb/v7e-m/fpv4-sp/hard/libc_nano.a(lib_a-strcmp.o)
 .ARM.attributes
                0x0000000000000939       0x34 /Applications/STM32CubeIDE.app/Contents/Eclipse/plugins/com.st.stm32cube.ide.mcu.externaltools.gnu-tools-for-stm32.7-2018-q2-update.macos64_1.4.0.202007081208/tools/bin/../lib/gcc/arm-none-eabi/7.3.1/../../../../arm-none-eabi/lib/thumb/v7e-m/fpv4-sp/hard/libc_nano.a(lib_a-strcpy.o)
 .ARM.attributes
                0x000000000000096d       0x1b /Applications/STM32CubeIDE.app/Contents/Eclipse/plugins/com.st.stm32cube.ide.mcu.externaltools.gnu-tools-for-stm32.7-2018-q2-update.macos64_1.4.0.202007081208/tools/bin/../lib/gcc/arm-none-eabi/7.3.1/../../../../arm-none-eabi/lib/thumb/v7e-m/fpv4-sp/hard/libc_nano.a(lib_a-strlen.o)
 .ARM.attributes
                0x0000000000000988       0x34 /Applications/STM32CubeIDE.app/Contents/Eclipse/plugins/com.st.stm32cube.ide.mcu.externaltools.gnu-tools-for-stm32.7-2018-q2-update.macos64_1.4.0.202007081208/tools/bin/../lib/gcc/arm-none-eabi/7.3.1/../../../../arm-none-eabi/lib/thumb/v7e-m/fpv4-sp/hard/libc_nano.a(lib_a-strncmp.o)
 .ARM.attributes
                0x00000000000009bc       0x34 /Applications/STM32CubeIDE.app/Contents/Eclipse/plugins/com.st.stm32cube.ide.mcu.externaltools.gnu-tools-for-stm32.7-2018-q2-update.macos64_1.4.0.202007081208/tools/bin/../lib/gcc/arm-none-eabi/7.3.1/../../../../arm-none-eabi/lib/thumb/v7e-m/fpv4-sp/hard/libc_nano.a(lib_a-wctomb_r.o)
 .ARM.attributes
                0x00000000000009f0       0x34 /Applications/STM32CubeIDE.app/Contents/Eclipse/plugins/com.st.stm32cube.ide.mcu.externaltools.gnu-tools-for-stm32.7-2018-q2-update.macos64_1.4.0.202007081208/tools/bin/../lib/gcc/arm-none-eabi/7.3.1/../../../../arm-none-eabi/lib/thumb/v7e-m/fpv4-sp/hard/libc_nano.a(lib_a-ctype_.o)
 .ARM.attributes
                0x0000000000000a24       0x34 /Applications/STM32CubeIDE.app/Contents/Eclipse/plugins/com.st.stm32cube.ide.mcu.externaltools.gnu-tools-for-stm32.7-2018-q2-update.macos64_1.4.0.202007081208/tools/bin/../lib/gcc/arm-none-eabi/7.3.1/../../../../arm-none-eabi/lib/thumb/v7e-m/fpv4-sp/hard/libc_nano.a(lib_a-mlock.o)
 .ARM.attributes
                0x0000000000000a58       0x34 /Applications/STM32CubeIDE.app/Contents/Eclipse/plugins/com.st.stm32cube.ide.mcu.externaltools.gnu-tools-for-stm32.7-2018-q2-update.macos64_1.4.0.202007081208/tools/bin/../lib/gcc/arm-none-eabi/7.3.1/../../../../arm-none-eabi/lib/thumb/v7e-m/fpv4-sp/hard/libc_nano.a(lib_a-nano-svfprintf.o)
 .ARM.attributes
                0x0000000000000a8c       0x34 /Applications/STM32CubeIDE.app/Contents/Eclipse/plugins/com.st.stm32cube.ide.mcu.externaltools.gnu-tools-for-stm32.7-2018-q2-update.macos64_1.4.0.202007081208/tools/bin/../lib/gcc/arm-none-eabi/7.3.1/../../../../arm-none-eabi/lib/thumb/v7e-m/fpv4-sp/hard/libc_nano.a(lib_a-nano-vfprintf_i.o)
 .ARM.attributes
                0x0000000000000ac0       0x34 /Applications/STM32CubeIDE.app/Contents/Eclipse/plugins/com.st.stm32cube.ide.mcu.externaltools.gnu-tools-for-stm32.7-2018-q2-update.macos64_1.4.0.202007081208/tools/bin/../lib/gcc/arm-none-eabi/7.3.1/../../../../arm-none-eabi/lib/thumb/v7e-m/fpv4-sp/hard/libc_nano.a(lib_a-reent.o)
 .ARM.attributes
                0x0000000000000af4       0x20 /Applications/STM32CubeIDE.app/Contents/Eclipse/plugins/com.st.stm32cube.ide.mcu.externaltools.gnu-tools-for-stm32.7-2018-q2-update.macos64_1.4.0.202007081208/tools/bin/../lib/gcc/arm-none-eabi/7.3.1/../../../../arm-none-eabi/lib/thumb/v7e-m/fpv4-sp/hard/libc_nano.a(lib_a-memchr.o)
 .ARM.attributes
                0x0000000000000b14       0x34 /Applications/STM32CubeIDE.app/Contents/Eclipse/plugins/com.st.stm32cube.ide.mcu.externaltools.gnu-tools-for-stm32.7-2018-q2-update.macos64_1.4.0.202007081208/tools/bin/../lib/gcc/arm-none-eabi/7.3.1/../../../../arm-none-eabi/lib/thumb/v7e-m/fpv4-sp/hard/libc_nano.a(lib_a-nano-reallocr.o)
 .ARM.attributes
                0x0000000000000b48       0x34 /Applications/STM32CubeIDE.app/Contents/Eclipse/plugins/com.st.stm32cube.ide.mcu.externaltools.gnu-tools-for-stm32.7-2018-q2-update.macos64_1.4.0.202007081208/tools/bin/../lib/gcc/arm-none-eabi/7.3.1/../../../../arm-none-eabi/lib/thumb/v7e-m/fpv4-sp/hard/libc_nano.a(lib_a-nano-msizer.o)
 .ARM.attributes
                0x0000000000000b7c       0x22 /Applications/STM32CubeIDE.app/Contents/Eclipse/plugins/com.st.stm32cube.ide.mcu.externaltools.gnu-tools-for-stm32.7-2018-q2-update.macos64_1.4.0.202007081208/tools/bin/../lib/gcc/arm-none-eabi/7.3.1/thumb/v7e-m/fpv4-sp/hard/libgcc.a(_arm_addsubdf3.o)
 .ARM.attributes
                0x0000000000000b9e       0x22 /Applications/STM32CubeIDE.app/Contents/Eclipse/plugins/com.st.stm32cube.ide.mcu.externaltools.gnu-tools-for-stm32.7-2018-q2-update.macos64_1.4.0.202007081208/tools/bin/../lib/gcc/arm-none-eabi/7.3.1/thumb/v7e-m/fpv4-sp/hard/libgcc.a(_arm_muldivdf3.o)
 .ARM.attributes
                0x0000000000000bc0       0x22 /Applications/STM32CubeIDE.app/Contents/Eclipse/plugins/com.st.stm32cube.ide.mcu.externaltools.gnu-tools-for-stm32.7-2018-q2-update.macos64_1.4.0.202007081208/tools/bin/../lib/gcc/arm-none-eabi/7.3.1/thumb/v7e-m/fpv4-sp/hard/libgcc.a(_arm_cmpdf2.o)
 .ARM.attributes
                0x0000000000000be2       0x22 /Applications/STM32CubeIDE.app/Contents/Eclipse/plugins/com.st.stm32cube.ide.mcu.externaltools.gnu-tools-for-stm32.7-2018-q2-update.macos64_1.4.0.202007081208/tools/bin/../lib/gcc/arm-none-eabi/7.3.1/thumb/v7e-m/fpv4-sp/hard/libgcc.a(_arm_fixdfsi.o)
 .ARM.attributes
                0x0000000000000c04       0x22 /Applications/STM32CubeIDE.app/Contents/Eclipse/plugins/com.st.stm32cube.ide.mcu.externaltools.gnu-tools-for-stm32.7-2018-q2-update.macos64_1.4.0.202007081208/tools/bin/../lib/gcc/arm-none-eabi/7.3.1/thumb/v7e-m/fpv4-sp/hard/libgcc.a(_aeabi_ldivmod.o)
 .ARM.attributes
                0x0000000000000c26       0x22 /Applications/STM32CubeIDE.app/Contents/Eclipse/plugins/com.st.stm32cube.ide.mcu.externaltools.gnu-tools-for-stm32.7-2018-q2-update.macos64_1.4.0.202007081208/tools/bin/../lib/gcc/arm-none-eabi/7.3.1/thumb/v7e-m/fpv4-sp/hard/libgcc.a(_aeabi_uldivmod.o)
 .ARM.attributes
                0x0000000000000c48       0x34 /Applications/STM32CubeIDE.app/Contents/Eclipse/plugins/com.st.stm32cube.ide.mcu.externaltools.gnu-tools-for-stm32.7-2018-q2-update.macos64_1.4.0.202007081208/tools/bin/../lib/gcc/arm-none-eabi/7.3.1/thumb/v7e-m/fpv4-sp/hard/libgcc.a(_udivmoddi4.o)
 .ARM.attributes
                0x0000000000000c7c       0x22 /Applications/STM32CubeIDE.app/Contents/Eclipse/plugins/com.st.stm32cube.ide.mcu.externaltools.gnu-tools-for-stm32.7-2018-q2-update.macos64_1.4.0.202007081208/tools/bin/../lib/gcc/arm-none-eabi/7.3.1/thumb/v7e-m/fpv4-sp/hard/libgcc.a(_dvmd_tls.o)
 .ARM.attributes
                0x0000000000000c9e       0x22 /Applications/STM32CubeIDE.app/Contents/Eclipse/plugins/com.st.stm32cube.ide.mcu.externaltools.gnu-tools-for-stm32.7-2018-q2-update.macos64_1.4.0.202007081208/tools/bin/../lib/gcc/arm-none-eabi/7.3.1/thumb/v7e-m/fpv4-sp/hard/crtn.o
OUTPUT(stm32-with-library.elf elf32-littlearm)

.debug_info     0x0000000000000000    0x1819a
 .debug_info    0x0000000000000000      0xfdd BME680_driver/bme680.o
 .debug_info    0x0000000000000fdd     0x2165 Core/Src/main.o
 .debug_info    0x0000000000003142     0x10bc Core/Src/stm32l4xx_hal_msp.o
 .debug_info    0x00000000000041fe      0x843 Core/Src/stm32l4xx_it.o
 .debug_info    0x0000000000004a41      0x91c Core/Src/sysmem.o
 .debug_info    0x000000000000535d      0x703 Core/Src/system_stm32l4xx.o
 .debug_info    0x0000000000005a60       0x22 Core/Startup/startup_stm32l432kcux.o
 .debug_info    0x0000000000005a82      0xa91 Drivers/STM32L4xx_HAL_Driver/Src/stm32l4xx_hal.o
 .debug_info    0x0000000000006513      0xebe Drivers/STM32L4xx_HAL_Driver/Src/stm32l4xx_hal_cortex.o
 .debug_info    0x00000000000073d1      0x8c1 Drivers/STM32L4xx_HAL_Driver/Src/stm32l4xx_hal_dma.o
 .debug_info    0x0000000000007c92      0x982 Drivers/STM32L4xx_HAL_Driver/Src/stm32l4xx_hal_gpio.o
 .debug_info    0x0000000000008614     0x20dc Drivers/STM32L4xx_HAL_Driver/Src/stm32l4xx_hal_i2c.o
 .debug_info    0x000000000000a6f0      0xb4e Drivers/STM32L4xx_HAL_Driver/Src/stm32l4xx_hal_i2c_ex.o
 .debug_info    0x000000000000b23e      0xa6d Drivers/STM32L4xx_HAL_Driver/Src/stm32l4xx_hal_pwr.o
 .debug_info    0x000000000000bcab      0xaaa Drivers/STM32L4xx_HAL_Driver/Src/stm32l4xx_hal_pwr_ex.o
 .debug_info    0x000000000000c755      0xcad Drivers/STM32L4xx_HAL_Driver/Src/stm32l4xx_hal_rcc.o
 .debug_info    0x000000000000d402      0xfce Drivers/STM32L4xx_HAL_Driver/Src/stm32l4xx_hal_rcc_ex.o
 .debug_info    0x000000000000e3d0     0x181b Drivers/STM32L4xx_HAL_Driver/Src/stm32l4xx_hal_uart.o
 .debug_info    0x000000000000fbeb      0xa06 Drivers/STM32L4xx_HAL_Driver/Src/stm32l4xx_hal_uart_ex.o
 .debug_info    0x00000000000105f1      0xa4b note-c/n_atof.o
 .debug_info    0x000000000001103c     0x28d3 note-c/n_cjson.o
 .debug_info    0x000000000001390f      0xcfb note-c/n_cjson_helpers.o
 .debug_info    0x000000000001460a      0x97f note-c/n_const.o
 .debug_info    0x0000000000014f89      0xa0d note-c/n_ftoa.o
 .debug_info    0x0000000000015996     0x1178 note-c/n_hooks.o
 .debug_info    0x0000000000016b0e      0xc19 note-c/n_request.o
 .debug_info    0x0000000000017727      0xa73 note-c/n_serial.o

.debug_abbrev   0x0000000000000000     0x3406
 .debug_abbrev  0x0000000000000000      0x187 BME680_driver/bme680.o
 .debug_abbrev  0x0000000000000187      0x344 Core/Src/main.o
 .debug_abbrev  0x00000000000004cb      0x1a0 Core/Src/stm32l4xx_hal_msp.o
 .debug_abbrev  0x000000000000066b      0x149 Core/Src/stm32l4xx_it.o
 .debug_abbrev  0x00000000000007b4      0x1bb Core/Src/sysmem.o
 .debug_abbrev  0x000000000000096f      0x150 Core/Src/system_stm32l4xx.o
 .debug_abbrev  0x0000000000000abf       0x12 Core/Startup/startup_stm32l432kcux.o
 .debug_abbrev  0x0000000000000ad1      0x1e1 Drivers/STM32L4xx_HAL_Driver/Src/stm32l4xx_hal.o
 .debug_abbrev  0x0000000000000cb2      0x2fa Drivers/STM32L4xx_HAL_Driver/Src/stm32l4xx_hal_cortex.o
 .debug_abbrev  0x0000000000000fac      0x1d9 Drivers/STM32L4xx_HAL_Driver/Src/stm32l4xx_hal_dma.o
 .debug_abbrev  0x0000000000001185      0x1c0 Drivers/STM32L4xx_HAL_Driver/Src/stm32l4xx_hal_gpio.o
 .debug_abbrev  0x0000000000001345      0x22a Drivers/STM32L4xx_HAL_Driver/Src/stm32l4xx_hal_i2c.o
 .debug_abbrev  0x000000000000156f      0x1b9 Drivers/STM32L4xx_HAL_Driver/Src/stm32l4xx_hal_i2c_ex.o
 .debug_abbrev  0x0000000000001728      0x18b Drivers/STM32L4xx_HAL_Driver/Src/stm32l4xx_hal_pwr.o
 .debug_abbrev  0x00000000000018b3      0x1cb Drivers/STM32L4xx_HAL_Driver/Src/stm32l4xx_hal_pwr_ex.o
 .debug_abbrev  0x0000000000001a7e      0x245 Drivers/STM32L4xx_HAL_Driver/Src/stm32l4xx_hal_rcc.o
 .debug_abbrev  0x0000000000001cc3      0x238 Drivers/STM32L4xx_HAL_Driver/Src/stm32l4xx_hal_rcc_ex.o
 .debug_abbrev  0x0000000000001efb      0x205 Drivers/STM32L4xx_HAL_Driver/Src/stm32l4xx_hal_uart.o
 .debug_abbrev  0x0000000000002100      0x1e2 Drivers/STM32L4xx_HAL_Driver/Src/stm32l4xx_hal_uart_ex.o
 .debug_abbrev  0x00000000000022e2      0x1c9 note-c/n_atof.o
 .debug_abbrev  0x00000000000024ab      0x3c7 note-c/n_cjson.o
 .debug_abbrev  0x0000000000002872      0x1fc note-c/n_cjson_helpers.o
 .debug_abbrev  0x0000000000002a6e      0x165 note-c/n_const.o
 .debug_abbrev  0x0000000000002bd3      0x1bb note-c/n_ftoa.o
 .debug_abbrev  0x0000000000002d8e      0x272 note-c/n_hooks.o
 .debug_abbrev  0x0000000000003000      0x24f note-c/n_request.o
 .debug_abbrev  0x000000000000324f      0x1b7 note-c/n_serial.o

.debug_aranges  0x0000000000000000     0x13d0
 .debug_aranges
                0x0000000000000000       0xe0 BME680_driver/bme680.o
 .debug_aranges
                0x00000000000000e0       0xa8 Core/Src/main.o
 .debug_aranges
                0x0000000000000188       0x40 Core/Src/stm32l4xx_hal_msp.o
 .debug_aranges
                0x00000000000001c8       0x68 Core/Src/stm32l4xx_it.o
 .debug_aranges
                0x0000000000000230       0x20 Core/Src/sysmem.o
 .debug_aranges
                0x0000000000000250       0x28 Core/Src/system_stm32l4xx.o
 .debug_aranges
                0x0000000000000278       0x28 Core/Startup/startup_stm32l432kcux.o
 .debug_aranges
                0x00000000000002a0      0x108 Drivers/STM32L4xx_HAL_Driver/Src/stm32l4xx_hal.o
 .debug_aranges
                0x00000000000003a8      0x118 Drivers/STM32L4xx_HAL_Driver/Src/stm32l4xx_hal_cortex.o
 .debug_aranges
                0x00000000000004c0       0x80 Drivers/STM32L4xx_HAL_Driver/Src/stm32l4xx_hal_dma.o
 .debug_aranges
                0x0000000000000540       0x58 Drivers/STM32L4xx_HAL_Driver/Src/stm32l4xx_hal_gpio.o
 .debug_aranges
                0x0000000000000598      0x290 Drivers/STM32L4xx_HAL_Driver/Src/stm32l4xx_hal_i2c.o
 .debug_aranges
                0x0000000000000828       0x48 Drivers/STM32L4xx_HAL_Driver/Src/stm32l4xx_hal_i2c_ex.o
 .debug_aranges