stm32l4xx_hal_sd.c:354:19:HAL_SD_Init	48	static
stm32l4xx_hal_sd.c:480:19:HAL_SD_InitCard	80	static
stm32l4xx_hal_sd.c:588:19:HAL_SD_DeInit	16	static
stm32l4xx_hal_sd.c:645:13:HAL_SD_MspInit	16	static
stm32l4xx_hal_sd.c:660:13:HAL_SD_MspDeInit	16	static
stm32l4xx_hal_sd.c:701:19:HAL_SD_ReadBlocks	80	static
stm32l4xx_hal_sd.c:924:19:HAL_SD_WriteBlocks	80	static
stm32l4xx_hal_sd.c:1118:19:HAL_SD_ReadBlocks_IT	56	static
stm32l4xx_hal_sd.c:1217:19:HAL_SD_WriteBlocks_IT	56	static
stm32l4xx_hal_sd.c:1325:19:HAL_SD_ReadBlocks_DMA	56	static
stm32l4xx_hal_sd.c:1456:19:HAL_SD_WriteBlocks_DMA	56	static
stm32l4xx_hal_sd.c:1594:19:HAL_SD_Erase	40	static
stm32l4xx_hal_sd.c:1696:6:HAL_SD_IRQHandler	24	static
stm32l4xx_hal_sd.c:2005:21:HAL_SD_GetState	16	static
stm32l4xx_hal_sd.c:2016:10:HAL_SD_GetError	16	static
stm32l4xx_hal_sd.c:2026:13:HAL_SD_TxCpltCallback	16	static
stm32l4xx_hal_sd.c:2041:13:HAL_SD_RxCpltCallback	16	static
stm32l4xx_hal_sd.c:2056:13:HAL_SD_ErrorCallback	16	static
stm32l4xx_hal_sd.c:2071:13:HAL_SD_AbortCallback	16	static
stm32l4xx_hal_sd.c:2388:19:HAL_SD_GetCardCID	16	static
stm32l4xx_hal_sd.c:2421:19:HAL_SD_GetCardCSD	16	static
stm32l4xx_hal_sd.c:2535:19:HAL_SD_GetCardStatus	88	static
stm32l4xx_hal_sd.c:2601:19:HAL_SD_GetCardInfo	16	static
stm32l4xx_hal_sd.c:2626:19:HAL_SD_ConfigWideBusOperation	72	static
stm32l4xx_hal_sd.c:2742:19:HAL_SD_ConfigSpeedBusOperation	32	static
stm32l4xx_hal_sd.c:2950:25:HAL_SD_GetCardState	32	static
stm32l4xx_hal_sd.c:2973:19:HAL_SD_Abort	24	static
stm32l4xx_hal_sd.c:3044:19:HAL_SD_Abort_IT	24	static
stm32l4xx_hal_sd.c:3337:17:SD_InitCard	80	static
stm32l4xx_hal_sd.c:3431:17:SD_PowerON	40	static
stm32l4xx_hal_sd.c:3600:13:SD_PowerOFF	16	static
stm32l4xx_hal_sd.c:3613:17:SD_SendSDStatus	56	static
stm32l4xx_hal_sd.c:3727:17:SD_SendStatus	24	static
stm32l4xx_hal_sd.c:3754:17:SD_WideBus_Enable	32	static
stm32l4xx_hal_sd.c:3801:17:SD_WideBus_Disable	32	static
stm32l4xx_hal_sd.c:3850:17:SD_FindSCR	64	static
stm32l4xx_hal_sd.c:3961:13:SD_Read_IT	32	static
stm32l4xx_hal_sd.c:4000:13:SD_Write_IT	32	static
stm32l4xx_hal_sd.c:4042:10:SD_HighSpeed	128	static
stm32l4xx_hal_sd.c:4155:17:SD_UltraHighSpeed	128	static
stm32l4xx_hal_sd.c:4284:17:SD_DDR_Mode	128	static
