stm32l4xx_hal_ospi.c:318:19:HAL_OSPI_Init	32	static
stm32l4xx_hal_ospi.c:451:13:HAL_OSPI_MspInit	16	static
stm32l4xx_hal_ospi.c:466:19:HAL_OSPI_DeInit	24	static
stm32l4xx_hal_ospi.c:509:13:HAL_OSPI_MspDeInit	16	static
stm32l4xx_hal_ospi.c:549:6:HAL_OSPI_IRQHandler	32	static
stm32l4xx_hal_ospi.c:780:19:HAL_OSPI_Command	48	static
stm32l4xx_hal_ospi.c:906:19:HAL_OSPI_Command_IT	32	static
stm32l4xx_hal_ospi.c:996:19:HAL_OSPI_HyperbusCfg	48	static
stm32l4xx_hal_ospi.c:1043:19:HAL_OSPI_HyperbusCmd	40	static
stm32l4xx_hal_ospi.c:1105:19:HAL_OSPI_Transmit	48	static
stm32l4xx_hal_ospi.c:1179:19:HAL_OSPI_Receive	56	static
stm32l4xx_hal_ospi.c:1271:19:HAL_OSPI_Transmit_IT	24	static
stm32l4xx_hal_ospi.c:1321:19:HAL_OSPI_Receive_IT	32	static
stm32l4xx_hal_ospi.c:1394:19:HAL_OSPI_Transmit_DMA	24	static
stm32l4xx_hal_ospi.c:1517:19:HAL_OSPI_Receive_DMA	32	static
stm32l4xx_hal_ospi.c:1657:19:HAL_OSPI_AutoPolling	48	static
stm32l4xx_hal_ospi.c:1736:19:HAL_OSPI_AutoPolling_IT	40	static
stm32l4xx_hal_ospi.c:1811:19:HAL_OSPI_MemoryMapped	32	static
stm32l4xx_hal_ospi.c:1864:13:HAL_OSPI_ErrorCallback	16	static
stm32l4xx_hal_ospi.c:1879:13:HAL_OSPI_AbortCpltCallback	16	static
stm32l4xx_hal_ospi.c:1894:13:HAL_OSPI_FifoThresholdCallback	16	static
stm32l4xx_hal_ospi.c:1909:13:HAL_OSPI_CmdCpltCallback	16	static
stm32l4xx_hal_ospi.c:1924:13:HAL_OSPI_RxCpltCallback	16	static
stm32l4xx_hal_ospi.c:1939:14:HAL_OSPI_TxCpltCallback	16	static
stm32l4xx_hal_ospi.c:1954:13:HAL_OSPI_RxHalfCpltCallback	16	static
stm32l4xx_hal_ospi.c:1969:13:HAL_OSPI_TxHalfCpltCallback	16	static
stm32l4xx_hal_ospi.c:1984:13:HAL_OSPI_StatusMatchCallback	16	static
stm32l4xx_hal_ospi.c:1999:13:HAL_OSPI_TimeOutCallback	16	static
stm32l4xx_hal_ospi.c:2249:19:HAL_OSPI_Abort	40	static
stm32l4xx_hal_ospi.c:2317:19:HAL_OSPI_Abort_IT	24	static
stm32l4xx_hal_ospi.c:2395:19:HAL_OSPI_SetFifoThreshold	24	static
stm32l4xx_hal_ospi.c:2423:10:HAL_OSPI_GetFifoThreshold	16	static
stm32l4xx_hal_ospi.c:2433:19:HAL_OSPI_SetTimeout	16	static
stm32l4xx_hal_ospi.c:2444:10:HAL_OSPI_GetError	16	static
stm32l4xx_hal_ospi.c:2454:10:HAL_OSPI_GetState	16	static
stm32l4xx_hal_ospi.c:2486:19:HAL_OSPIM_Config	88	static
stm32l4xx_hal_ospi.c:2735:13:OSPI_DMACplt	24	static
stm32l4xx_hal_ospi.c:2755:13:OSPI_DMAHalfCplt	24	static
stm32l4xx_hal_ospi.c:2783:13:OSPI_DMAError	24	static
stm32l4xx_hal_ospi.c:2815:13:OSPI_DMAAbortCplt	24	static
stm32l4xx_hal_ospi.c:2872:26:OSPI_WaitFlagStateUntilTimeout	24	static
stm32l4xx_hal_ospi.c:2899:26:OSPI_ConfigCmd	40	static
stm32l4xx_hal_ospi.c:3070:26:OSPIM_GetConfig	32	static
