stm32l4xx_hal_dcmi.c:237:19:HAL_DCMI_Init	16	static
stm32l4xx_hal_dcmi.c:345:19:HAL_DCMI_DeInit	16	static
stm32l4xx_hal_dcmi.c:391:13:HAL_DCMI_MspInit	16	static
stm32l4xx_hal_dcmi.c:407:13:HAL_DCMI_MspDeInit	16	static
stm32l4xx_hal_dcmi.c:467:19:HAL_DCMI_Start_DMA	32	static
stm32l4xx_hal_dcmi.c:588:19:HAL_DCMI_Stop	24	static
stm32l4xx_hal_dcmi.c:643:19:HAL_DCMI_Suspend	24	static
stm32l4xx_hal_dcmi.c:693:19:HAL_DCMI_Resume	16	static
stm32l4xx_hal_dcmi.c:719:6:HAL_DCMI_IRQHandler	24	static
stm32l4xx_hal_dcmi.c:818:13:HAL_DCMI_ErrorCallback	16	static
stm32l4xx_hal_dcmi.c:834:13:HAL_DCMI_LineEventCallback	16	static
stm32l4xx_hal_dcmi.c:850:13:HAL_DCMI_VsyncEventCallback	16	static
stm32l4xx_hal_dcmi.c:866:13:HAL_DCMI_FrameEventCallback	16	static
stm32l4xx_hal_dcmi.c:910:19:HAL_DCMI_ConfigCrop	24	static
stm32l4xx_hal_dcmi.c:943:19:HAL_DCMI_DisableCrop	16	static
stm32l4xx_hal_dcmi.c:969:19:HAL_DCMI_EnableCrop	16	static
stm32l4xx_hal_dcmi.c:997:20:HAL_DCMI_ConfigSyncUnmask	16	static
stm32l4xx_hal_dcmi.c:1049:23:HAL_DCMI_GetState	16	static
stm32l4xx_hal_dcmi.c:1060:10:HAL_DCMI_GetError	16	static
stm32l4xx_hal_dcmi.c:1253:13:DCMI_DMAXferCplt	40	static
stm32l4xx_hal_dcmi.c:1369:13:DCMI_DMAHalfXferCplt	32	static
stm32l4xx_hal_dcmi.c:1430:13:DCMI_DMAError	24	static
stm32l4xx_hal_dcmi.c:1462:17:DCMI_TransferSize	168	static
