main.c:140:5:main	104	static
main.c:287:6:SystemClock_Config	256	static
main.c:362:13:MX_ADC1_Init	48	static
main.c:426:13:MX_DCMI_Init	8	static
main.c:463:13:MX_DFSDM1_Init	8	static
main.c:518:13:MX_I2C1_Init	8	static
main.c:564:13:MX_I2C4_Init	8	static
main.c:612:13:MX_OCTOSPI1_Init	32	static
main.c:662:13:MX_OCTOSPI2_Init	32	static
main.c:711:13:MX_SAI1_Init	8	static
main.c:793:13:MX_SDMMC1_SD_Init	8	static
main.c:825:13:MX_SPI1_Init	8	static
main.c:865:13:MX_SPI2_Init	8	static
main.c:905:13:MX_TIM4_Init	40	static
main.c:957:13:MX_TIM8_Init	40	static
main.c:1007:13:MX_TIM15_Init	40	static
main.c:1056:13:MX_USART2_UART_Init	8	static
main.c:1104:13:MX_USART3_UART_Init	8	static
main.c:1152:13:MX_USB_OTG_FS_PCD_Init	8	static
main.c:1186:13:MX_GPIO_Init	64	static
main.c:1338:8:bme680I2cRead	32	static
main.c:1352:8:bme680I2cWrite	32	static
main.c:1372:6:MX_I2C4_DeInit	8	static
main.c:1384:8:noteDebugSerialOutput	24	static
main.c:1398:14:noteI2CReceive	312	static
main.c:1469:6:noteI2CReset	272	static
main.c:1488:14:noteI2CTransmit	288	static
main.c:1522:6:Error_Handler	4	static
