stm32l4xx_hal_msp.c:64:6:HAL_MspInit	16	static
stm32l4xx_hal_msp.c:86:6:HAL_ADC_MspInit	56	static
stm32l4xx_hal_msp.c:136:6:HAL_ADC_MspDeInit	16	static
stm32l4xx_hal_msp.c:173:6:HAL_DCMI_MspInit	56	static
stm32l4xx_hal_msp.c:237:6:HAL_DCMI_MspDeInit	16	static
stm32l4xx_hal_msp.c:283:6:HAL_DFSDM_ChannelMspInit	56	static
stm32l4xx_hal_msp.c:336:6:HAL_DFSDM_ChannelMspDeInit	16	static
stm32l4xx_hal_msp.c:371:6:HAL_I2C_MspInit	56	static
stm32l4xx_hal_msp.c:431:6:HAL_I2C_MspDeInit	16	static
stm32l4xx_hal_msp.c:484:6:HAL_OSPI_MspInit	80	static
stm32l4xx_hal_msp.c:603:6:HAL_OSPI_MspDeInit	16	static
stm32l4xx_hal_msp.c:677:6:HAL_SD_MspInit	56	static
stm32l4xx_hal_msp.c:745:6:HAL_SD_MspDeInit	16	static
stm32l4xx_hal_msp.c:787:6:HAL_SPI_MspInit	56	static
stm32l4xx_hal_msp.c:859:6:HAL_SPI_MspDeInit	16	static
stm32l4xx_hal_msp.c:911:6:HAL_TIM_IC_MspInit	64	static
stm32l4xx_hal_msp.c:994:6:HAL_TIM_IC_MspDeInit	16	static
stm32l4xx_hal_msp.c:1057:6:HAL_UART_MspInit	56	static
stm32l4xx_hal_msp.c:1119:6:HAL_UART_MspDeInit	16	static
stm32l4xx_hal_msp.c:1168:6:HAL_PCD_MspInit	48	static
stm32l4xx_hal_msp.c:1223:6:HAL_PCD_MspDeInit	24	static
stm32l4xx_hal_msp.c:1261:6:HAL_SAI_MspInit	48	static
stm32l4xx_hal_msp.c:1332:6:HAL_SAI_MspDeInit	16	static
