n_cjson.c:90:30:JGetErrorPtr	4	static
n_cjson.c:95:24:JGetStringValue	16	static
n_cjson.c:108:29:JVersion	4	static
n_cjson.c:114:12:case_insensitive_strcmp	32	static
n_cjson.c:137:23:Jstrdup	24	static
n_cjson.c:158:24:JMalloc	16	static
n_cjson.c:161:22:JFree	16	static
n_cjson.c:166:11:JNew_Item	16	static
n_cjson.c:178:22:JDelete	24	static
n_cjson.c:202:22:get_decimal_point	4	static
n_cjson.c:229:14:parse_number	112	static
n_cjson.c:311:25:JSetNumberHelper	32	static
n_cjson.c:340:23:ensure	24	static
n_cjson.c:412:13:update_offset	32	static
n_cjson.c:425:14:print_number	88	static
n_cjson.c:499:17:parse_hex4	24	static
n_cjson.c:536:22:utf16_literal_to_utf8	48	static
n_cjson.c:657:14:parse_string	48	static
n_cjson.c:786:6:htoa16	24	static
n_cjson.c:802:14:print_string_ptr	40	static
n_cjson.c:927:14:print_string	16	static
n_cjson.c:941:22:buffer_skip_whitespace	16	static
n_cjson.c:962:22:skip_utf8_bom	16	static
n_cjson.c:978:21:JParseWithOpts	56	static
n_cjson.c:1057:21:JParse	16	static
n_cjson.c:1064:23:print	48	static
n_cjson.c:1117:24:JPrint	16	static
n_cjson.c:1122:24:JPrintUnformatted	16	static
n_cjson.c:1127:24:JPrintBuffered	48	static
n_cjson.c:1156:23:JPrintPreallocated	48	static
n_cjson.c:1175:14:parse_value	16	static
n_cjson.c:1230:14:print_value	24	static
n_cjson.c:1304:14:parse_array	32	static
n_cjson.c:1398:14:print_array	32	static
n_cjson.c:1460:14:parse_object	32	static
n_cjson.c:1569:14:print_object	40	static
n_cjson.c:1683:21:JGetArraySize	24	static
n_cjson.c:1706:11:get_array_item	24	static
n_cjson.c:1725:21:JGetArrayItem	16	static
n_cjson.c:1735:11:get_object_item	32	static
n_cjson.c:1763:21:JGetObjectItem	16	static
n_cjson.c:1768:21:JGetObjectItemCaseSensitive	16	static
n_cjson.c:1773:23:JHasObjectItem	16	static
n_cjson.c:1779:13:suffix_object	16	static
n_cjson.c:1786:11:create_reference	24	static
n_cjson.c:1807:14:add_item_to_array	24	static
n_cjson.c:1837:22:JAddItemToArray	16	static
n_cjson.c:1849:14:cast_away_const	16	static
n_cjson.c:1858:14:add_item_to_object	32	static
n_cjson.c:1895:22:JAddItemToObject	24	static
n_cjson.c:1901:22:JAddItemToObjectCS	24	static
n_cjson.c:1906:22:JAddItemReferenceToArray	16	static
n_cjson.c:1916:22:JAddItemReferenceToObject	24	static
n_cjson.c:1926:20:JAddNullToObject	24	static
n_cjson.c:1938:20:JAddTrueToObject	24	static
n_cjson.c:1950:20:JAddFalseToObject	24	static
n_cjson.c:1962:20:JAddBoolToObject	32	static
n_cjson.c:1974:20:JAddNumberToObject	32	static
n_cjson.c:1986:20:JAddStringToObject	32	static
n_cjson.c:1998:20:JAddRawToObject	32	static
n_cjson.c:2010:20:JAddObjectToObject	24	static
n_cjson.c:2022:20:JAddArrayToObject	24	static
n_cjson.c:2034:21:JDetachItemViaPointer	16	static
n_cjson.c:2064:21:JDetachItemFromArray	16	static
n_cjson.c:2074:22:JDeleteItemFromArray	16	static
n_cjson.c:2079:21:JDetachItemFromObject	24	static
n_cjson.c:2086:21:JDetachItemFromObjectCaseSensitive	24	static
n_cjson.c:2093:22:JDeleteItemFromObject	16	static
n_cjson.c:2098:22:JDeleteItemFromObjectCaseSensitive	16	static
n_cjson.c:2104:22:JInsertItemInArray	32	static
n_cjson.c:2133:23:JReplaceItemViaPointer	24	static
n_cjson.c:2168:22:JReplaceItemInArray	24	static
n_cjson.c:2178:14:replace_item_in_object	24	static
n_cjson.c:2198:22:JReplaceItemInObject	24	static
n_cjson.c:2203:22:JReplaceItemInObjectCaseSensitive	24	static
n_cjson.c:2209:21:JCreateNull	16	static
n_cjson.c:2220:21:JCreateTrue	16	static
n_cjson.c:2231:21:JCreateFalse	16	static
n_cjson.c:2242:21:JCreateBool	24	static
n_cjson.c:2253:21:JCreateNumber	32	static
n_cjson.c:2279:21:JCreateString	24	static
n_cjson.c:2296:21:JCreateStringReference	24	static
n_cjson.c:2308:21:JCreateObjectReference	24	static
n_cjson.c:2319:21:JCreateArrayReference	24	static
n_cjson.c:2329:21:JCreateRaw	24	static
n_cjson.c:2346:21:JCreateArray	16	static
n_cjson.c:2357:21:JCreateObject	16	static
n_cjson.c:2369:21:JCreateIntArray	40	static
n_cjson.c:2404:21:JCreateNumberArray	32	static
n_cjson.c:2440:21:JCreateStringArray	32	static
n_cjson.c:2477:21:JDuplicate	40	static
n_cjson.c:2556:22:JMinify	24	static
n_cjson.c:2626:23:JIsInvalid	16	static
n_cjson.c:2636:23:JIsFalse	16	static
n_cjson.c:2646:23:JIsTrue	16	static
n_cjson.c:2657:23:JIsBool	16	static
n_cjson.c:2666:23:JIsNull	16	static
n_cjson.c:2676:23:JIsNumber	16	static
n_cjson.c:2686:23:JIsString	16	static
n_cjson.c:2696:23:JIsArray	16	static
n_cjson.c:2706:23:JIsObject	16	static
n_cjson.c:2716:23:JIsRaw	16	static
n_cjson.c:2726:23:JCompare	48	static
