n_helpers.c:63:6:NoteTimeValid	8	static
n_helpers.c:74:6:NoteTimeValidST	8	static
n_helpers.c:85:7:NoteTime	8	static
n_helpers.c:96:13:setTime	16	static
n_helpers.c:108:6:NotePrintln	16	static
n_helpers.c:120:6:NotePrint	32	static
n_helpers.c:145:6:NotePrintf	272	static
n_helpers.c:162:7:NoteTimeST	96	static
n_helpers.c:223:6:NoteRegion	24	static
n_helpers.c:255:6:NoteLocationValid	16	static
n_helpers.c:271:6:NoteLocationValidST	24	static
n_helpers.c:323:6:NoteSetEnvDefault	24	static
n_helpers.c:342:6:NoteSetEnvDefaultInt	48	static
n_helpers.c:356:6:NoteSetEnvDefaultNumber	56	static
n_helpers.c:370:9:NoteGetEnvNumber	104	static
n_helpers.c:385:5:NoteGetEnvInt	80	static
n_helpers.c:401:6:NoteGetEnv	40	static
n_helpers.c:427:6:NoteIsConnected	8	static
n_helpers.c:438:6:NoteIsConnectedST	16	static
n_helpers.c:458:6:NoteGetNetStatus	24	static
n_helpers.c:480:6:NoteGetVersion	24	static
n_helpers.c:505:6:NoteGetLocation	48	static
n_helpers.c:542:6:NoteSetLocation	32	static
n_helpers.c:560:6:NoteClearLocation	16	static
n_helpers.c:578:6:NoteGetLocationMode	24	static
n_helpers.c:599:6:NoteSetLocationMode	32	static
n_helpers.c:630:6:NoteGetServiceConfig	40	static
n_helpers.c:654:6:NoteGetServiceConfigST	32	static
n_helpers.c:698:6:NoteGetStatus	32	static
n_helpers.c:738:6:NoteGetStatusST	32	static
n_helpers.c:789:6:NoteSleep	112	static
n_helpers.c:825:6:NoteWake	40	static
n_helpers.c:891:6:NoteFactoryReset	24	static
n_helpers.c:925:6:NoteSetProductID	24	static
n_helpers.c:947:6:NoteSetSerialNumber	24	static
n_helpers.c:975:6:NoteSetUploadMode	40	static
n_helpers.c:1009:6:NoteSetSyncMode	40	static
n_helpers.c:1039:6:NoteTemplate	24	static
n_helpers.c:1060:6:NoteAdd	32	static
n_helpers.c:1094:6:NoteSendToRoute	64	static
n_helpers.c:1145:6:NoteGetVoltage	32	static
n_helpers.c:1166:6:NoteGetTemperature	32	static
n_helpers.c:1194:6:NoteGetContact	32	static
n_helpers.c:1235:6:NoteSetContact	32	static
n_helpers.c:1253:13:timerExpiredSecs	32	static
n_helpers.c:1282:6:NoteDebugSyncStatus	32	static
n_helpers.c:1346:10:NoteMemAvailable	40	static
