n_hooks.c:176:6:NoteSetFnDefault	24	static
n_hooks.c:198:6:NoteSetFn	24	static
n_hooks.c:211:6:NoteSetFnDebugOutput	16	static
n_hooks.c:222:6:NoteIsDebugOutputActive	4	static
n_hooks.c:237:6:NoteSetFnMutex	24	static
n_hooks.c:254:6:NoteSetFnSerial	24	static
n_hooks.c:278:6:NoteSetFnI2C	24	static
n_hooks.c:300:6:NoteDebugln	16	static
n_hooks.c:311:6:NoteDebug	16	static
n_hooks.c:325:6:NoteDebugf	272	static
n_hooks.c:345:19:NoteGetMs	8	static
n_hooks.c:357:6:NoteDelayMs	16	static
n_hooks.c:384:7:NoteMalloc	16	static
n_hooks.c:400:6:NoteFree	16	static
n_hooks.c:410:6:NoteLockI2C	8	static
n_hooks.c:420:6:NoteUnlockI2C	8	static
n_hooks.c:430:6:NoteLockNote	8	static
n_hooks.c:440:6:NoteUnlockNote	8	static
n_hooks.c:451:6:NoteSerialReset	8	static
n_hooks.c:466:6:NoteSerialTransmit	24	static
n_hooks.c:479:6:NoteSerialAvailable	8	static
n_hooks.c:493:6:NoteSerialReceive	8	static
n_hooks.c:506:6:NoteI2CReset	8	static
n_hooks.c:523:13:NoteI2CTransmit	16	static
n_hooks.c:541:13:NoteI2CReceive	32	static
n_hooks.c:554:10:NoteI2CAddress	4	static
n_hooks.c:566:6:NoteSetI2CAddress	16	static
n_hooks.c:577:10:NoteI2CMax	4	static
n_hooks.c:596:6:NoteHardReset	8	static
n_hooks.c:613:13:NoteJSONTransaction	16	static
