Archive member included to satisfy reference by file (symbol)

/opt/st/stm32cubeide_1.4.0/plugins/com.st.stm32cube.ide.mcu.externaltools.gnu-tools-for-stm32.7-2018-q2-update.linux64_1.4.0.202007081208/tools/bin/../lib/gcc/arm-none-eabi/7.3.1/../../../../arm-none-eabi/lib/thumb/v7e-m/fpv4-sp/hard/libc_nano.a(lib_a-atoi.o)
                              note-c/n_helpers.o (atoi)
/opt/st/stm32cubeide_1.4.0/plugins/com.st.stm32cube.ide.mcu.externaltools.gnu-tools-for-stm32.7-2018-q2-update.linux64_1.4.0.202007081208/tools/bin/../lib/gcc/arm-none-eabi/7.3.1/../../../../arm-none-eabi/lib/thumb/v7e-m/fpv4-sp/hard/libc_nano.a(lib_a-errno.o)
                              Core/Src/syscalls.o (__errno)
/opt/st/stm32cubeide_1.4.0/plugins/com.st.stm32cube.ide.mcu.externaltools.gnu-tools-for-stm32.7-2018-q2-update.linux64_1.4.0.202007081208/tools/bin/../lib/gcc/arm-none-eabi/7.3.1/../../../../arm-none-eabi/lib/thumb/v7e-m/fpv4-sp/hard/libc_nano.a(lib_a-exit.o)
                              /opt/st/stm32cubeide_1.4.0/plugins/com.st.stm32cube.ide.mcu.externaltools.gnu-tools-for-stm32.7-2018-q2-update.linux64_1.4.0.202007081208/tools/bin/../lib/gcc/arm-none-eabi/7.3.1/../../../../arm-none-eabi/lib/thumb/v7e-m/fpv4-sp/hard/crt0.o (exit)
/opt/st/stm32cubeide_1.4.0/plugins/com.st.stm32cube.ide.mcu.externaltools.gnu-tools-for-stm32.7-2018-q2-update.linux64_1.4.0.202007081208/tools/bin/../lib/gcc/arm-none-eabi/7.3.1/../../../../arm-none-eabi/lib/thumb/v7e-m/fpv4-sp/hard/libc_nano.a(lib_a-impure.o)
                              /opt/st/stm32cubeide_1.4.0/plugins/com.st.stm32cube.ide.mcu.externaltools.gnu-tools-for-stm32.7-2018-q2-update.linux64_1.4.0.202007081208/tools/bin/../lib/gcc/arm-none-eabi/7.3.1/../../../../arm-none-eabi/lib/thumb/v7e-m/fpv4-sp/hard/libc_nano.a(lib_a-exit.o) (_global_impure_ptr)
/opt/st/stm32cubeide_1.4.0/plugins/com.st.stm32cube.ide.mcu.externaltools.gnu-tools-for-stm32.7-2018-q2-update.linux64_1.4.0.202007081208/tools/bin/../lib/gcc/arm-none-eabi/7.3.1/../../../../arm-none-eabi/lib/thumb/v7e-m/fpv4-sp/hard/libc_nano.a(lib_a-init.o)
                              /opt/st/stm32cubeide_1.4.0/plugins/com.st.stm32cube.ide.mcu.externaltools.gnu-tools-for-stm32.7-2018-q2-update.linux64_1.4.0.202007081208/tools/bin/../lib/gcc/arm-none-eabi/7.3.1/../../../../arm-none-eabi/lib/thumb/v7e-m/fpv4-sp/hard/crt0.o (__libc_init_array)
/opt/st/stm32cubeide_1.4.0/plugins/com.st.stm32cube.ide.mcu.externaltools.gnu-tools-for-stm32.7-2018-q2-update.linux64_1.4.0.202007081208/tools/bin/../lib/gcc/arm-none-eabi/7.3.1/../../../../arm-none-eabi/lib/thumb/v7e-m/fpv4-sp/hard/libc_nano.a(lib_a-locale.o)
                              note-c/n_cjson.o (__locale_ctype_ptr)
/opt/st/stm32cubeide_1.4.0/plugins/com.st.stm32cube.ide.mcu.externaltools.gnu-tools-for-stm32.7-2018-q2-update.linux64_1.4.0.202007081208/tools/bin/../lib/gcc/arm-none-eabi/7.3.1/../../../../arm-none-eabi/lib/thumb/v7e-m/fpv4-sp/hard/libc_nano.a(lib_a-malloc.o)
                              Core/Src/main.o (malloc)
/opt/st/stm32cubeide_1.4.0/plugins/com.st.stm32cube.ide.mcu.externaltools.gnu-tools-for-stm32.7-2018-q2-update.linux64_1.4.0.202007081208/tools/bin/../lib/gcc/arm-none-eabi/7.3.1/../../../../arm-none-eabi/lib/thumb/v7e-m/fpv4-sp/hard/libc_nano.a(lib_a-mbtowc_r.o)
                              /opt/st/stm32cubeide_1.4.0/plugins/com.st.stm32cube.ide.mcu.externaltools.gnu-tools-for-stm32.7-2018-q2-update.linux64_1.4.0.202007081208/tools/bin/../lib/gcc/arm-none-eabi/7.3.1/../../../../arm-none-eabi/lib/thumb/v7e-m/fpv4-sp/hard/libc_nano.a(lib_a-locale.o) (__ascii_mbtowc)
/opt/st/stm32cubeide_1.4.0/plugins/com.st.stm32cube.ide.mcu.externaltools.gnu-tools-for-stm32.7-2018-q2-update.linux64_1.4.0.202007081208/tools/bin/../lib/gcc/arm-none-eabi/7.3.1/../../../../arm-none-eabi/lib/thumb/v7e-m/fpv4-sp/hard/libc_nano.a(lib_a-memcmp.o)
                              note-c/n_helpers.o (memcmp)
/opt/st/stm32cubeide_1.4.0/plugins/com.st.stm32cube.ide.mcu.externaltools.gnu-tools-for-stm32.7-2018-q2-update.linux64_1.4.0.202007081208/tools/bin/../lib/gcc/arm-none-eabi/7.3.1/../../../../arm-none-eabi/lib/thumb/v7e-m/fpv4-sp/hard/libc_nano.a(lib_a-memcpy-stub.o)
                              Core/Src/main.o (memcpy)
/opt/st/stm32cubeide_1.4.0/plugins/com.st.stm32cube.ide.mcu.externaltools.gnu-tools-for-stm32.7-2018-q2-update.linux64_1.4.0.202007081208/tools/bin/../lib/gcc/arm-none-eabi/7.3.1/../../../../arm-none-eabi/lib/thumb/v7e-m/fpv4-sp/hard/libc_nano.a(lib_a-memmove.o)
                              note-c/n_request.o (memmove)
/opt/st/stm32cubeide_1.4.0/plugins/com.st.stm32cube.ide.mcu.externaltools.gnu-tools-for-stm32.7-2018-q2-update.linux64_1.4.0.202007081208/tools/bin/../lib/gcc/arm-none-eabi/7.3.1/../../../../arm-none-eabi/lib/thumb/v7e-m/fpv4-sp/hard/libc_nano.a(lib_a-memset.o)
[...]
Memory Configuration

Name             Origin             Length             Attributes
RAM              0x0000000020000000 0x0000000000050000 xrw
FLASH            0x0000000008000000 0x0000000000100000 xr
*default*        0x0000000000000000 0xffffffffffffffff

Linker script and memory map

LOAD /opt/st/stm32cubeide_1.4.0/plugins/com.st.stm32cube.ide.mcu.externaltools.gnu-tools-for-stm32.7-2018-q2-update.linux64_1.4.0.202007081208/tools/bin/../lib/gcc/arm-none-eabi/7.3.1/thumb/v7e-m/fpv4-sp/hard/crti.o
LOAD /opt/st/stm32cubeide_1.4.0/plugins/com.st.stm32cube.ide.mcu.externaltools.gnu-tools-for-stm32.7-2018-q2-update.linux64_1.4.0.202007081208/tools/bin/../lib/gcc/arm-none-eabi/7.3.1/thumb/v7e-m/fpv4-sp/hard/crtbegin.o
LOAD /opt/st/stm32cubeide_1.4.0/plugins/com.st.stm32cube.ide.mcu.externaltools.gnu-tools-for-stm32.7-2018-q2-update.linux64_1.4.0.202007081208/tools/bin/../lib/gcc/arm-none-eabi/7.3.1/../../../../arm-none-eabi/lib/thumb/v7e-m/fpv4-sp/hard/crt0.o
LOAD BME680_driver/Self test/bme680_selftest.o
LOAD BME680_driver/bme680.o
LOAD Core/Src/main.o
LOAD Core/Src/stm32l4xx_hal_msp.o
LOAD Core/Src/stm32l4xx_it.o
LOAD Core/Src/syscalls.o
LOAD Core/Src/sysmem.o
LOAD Core/Src/system_stm32l4xx.o
LOAD Core/Startup/startup_stm32l4p5agixp.o
LOAD Drivers/STM32L4xx_HAL_Driver/Src/stm32l4xx_hal.o
LOAD Drivers/STM32L4xx_HAL_Driver/Src/stm32l4xx_hal_adc.o
LOAD Drivers/STM32L4xx_HAL_Driver/Src/stm32l4xx_hal_adc_ex.o
LOAD Drivers/STM32L4xx_HAL_Driver/Src/stm32l4xx_hal_cortex.o
LOAD Drivers/STM32L4xx_HAL_Driver/Src/stm32l4xx_hal_dcmi.o
LOAD Drivers/STM32L4xx_HAL_Driver/Src/stm32l4xx_hal_dfsdm.o
LOAD Drivers/STM32L4xx_HAL_Driver/Src/stm32l4xx_hal_dfsdm_ex.o
LOAD Drivers/STM32L4xx_HAL_Driver/Src/stm32l4xx_hal_dma.o
LOAD Drivers/STM32L4xx_HAL_Driver/Src/stm32l4xx_hal_dma_ex.o
LOAD Drivers/STM32L4xx_HAL_Driver/Src/stm32l4xx_hal_exti.o
LOAD Drivers/STM32L4xx_HAL_Driver/Src/stm32l4xx_hal_flash.o
LOAD Drivers/STM32L4xx_HAL_Driver/Src/stm32l4xx_hal_flash_ex.o
LOAD Drivers/STM32L4xx_HAL_Driver/Src/stm32l4xx_hal_flash_ramfunc.o
LOAD Drivers/STM32L4xx_HAL_Driver/Src/stm32l4xx_hal_gpio.o
LOAD Drivers/STM32L4xx_HAL_Driver/Src/stm32l4xx_hal_i2c.o
LOAD Drivers/STM32L4xx_HAL_Driver/Src/stm32l4xx_hal_i2c_ex.o
LOAD Drivers/STM32L4xx_HAL_Driver/Src/stm32l4xx_hal_ospi.o
LOAD Drivers/STM32L4xx_HAL_Driver/Src/stm32l4xx_hal_pcd.o
LOAD Drivers/STM32L4xx_HAL_Driver/Src/stm32l4xx_hal_pcd_ex.o
LOAD Drivers/STM32L4xx_HAL_Driver/Src/stm32l4xx_hal_pwr.o
LOAD Drivers/STM32L4xx_HAL_Driver/Src/stm32l4xx_hal_pwr_ex.o
LOAD Drivers/STM32L4xx_HAL_Driver/Src/stm32l4xx_hal_rcc.o
LOAD Drivers/STM32L4xx_HAL_Driver/Src/stm32l4xx_hal_rcc_ex.o
LOAD Drivers/STM32L4xx_HAL_Driver/Src/stm32l4xx_hal_sai.o
LOAD Drivers/STM32L4xx_HAL_Driver/Src/stm32l4xx_hal_sai_ex.o
LOAD Drivers/STM32L4xx_HAL_Driver/Src/stm32l4xx_hal_sd.o
LOAD Drivers/STM32L4xx_HAL_Driver/Src/stm32l4xx_hal_sd_ex.o
LOAD Drivers/STM32L4xx_HAL_Driver/Src/stm32l4xx_hal_spi.o
LOAD Drivers/STM32L4xx_HAL_Driver/Src/stm32l4xx_hal_spi_ex.o
LOAD Drivers/STM32L4xx_HAL_Driver/Src/stm32l4xx_hal_tim.o
LOAD Drivers/STM32L4xx_HAL_Driver/Src/stm32l4xx_hal_tim_ex.o
LOAD Drivers/STM32L4xx_HAL_Driver/Src/stm32l4xx_hal_uart.o
LOAD Drivers/STM32L4xx_HAL_Driver/Src/stm32l4xx_hal_uart_ex.o
LOAD Drivers/STM32L4xx_HAL_Driver/Src/stm32l4xx_ll_sdmmc.o
LOAD Drivers/STM32L4xx_HAL_Driver/Src/stm32l4xx_ll_usb.o
LOAD note-c/n_atof.o
LOAD note-c/n_b64.o
LOAD note-c/n_cjson.o
LOAD note-c/n_cjson_helpers.o
LOAD note-c/n_const.o
LOAD note-c/n_ftoa.o
LOAD note-c/n_helpers.o
LOAD note-c/n_hooks.o
LOAD note-c/n_i2c.o
LOAD note-c/n_request.o
LOAD note-c/n_serial.o
LOAD note-c/n_str.o
START GROUP
LOAD /opt/st/stm32cubeide_1.4.0/plugins/com.st.stm32cube.ide.mcu.externaltools.gnu-tools-for-stm32.7-2018-q2-update.linux64_1.4.0.202007081208/tools/bin/../lib/gcc/arm-none-eabi/7.3.1/../../../../arm-none-eabi/lib/thumb/v7e-m/fpv4-sp/hard/libc_nano.a
LOAD /opt/st/stm32cubeide_1.4.0/plugins/com.st.stm32cube.ide.mcu.externaltools.gnu-tools-for-stm32.7-2018-q2-update.linux64_1.4.0.202007081208/tools/bin/../lib/gcc/arm-none-eabi/7.3.1/../../../../arm-none-eabi/lib/thumb/v7e-m/fpv4-sp/hard/libm.a
END GROUP
START GROUP
LOAD /opt/st/stm32cubeide_1.4.0/plugins/com.st.stm32cube.ide.mcu.externaltools.gnu-tools-for-stm32.7-2018-q2-update.linux64_1.4.0.202007081208/tools/bin/../lib/gcc/arm-none-eabi/7.3.1/thumb/v7e-m/fpv4-sp/hard/libgcc.a
LOAD /opt/st/stm32cubeide_1.4.0/plugins/com.st.stm32cube.ide.mcu.externaltools.gnu-tools-for-stm32.7-2018-q2-update.linux64_1.4.0.202007081208/tools/bin/../lib/gcc/arm-none-eabi/7.3.1/../../../../arm-none-eabi/lib/thumb/v7e-m/fpv4-sp/hard/libc_nano.a
END GROUP
START GROUP
LOAD /opt/st/stm32cubeide_1.4.0/plugins/com.st.stm32cube.ide.mcu.externaltools.gnu-tools-for-stm32.7-2018-q2-update.linux64_1.4.0.202007081208/tools/bin/../lib/gcc/arm-none-eabi/7.3.1/thumb/v7e-m/fpv4-sp/hard/libgcc.a
LOAD /opt/st/stm32cubeide_1.4.0/plugins/com.st.stm32cube.ide.mcu.externaltools.gnu-tools-for-stm32.7-2018-q2-update.linux64_1.4.0.202007081208/tools/bin/../lib/gcc/arm-none-eabi/7.3.1/../../../../arm-none-eabi/lib/thumb/v7e-m/fpv4-sp/hard/libc_nano.a
LOAD /opt/st/stm32cubeide_1.4.0/plugins/com.st.stm32cube.ide.mcu.externaltools.gnu-tools-for-stm32.7-2018-q2-update.linux64_1.4.0.202007081208/tools/bin/../lib/gcc/arm-none-eabi/7.3.1/../../../../arm-none-eabi/lib/thumb/v7e-m/fpv4-sp/hard/libnosys.a
END GROUP
START GROUP
LOAD /opt/st/stm32cubeide_1.4.0/plugins/com.st.stm32cube.ide.mcu.externaltools.gnu-tools-for-stm32.7-2018-q2-update.linux64_1.4.0.202007081208/tools/bin/../lib/gcc/arm-none-eabi/7.3.1/thumb/v7e-m/fpv4-sp/hard/libgcc.a
LOAD /opt/st/stm32cubeide_1.4.0/plugins/com.st.stm32cube.ide.mcu.externaltools.gnu-tools-for-stm32.7-2018-q2-update.linux64_1.4.0.202007081208/tools/bin/../lib/gcc/arm-none-eabi/7.3.1/../../../../arm-none-eabi/lib/thumb/v7e-m/fpv4-sp/hard/libc_nano.a
LOAD /opt/st/stm32cubeide_1.4.0/plugins/com.st.stm32cube.ide.mcu.externaltools.gnu-tools-for-stm32.7-2018-q2-update.linux64_1.4.0.202007081208/tools/bin/../lib/gcc/arm-none-eabi/7.3.1/../../../../arm-none-eabi/lib/thumb/v7e-m/fpv4-sp/hard/libnosys.a
END GROUP
LOAD /opt/st/stm32cubeide_1.4.0/plugins/com.st.stm32cube.ide.mcu.externaltools.gnu-tools-for-stm32.7-2018-q2-update.linux64_1.4.0.202007081208/tools/bin/../lib/gcc/arm-none-eabi/7.3.1/thumb/v7e-m/fpv4-sp/hard/crtend.o
LOAD /opt/st/stm32cubeide_1.4.0/plugins/com.st.stm32cube.ide.mcu.externaltools.gnu-tools-for-stm32.7-2018-q2-update.linux64_1.4.0.202007081208/tools/bin/../lib/gcc/arm-none-eabi/7.3.1/thumb/v7e-m/fpv4-sp/hard/crtn.o
                0x0000000020050000                _estack = (ORIGIN (RAM) + LENGTH (RAM))
                0x0000000000000200                _Min_Heap_Size = 0x200
                0x0000000000000400                _Min_Stack_Size = 0x400

.isr_vector     0x0000000008000000      0x1bc
                0x0000000008000000                . = ALIGN (0x4)
 *(.isr_vector)
 .isr_vector    0x0000000008000000      0x1bc Core/Startup/startup_stm32l4p5agixp.o
                0x0000000008000000                g_pfnVectors
                0x00000000080001bc                . = ALIGN (0x4)

.text           0x00000000080001c0    0x118b8
                0x00000000080001c0                . = ALIGN (0x4)
 *(.text)
 .text          0x00000000080001c0       0x40 /opt/st/stm32cubeide_1.4.0/plugins/com.st.stm32cube.ide.mcu.externaltools.gnu-tools-for-stm32.7-2018-q2-update.linux64_1.4.0.202007081208/tools/bin/../lib/gcc/arm-none-eabi/7.3.1/thumb/v7e-m/fpv4-sp/hard/crtbegin.o
 .text          0x0000000008000200       0x14 /opt/st/stm32cubeide_1.4.0/plugins/com.st.stm32cube.ide.mcu.externaltools.gnu-tools-for-stm32.7-2018-q2-update.linux64_1.4.0.202007081208/tools/bin/../lib/gcc/arm-none-eabi/7.3.1/../../../../arm-none-eabi/lib/thumb/v7e-m/fpv4-sp/hard/libc_nano.a(lib_a-strcmp.o)
                0x0000000008000200                strcmp
 .text          0x0000000008000214       0x10 /opt/st/stm32cubeide_1.4.0/plugins/com.st.stm32cube.ide.mcu.externaltools.gnu-tools-for-stm32.7-2018-q2-update.linux64_1.4.0.202007081208/tools/bin/../lib/gcc/arm-none-eabi/7.3.1/../../../../arm-none-eabi/lib/thumb/v7e-m/fpv4-sp/hard/libc_nano.a(lib_a-strlen.o)
                0x0000000008000214                strlen
 *fill*         0x0000000008000224        0xc 
 .text          0x0000000008000230       0xa0 /opt/st/stm32cubeide_1.4.0/plugins/com.st.stm32cube.ide.mcu.externaltools.gnu-tools-for-stm32.7-2018-q2-update.linux64_1.4.0.202007081208/tools/bin/../lib/gcc/arm-none-eabi/7.3.1/../../../../arm-none-eabi/lib/thumb/v7e-m/fpv4-sp/hard/libc_nano.a(lib_a-memchr.o)
                0x0000000008000230                memchr
 .text          0x00000000080002d0      0x378 /opt/st/stm32cubeide_1.4.0/plugins/com.st.stm32cube.ide.mcu.externaltools.gnu-tools-for-stm32.7-2018-q2-update.linux64_1.4.0.202007081208/tools/bin/../lib/gcc/arm-none-eabi/7.3.1/thumb/v7e-m/fpv4-sp/hard/libgcc.a(_arm_addsubdf3.o)
                0x00000000080002d0                __aeabi_drsub
                0x00000000080002d8                __aeabi_dsub
                0x00000000080002d8                __subdf3
                0x00000000080002dc                __adddf3
                0x00000000080002dc                __aeabi_dadd
                0x0000000008000554                __aeabi_ui2d
                0x0000000008000554                __floatunsidf
                0x0000000008000574                __floatsidf
                0x0000000008000574                __aeabi_i2d
                0x0000000008000598                __extendsfdf2
                0x0000000008000598                __aeabi_f2d
                0x00000000080005dc                __aeabi_ul2d
                0x00000000080005dc                __floatundidf
                0x00000000080005ec                __floatdidf
                0x00000000080005ec                __aeabi_l2d
 .text          0x0000000008000648      0x424 /opt/st/stm32cubeide_1.4.0/plugins/com.st.stm32cube.ide.mcu.externaltools.gnu-tools-for-stm32.7-2018-q2-update.linux64_1.4.0.202007081208/tools/bin/../lib/gcc/arm-none-eabi/7.3.1/thumb/v7e-m/fpv4-sp/hard/libgcc.a(_arm_muldivdf3.o)
                0x0000000008000648                __aeabi_dmul
                0x0000000008000648                __muldf3
                0x000000000800089c                __aeabi_ddiv
                0x000000000800089c                __divdf3
 .text          0x0000000008000a6c      0x110 /opt/st/stm32cubeide_1.4.0/plugins/com.st.stm32cube.ide.mcu.externaltools.gnu-tools-for-stm32.7-2018-q2-update.linux64_1.4.0.202007081208/tools/bin/../lib/gcc/arm-none-eabi/7.3.1/thumb/v7e-m/fpv4-sp/hard/libgcc.a(_arm_cmpdf2.o)
                0x0000000008000a6c                __gtdf2
                0x0000000008000a6c                __gedf2
                0x0000000008000a74                __ltdf2
                0x0000000008000a74                __ledf2
                0x0000000008000a7c                __cmpdf2
                0x0000000008000a7c                __eqdf2
                0x0000000008000a7c                __nedf2
                0x0000000008000af8                __aeabi_cdrcmple
                0x0000000008000b08                __aeabi_cdcmple
                0x0000000008000b08                __aeabi_cdcmpeq
                0x0000000008000b18                __aeabi_dcmpeq
                0x0000000008000b2c                __aeabi_dcmplt
                0x0000000008000b40                __aeabi_dcmple
                0x0000000008000b54                __aeabi_dcmpge
                0x0000000008000b68                __aeabi_dcmpgt
 .text          0x0000000008000b7c       0x50 /opt/st/stm32cubeide_1.4.0/plugins/com.st.stm32cube.ide.mcu.externaltools.gnu-tools-for-stm32.7-2018-q2-update.linux64_1.4.0.202007081208/tools/bin/../lib/gcc/arm-none-eabi/7.3.1/thumb/v7e-m/fpv4-sp/hard/libgcc.a(_arm_fixdfsi.o)
                0x0000000008000b7c                __fixdfsi
                0x0000000008000b7c                __aeabi_d2iz
 .text          0x0000000008000bcc       0xa0 /opt/st/stm32cubeide_1.4.0/plugins/com.st.stm32cube.ide.mcu.externaltools.gnu-tools-for-stm32.7-2018-q2-update.linux64_1.4.0.202007081208/tools/bin/../lib/gcc/arm-none-eabi/7.3.1/thumb/v7e-m/fpv4-sp/hard/libgcc.a(_aeabi_ldivmod.o)
                0x0000000008000bcc                __aeabi_ldivmod
 .text          0x0000000008000c6c       0x30 /opt/st/stm32cubeide_1.4.0/plugins/com.st.stm32cube.ide.mcu.externaltools.gnu-tools-for-stm32.7-2018-q2-update.linux64_1.4.0.202007081208/tools/bin/../lib/gcc/arm-none-eabi/7.3.1/thumb/v7e-m/fpv4-sp/hard/libgcc.a(_aeabi_uldivmod.o)
                0x0000000008000c6c                __aeabi_uldivmod
 .text          0x0000000008000c9c      0x2cc /opt/st/stm32cubeide_1.4.0/plugins/com.st.stm32cube.ide.mcu.externaltools.gnu-tools-for-stm32.7-2018-q2-update.linux64_1.4.0.202007081208/tools/bin/../lib/gcc/arm-none-eabi/7.3.1/thumb/v7e-m/fpv4-sp/hard/libgcc.a(_udivmoddi4.o)
                0x0000000008000c9c                __udivmoddi4
 .text          0x0000000008000f68        0x4 /opt/st/stm32cubeide_1.4.0/plugins/com.st.stm32cube.ide.mcu.externaltools.gnu-tools-for-stm32.7-2018-q2-update.linux64_1.4.0.202007081208/tools/bin/../lib/gcc/arm-none-eabi/7.3.1/thumb/v7e-m/fpv4-sp/hard/libgcc.a(_dvmd_tls.o)
                0x0000000008000f68                __aeabi_ldiv0
                0x0000000008000f68                __aeabi_idiv0
 *(.text*)
 .text.bme680_init
                0x0000000008000f6c       0x68 BME680_driver/bme680.o
                0x0000000008000f6c                bme680_init
 .text.bme680_get_regs
                0x0000000008000fd4       0x7e BME680_driver/bme680.o
                0x0000000008000fd4                bme680_get_regs
 .text.bme680_set_regs
                0x0000000008001052      0x118 BME680_driver/bme680.o
                0x0000000008001052                bme680_set_regs
 .text.bme680_soft_reset
                0x000000000800116a       0x7e BME680_driver/bme680.o
                0x000000000800116a                bme680_soft_reset
 .text.bme680_set_sensor_settings
                0x00000000080011e8      0x3a8 BME680_driver/bme680.o
                0x00000000080011e8                bme680_set_sensor_settings
 .text.bme680_set_sensor_mode
                0x0000000008001590       0xc8 BME680_driver/bme680.o
                0x0000000008001590                bme680_set_sensor_mode
 .text.bme680_get_profile_dur
                0x0000000008001658       0xcc BME680_driver/bme680.o
                0x0000000008001658                bme680_get_profile_dur
 .text.bme680_get_sensor_data
                0x0000000008001724       0x58 BME680_driver/bme680.o
                0x0000000008001724                bme680_get_sensor_data
 .text.get_calib_data
                0x000000000800177c      0x254 BME680_driver/bme680.o
 .text.set_gas_config
                0x00000000080019d0       0x8c BME680_driver/bme680.o
 .text.calc_temperature
                0x0000000008001a5c       0xf2 BME680_driver/bme680.o
 .text.calc_pressure
                0x0000000008001b4e      0x15a BME680_driver/bme680.o
 .text.calc_humidity
                0x0000000008001ca8      0x134 BME680_driver/bme680.o
 .text.calc_gas_resistance
                0x0000000008001ddc      0x170 BME680_driver/bme680.o
 .text.calc_heater_res
                0x0000000008001f4c       0xfc BME680_driver/bme680.o
 .text.calc_heater_dur
                0x0000000008002048       0x4a BME680_driver/bme680.o
 .text.read_field_data
                0x0000000008002092      0x172 BME680_driver/bme680.o
 .text.set_mem_page
                0x0000000008002204       0xca BME680_driver/bme680.o
 .text.get_mem_page
                0x00000000080022ce       0x5e BME680_driver/bme680.o
 .text.boundary_check
                0x000000000800232c       0x76 BME680_driver/bme680.o
 .text.null_ptr_check
                0x00000000080023a2       0x40 BME680_driver/bme680.o
 *fill*         0x00000000080023e2        0x2 
 .text.main     0x00000000080023e4      0x2f8 Core/Src/main.o
                0x00000000080023e4                main
 .text.SystemClock_Config
                0x00000000080026dc      0x138 Core/Src/main.o
                0x00000000080026dc                SystemClock_Config
 .text.MX_ADC1_Init
                0x0000000008002814       0xec Core/Src/main.o
 .text.MX_DCMI_Init
                0x0000000008002900       0x68 Core/Src/main.o
 .text.MX_DFSDM1_Init
                0x0000000008002968       0xd4 Core/Src/main.o
 .text.MX_I2C1_Init
                0x0000000008002a3c       0x80 Core/Src/main.o
 .text.MX_I2C4_Init
                0x0000000008002abc       0x94 Core/Src/main.o
 .text.MX_OCTOSPI1_Init
                0x0000000008002b50       0xb8 Core/Src/main.o
 .text.MX_OCTOSPI2_Init
                0x0000000008002c08       0xb0 Core/Src/main.o
 .text.MX_SAI1_Init
                0x0000000008002cb8      0x184 Core/Src/main.o
 .text.MX_SDMMC1_SD_Init
                0x0000000008002e3c       0x4c Core/Src/main.o
 .text.MX_SPI1_Init
                0x0000000008002e88       0x7c Core/Src/main.o
 .text.MX_SPI2_Init
                0x0000000008002f04       0x78 Core/Src/main.o
 .text.MX_TIM4_Init
                0x0000000008002f7c       0xc0 Core/Src/main.o
 .text.MX_TIM8_Init
                0x000000000800303c       0xb4 Core/Src/main.o
 .text.MX_TIM15_Init
                0x00000000080030f0       0xb0 Core/Src/main.o
 .text.MX_USART2_UART_Init
                0x00000000080031a0       0x98 Core/Src/main.o
 .text.MX_USART3_UART_Init
                0x0000000008003238       0x9c Core/Src/main.o
 .text.MX_USB_OTG_FS_PCD_Init
                0x00000000080032d4       0x54 Core/Src/main.o
 .text.MX_GPIO_Init
                0x0000000008003328      0x334 Core/Src/main.o
 .text.bme680I2cRead
                0x000000000800365c       0x7c Core/Src/main.o
                0x000000000800365c                bme680I2cRead
 .text.bme680I2cWrite
                0x00000000080036d8       0x80 Core/Src/main.o
                0x00000000080036d8                bme680I2cWrite
 .text.MX_I2C4_DeInit
                0x0000000008003758       0x38 Core/Src/main.o
                0x0000000008003758                MX_I2C4_DeInit
 .text.noteDebugSerialOutput
                0x0000000008003790       0x48 Core/Src/main.o
                0x0000000008003790                noteDebugSerialOutput
 .text.noteI2CReceive
                0x00000000080037d8      0x1dc Core/Src/main.o
                0x00000000080037d8                noteI2CReceive
 .text.noteI2CReset
                0x00000000080039b4       0x7a Core/Src/main.o
                0x00000000080039b4                noteI2CReset
 *fill*         0x0000000008003a2e        0x2 
 .text.noteI2CTransmit
                0x0000000008003a30       0xd4 Core/Src/main.o
                0x0000000008003a30                noteI2CTransmit
 .text.Error_Handler
                0x0000000008003b04        0xe Core/Src/main.o
                0x0000000008003b04                Error_Handler
 *fill*         0x0000000008003b12        0x2 
 .text.HAL_MspInit
                0x0000000008003b14       0x48 Core/Src/stm32l4xx_hal_msp.o
                0x0000000008003b14                HAL_MspInit
 .text.HAL_ADC_MspInit
                0x0000000008003b5c       0xe4 Core/Src/stm32l4xx_hal_msp.o
                0x0000000008003b5c                HAL_ADC_MspInit
 .text.HAL_DCMI_MspInit
                0x0000000008003c40      0x100 Core/Src/stm32l4xx_hal_msp.o
                0x0000000008003c40                HAL_DCMI_MspInit
 .text.HAL_DFSDM_ChannelMspInit
                0x0000000008003d40      0x100 Core/Src/stm32l4xx_hal_msp.o
                0x0000000008003d40                HAL_DFSDM_ChannelMspInit
 .text.HAL_I2C_MspInit
                0x0000000008003e40       0xec Core/Src/stm32l4xx_hal_msp.o
                0x0000000008003e40                HAL_I2C_MspInit
 .text.HAL_I2C_MspDeInit
                0x0000000008003f2c       0x78 Core/Src/stm32l4xx_hal_msp.o
                0x0000000008003f2c                HAL_I2C_MspDeInit
 .text.HAL_OSPI_MspInit
                0x0000000008003fa4      0x274 Core/Src/stm32l4xx_hal_msp.o
                0x0000000008003fa4                HAL_OSPI_MspInit
 .text.HAL_SD_MspInit
                0x0000000008004218      0x124 Core/Src/stm32l4xx_hal_msp.o
                0x0000000008004218                HAL_SD_MspInit
 .text.HAL_SPI_MspInit
                0x000000000800433c      0x12c Core/Src/stm32l4xx_hal_msp.o
                0x000000000800433c                HAL_SPI_MspInit
 .text.HAL_TIM_IC_MspInit
                0x0000000008004468      0x158 Core/Src/stm32l4xx_hal_msp.o
                0x0000000008004468                HAL_TIM_IC_MspInit
 .text.HAL_UART_MspInit
                0x00000000080045c0       0xec Core/Src/stm32l4xx_hal_msp.o
                0x00000000080045c0                HAL_UART_MspInit
 .text.HAL_PCD_MspInit
                0x00000000080046ac       0xd8 Core/Src/stm32l4xx_hal_msp.o
                0x00000000080046ac                HAL_PCD_MspInit
 .text.HAL_SAI_MspInit
                0x0000000008004784      0x13c Core/Src/stm32l4xx_hal_msp.o
                0x0000000008004784                HAL_SAI_MspInit
 .text.NMI_Handler
                0x00000000080048c0        0xe Core/Src/stm32l4xx_it.o
                0x00000000080048c0                NMI_Handler
 .text.HardFault_Handler
                0x00000000080048ce        0x6 Core/Src/stm32l4xx_it.o
                0x00000000080048ce                HardFault_Handler
 .text.MemManage_Handler
                0x00000000080048d4        0x6 Core/Src/stm32l4xx_it.o
                0x00000000080048d4                MemManage_Handler
 .text.BusFault_Handler
                0x00000000080048da        0x6 Core/Src/stm32l4xx_it.o
                0x00000000080048da                BusFault_Handler
 .text.UsageFault_Handler
                0x00000000080048e0        0x6 Core/Src/stm32l4xx_it.o
                0x00000000080048e0                UsageFault_Handler
 .text.SVC_Handler
                0x00000000080048e6        0xe Core/Src/stm32l4xx_it.o
                0x00000000080048e6                SVC_Handler
 .text.DebugMon_Handler
                0x00000000080048f4        0xe Core/Src/stm32l4xx_it.o
                0x00000000080048f4                DebugMon_Handler
 .text.PendSV_Handler
                0x0000000008004902        0xe Core/Src/stm32l4xx_it.o
                0x0000000008004902                PendSV_Handler
 .text.SysTick_Handler
                0x0000000008004910        0xc Core/Src/stm32l4xx_it.o
                0x0000000008004910                SysTick_Handler
 .text._sbrk    0x000000000800491c       0x6c Core/Src/sysmem.o
                0x000000000800491c                _sbrk
 .text.SystemInit
                0x0000000008004988       0x6c Core/Src/system_stm32l4xx.o
                0x0000000008004988                SystemInit
 .text.Reset_Handler
                0x00000000080049f4       0x50 Core/Startup/startup_stm32l4p5agixp.o
                0x00000000080049f4                Reset_Handler
 .text.Default_Handler
                0x0000000008004a44        0x2 Core/Startup/startup_stm32l4p5agixp.o
                0x0000000008004a44                RTC_Alarm_IRQHandler
                0x0000000008004a44                EXTI2_IRQHandler
                0x0000000008004a44                TIM8_TRG_COM_IRQHandler
                0x0000000008004a44                TIM8_CC_IRQHandler
                0x0000000008004a44                TIM1_CC_IRQHandler
                0x0000000008004a44                TSC_IRQHandler
                0x0000000008004a44                TAMP_STAMP_IRQHandler
                0x0000000008004a44                EXTI3_IRQHandler
                0x0000000008004a44                LPTIM2_IRQHandler
                0x0000000008004a44                DFSDM1_FLT1_IRQHandler
                0x0000000008004a44                I2C3_ER_IRQHandler
                0x0000000008004a44                EXTI0_IRQHandler
                0x0000000008004a44                I2C2_EV_IRQHandler
                0x0000000008004a44                CAN1_RX0_IRQHandler
                0x0000000008004a44                FPU_IRQHandler
                0x0000000008004a44                TIM1_UP_TIM16_IRQHandler
                0x0000000008004a44                LTDC_ER_IRQHandler
                0x0000000008004a44                ADC1_2_IRQHandler
                0x0000000008004a44                SPI1_IRQHandler
                0x0000000008004a44                OCTOSPI1_IRQHandler
                0x0000000008004a44                TIM6_DAC_IRQHandler
                0x0000000008004a44                TIM8_UP_IRQHandler
                0x0000000008004a44                OCTOSPI2_IRQHandler
                0x0000000008004a44                DMA2_Channel2_IRQHandler
                0x0000000008004a44                DMA1_Channel4_IRQHandler
                0x0000000008004a44                SAI2_IRQHandler
                0x0000000008004a44                USART3_IRQHandler
                0x0000000008004a44                DMA1_Channel7_IRQHandler
                0x0000000008004a44                CAN1_RX1_IRQHandler
                0x0000000008004a44                UART5_IRQHandler
                0x0000000008004a44                TIM4_IRQHandler
                0x0000000008004a44                DMA2_Channel1_IRQHandler
                0x0000000008004a44                I2C1_EV_IRQHandler
                0x0000000008004a44                DMAMUX1_OVR_IRQHandler
                0x0000000008004a44                DMA1_Channel6_IRQHandler
                0x0000000008004a44                UART4_IRQHandler
                0x0000000008004a44                DMA2_Channel4_IRQHandler
                0x0000000008004a44                TIM3_IRQHandler
                0x0000000008004a44                RCC_IRQHandler
                0x0000000008004a44                DMA1_Channel1_IRQHandler
                0x0000000008004a44                Default_Handler
                0x0000000008004a44                DMA2_Channel7_IRQHandler
                0x0000000008004a44                EXTI15_10_IRQHandler
                0x0000000008004a44                TIM7_IRQHandler
                0x0000000008004a44                SDMMC1_IRQHandler
                0x0000000008004a44                TIM5_IRQHandler
                0x0000000008004a44                I2C3_EV_IRQHandler
                0x0000000008004a44                EXTI9_5_IRQHandler
                0x0000000008004a44                RTC_WKUP_IRQHandler
                0x0000000008004a44                LTDC_IRQHandler
                0x0000000008004a44                PVD_PVM_IRQHandler
                0x0000000008004a44                SPI2_IRQHandler
                0x0000000008004a44                CAN1_TX_IRQHandler
                0x0000000008004a44                DMA2_Channel5_IRQHandler
                0x0000000008004a44                DMA1_Channel5_IRQHandler
                0x0000000008004a44                EXTI4_IRQHandler
                0x0000000008004a44                RNG_IRQHandler
                0x0000000008004a44                TIM1_TRG_COM_TIM17_IRQHandler
                0x0000000008004a44                DMA1_Channel3_IRQHandler
                0x0000000008004a44                COMP_IRQHandler
                0x0000000008004a44                HASH_CRS_IRQHandler
                0x0000000008004a44                WWDG_IRQHandler
                0x0000000008004a44                I2C4_EV_IRQHandler
                0x0000000008004a44                LPUART1_IRQHandler
                0x0000000008004a44                DMA2_Channel6_IRQHandler
                0x0000000008004a44                TIM2_IRQHandler
                0x0000000008004a44                DMA2D_IRQHandler
                0x0000000008004a44                EXTI1_IRQHandler
                0x0000000008004a44                SDMMC2_IRQHandler
                0x0000000008004a44                USART2_IRQHandler
                0x0000000008004a44                DFSDM1_FLT0_IRQHandler
                0x0000000008004a44                I2C2_ER_IRQHandler
                0x0000000008004a44                DMA1_Channel2_IRQHandler
                0x0000000008004a44                TIM8_BRK_IRQHandler
                0x0000000008004a44                CAN1_SCE_IRQHandler
                0x0000000008004a44                FLASH_IRQHandler
                0x0000000008004a44                USART1_IRQHandler
                0x0000000008004a44                OTG_FS_IRQHandler
                0x0000000008004a44                SPI3_IRQHandler
                0x0000000008004a44                I2C1_ER_IRQHandler
                0x0000000008004a44                FMC_IRQHandler
                0x0000000008004a44                LPTIM1_IRQHandler
                0x0000000008004a44                DCMI_PSSI_IRQHandler
                0x0000000008004a44                I2C4_ER_IRQHandler
                0x0000000008004a44                SAI1_IRQHandler
                0x0000000008004a44                DMA2_Channel3_IRQHandler
                0x0000000008004a44                TIM1_BRK_TIM15_IRQHandler
 .text.HAL_Init
                0x0000000008004a46       0x30 Drivers/STM32L4xx_HAL_Driver/Src/stm32l4xx_hal.o
                0x0000000008004a46                HAL_Init
 *fill*         0x0000000008004a76        0x2 
 .text.HAL_InitTick
                0x0000000008004a78       0x78 Drivers/STM32L4xx_HAL_Driver/Src/stm32l4xx_hal.o
                0x0000000008004a78                HAL_InitTick
 .text.HAL_IncTick
                0x0000000008004af0       0x28 Drivers/STM32L4xx_HAL_Driver/Src/stm32l4xx_hal.o
                0x0000000008004af0                HAL_IncTick
 .text.HAL_GetTick
                0x0000000008004b18       0x18 Drivers/STM32L4xx_HAL_Driver/Src/stm32l4xx_hal.o
                0x0000000008004b18                HAL_GetTick
 .text.HAL_Delay
                0x0000000008004b30       0x44 Drivers/STM32L4xx_HAL_Driver/Src/stm32l4xx_hal.o
                0x0000000008004b30                HAL_Delay
 .text.LL_ADC_SetCommonClock
                0x0000000008004b74       0x26 Drivers/STM32L4xx_HAL_Driver/Src/stm32l4xx_hal_adc.o
 .text.LL_ADC_SetCommonPathInternalCh
                0x0000000008004b9a       0x26 Drivers/STM32L4xx_HAL_Driver/Src/stm32l4xx_hal_adc.o
 .text.LL_ADC_GetCommonPathInternalCh
                0x0000000008004bc0       0x1c Drivers/STM32L4xx_HAL_Driver/Src/stm32l4xx_hal_adc.o
 .text.LL_ADC_SetOffset
                0x0000000008004bdc       0x48 Drivers/STM32L4xx_HAL_Driver/Src/stm32l4xx_hal_adc.o
 .text.LL_ADC_GetOffsetChannel
                0x0000000008004c24       0x2c Drivers/STM32L4xx_HAL_Driver/Src/stm32l4xx_hal_adc.o
 .text.LL_ADC_SetOffsetState
                0x0000000008004c50       0x36 Drivers/STM32L4xx_HAL_Driver/Src/stm32l4xx_hal_adc.o
 .text.LL_ADC_SetSamplingTimeCommonConfig
                0x0000000008004c86       0x26 Drivers/STM32L4xx_HAL_Driver/Src/stm32l4xx_hal_adc.o
 .text.LL_ADC_REG_SetSequencerRanks
                0x0000000008004cac       0x58 Drivers/STM32L4xx_HAL_Driver/Src/stm32l4xx_hal_adc.o
 .text.LL_ADC_SetChannelSamplingTime
                0x0000000008004d04       0x56 Drivers/STM32L4xx_HAL_Driver/Src/stm32l4xx_hal_adc.o
 *fill*         0x0000000008004d5a        0x2 
 .text.LL_ADC_SetChannelSingleDiff
                0x0000000008004d5c       0x48 Drivers/STM32L4xx_HAL_Driver/Src/stm32l4xx_hal_adc.o
 .text.LL_ADC_DisableDeepPowerDown
                0x0000000008004da4       0x24 Drivers/STM32L4xx_HAL_Driver/Src/stm32l4xx_hal_adc.o
 .text.LL_ADC_IsDeepPowerDownEnabled
                0x0000000008004dc8       0x28 Drivers/STM32L4xx_HAL_Driver/Src/stm32l4xx_hal_adc.o
 .text.LL_ADC_EnableInternalRegulator
                0x0000000008004df0       0x28 Drivers/STM32L4xx_HAL_Driver/Src/stm32l4xx_hal_adc.o
 .text.LL_ADC_IsInternalRegulatorEnabled
                0x0000000008004e18       0x28 Drivers/STM32L4xx_HAL_Driver/Src/stm32l4xx_hal_adc.o
 .text.LL_ADC_IsEnabled
                0x0000000008004e40       0x26 Drivers/STM32L4xx_HAL_Driver/Src/stm32l4xx_hal_adc.o
 .text.LL_ADC_REG_IsConversionOngoing
                0x0000000008004e66       0x26 Drivers/STM32L4xx_HAL_Driver/Src/stm32l4xx_hal_adc.o
 .text.LL_ADC_INJ_IsConversionOngoing
                0x0000000008004e8c       0x26 Drivers/STM32L4xx_HAL_Driver/Src/stm32l4xx_hal_adc.o
 *fill*         0x0000000008004eb2        0x2 
 .text.HAL_ADC_Init
                0x0000000008004eb4      0x2a0 Drivers/STM32L4xx_HAL_Driver/Src/stm32l4xx_hal_adc.o
                0x0000000008004eb4                HAL_ADC_Init
 .text.HAL_ADC_ConfigChannel
                0x0000000008005154      0x7f4 Drivers/STM32L4xx_HAL_Driver/Src/stm32l4xx_hal_adc.o
                0x0000000008005154                HAL_ADC_ConfigChannel
 .text.LL_ADC_IsEnabled
                0x0000000008005948       0x26 Drivers/STM32L4xx_HAL_Driver/Src/stm32l4xx_hal_adc_ex.o
 .text.LL_ADC_REG_IsConversionOngoing
                0x000000000800596e       0x26 Drivers/STM32L4xx_HAL_Driver/Src/stm32l4xx_hal_adc_ex.o
 .text.HAL_ADCEx_MultiModeConfigChannel
                0x0000000008005994      0x140 Drivers/STM32L4xx_HAL_Driver/Src/stm32l4xx_hal_adc_ex.o
                0x0000000008005994                HAL_ADCEx_MultiModeConfigChannel
 .text.__NVIC_SetPriorityGrouping
                0x0000000008005ad4       0x48 Drivers/STM32L4xx_HAL_Driver/Src/stm32l4xx_hal_cortex.o
 .text.__NVIC_GetPriorityGrouping
                0x0000000008005b1c       0x1c Drivers/STM32L4xx_HAL_Driver/Src/stm32l4xx_hal_cortex.o
 .text.__NVIC_SetPriority
                0x0000000008005b38       0x54 Drivers/STM32L4xx_HAL_Driver/Src/stm32l4xx_hal_cortex.o
 .text.NVIC_EncodePriority
                0x0000000008005b8c       0x66 Drivers/STM32L4xx_HAL_Driver/Src/stm32l4xx_hal_cortex.o
 *fill*         0x0000000008005bf2        0x2 
 .text.SysTick_Config
                0x0000000008005bf4       0x44 Drivers/STM32L4xx_HAL_Driver/Src/stm32l4xx_hal_cortex.o
 .text.HAL_NVIC_SetPriorityGrouping
                0x0000000008005c38       0x16 Drivers/STM32L4xx_HAL_Driver/Src/stm32l4xx_hal_cortex.o
                0x0000000008005c38                HAL_NVIC_SetPriorityGrouping
 .text.HAL_NVIC_SetPriority
                0x0000000008005c4e       0x38 Drivers/STM32L4xx_HAL_Driver/Src/stm32l4xx_hal_cortex.o
                0x0000000008005c4e                HAL_NVIC_SetPriority
 .text.HAL_SYSTICK_Config
                0x0000000008005c86       0x18 Drivers/STM32L4xx_HAL_Driver/Src/stm32l4xx_hal_cortex.o
                0x0000000008005c86                HAL_SYSTICK_Config
 *fill*         0x0000000008005c9e        0x2 
 .text.HAL_DCMI_Init
                0x0000000008005ca0      0x10c Drivers/STM32L4xx_HAL_Driver/Src/stm32l4xx_hal_dcmi.o
                0x0000000008005ca0                HAL_DCMI_Init
 .text.HAL_DFSDM_ChannelInit
                0x0000000008005dac      0x180 Drivers/STM32L4xx_HAL_Driver/Src/stm32l4xx_hal_dfsdm.o
                0x0000000008005dac                HAL_DFSDM_ChannelInit
 .text.DFSDM_GetChannelFromInstance
                0x0000000008005f2c       0x50 Drivers/STM32L4xx_HAL_Driver/Src/stm32l4xx_hal_dfsdm.o
 .text.HAL_GPIO_Init
                0x0000000008005f7c      0x324 Drivers/STM32L4xx_HAL_Driver/Src/stm32l4xx_hal_gpio.o
                0x0000000008005f7c                HAL_GPIO_Init
 .text.HAL_GPIO_DeInit
                0x00000000080062a0      0x1e4 Drivers/STM32L4xx_HAL_Driver/Src/stm32l4xx_hal_gpio.o
                0x00000000080062a0                HAL_GPIO_DeInit
 .text.HAL_GPIO_WritePin
                0x0000000008006484       0x30 Drivers/STM32L4xx_HAL_Driver/Src/stm32l4xx_hal_gpio.o
                0x0000000008006484                HAL_GPIO_WritePin
 .text.HAL_I2C_Init
                0x00000000080064b4      0x11e Drivers/STM32L4xx_HAL_Driver/Src/stm32l4xx_hal_i2c.o
                0x00000000080064b4                HAL_I2C_Init
 .text.HAL_I2C_DeInit
                0x00000000080065d2       0x5e Drivers/STM32L4xx_HAL_Driver/Src/stm32l4xx_hal_i2c.o
                0x00000000080065d2                HAL_I2C_DeInit
 .text.HAL_I2C_Master_Transmit
                0x0000000008006630      0x1e8 Drivers/STM32L4xx_HAL_Driver/Src/stm32l4xx_hal_i2c.o
                0x0000000008006630                HAL_I2C_Master_Transmit
 .text.HAL_I2C_Master_Receive
                0x0000000008006818      0x1ec Drivers/STM32L4xx_HAL_Driver/Src/stm32l4xx_hal_i2c.o
                0x0000000008006818                HAL_I2C_Master_Receive
 .text.I2C_Flush_TXDR
                0x0000000008006a04       0x48 Drivers/STM32L4xx_HAL_Driver/Src/stm32l4xx_hal_i2c.o
 .text.I2C_WaitOnFlagUntilTimeout
                0x0000000008006a4c       0x80 Drivers/STM32L4xx_HAL_Driver/Src/stm32l4xx_hal_i2c.o
 .text.I2C_WaitOnTXISFlagUntilTimeout
                0x0000000008006acc       0x80 Drivers/STM32L4xx_HAL_Driver/Src/stm32l4xx_hal_i2c.o
 .text.I2C_WaitOnSTOPFlagUntilTimeout
                0x0000000008006b4c       0x78 Drivers/STM32L4xx_HAL_Driver/Src/stm32l4xx_hal_i2c.o
 .text.I2C_WaitOnRXNEFlagUntilTimeout
                0x0000000008006bc4       0xd8 Drivers/STM32L4xx_HAL_Driver/Src/stm32l4xx_hal_i2c.o
 .text.I2C_IsAcknowledgeFailed
                0x0000000008006c9c       0xcc Drivers/STM32L4xx_HAL_Driver/Src/stm32l4xx_hal_i2c.o
 .text.I2C_TransferConfig
                0x0000000008006d68       0x5c Drivers/STM32L4xx_HAL_Driver/Src/stm32l4xx_hal_i2c.o
 .text.HAL_I2CEx_ConfigAnalogFilter
                0x0000000008006dc4       0x96 Drivers/STM32L4xx_HAL_Driver/Src/stm32l4xx_hal_i2c_ex.o
                0x0000000008006dc4                HAL_I2CEx_ConfigAnalogFilter
 .text.HAL_I2CEx_ConfigDigitalFilter
                0x0000000008006e5a       0x98 Drivers/STM32L4xx_HAL_Driver/Src/stm32l4xx_hal_i2c_ex.o
                0x0000000008006e5a                HAL_I2CEx_ConfigDigitalFilter
 *fill*         0x0000000008006ef2        0x2 
 .text.HAL_OSPI_Init
                0x0000000008006ef4      0x164 Drivers/STM32L4xx_HAL_Driver/Src/stm32l4xx_hal_ospi.o
                0x0000000008006ef4                HAL_OSPI_Init
 .text.HAL_OSPI_SetTimeout
                0x0000000008007058       0x1e Drivers/STM32L4xx_HAL_Driver/Src/stm32l4xx_hal_ospi.o
                0x0000000008007058                HAL_OSPI_SetTimeout
 *fill*         0x0000000008007076        0x2 
 .text.HAL_OSPIM_Config
                0x0000000008007078      0xa2c Drivers/STM32L4xx_HAL_Driver/Src/stm32l4xx_hal_ospi.o
                0x0000000008007078                HAL_OSPIM_Config
 .text.OSPI_WaitFlagStateUntilTimeout
                0x0000000008007aa4       0x6e Drivers/STM32L4xx_HAL_Driver/Src/stm32l4xx_hal_ospi.o
 *fill*         0x0000000008007b12        0x2 
 .text.OSPIM_GetConfig
                0x0000000008007b14      0x174 Drivers/STM32L4xx_HAL_Driver/Src/stm32l4xx_hal_ospi.o
 .text.HAL_PCD_Init
                0x0000000008007c88      0x248 Drivers/STM32L4xx_HAL_Driver/Src/stm32l4xx_hal_pcd.o
                0x0000000008007c88                HAL_PCD_Init
 .text.HAL_PCDEx_ActivateLPM
                0x0000000008007ed0       0x48 Drivers/STM32L4xx_HAL_Driver/Src/stm32l4xx_hal_pcd_ex.o
                0x0000000008007ed0                HAL_PCDEx_ActivateLPM
 .text.HAL_PWREx_GetVoltageRange
                0x0000000008007f18       0x40 Drivers/STM32L4xx_HAL_Driver/Src/stm32l4xx_hal_pwr_ex.o
                0x0000000008007f18                HAL_PWREx_GetVoltageRange
 .text.HAL_PWREx_ControlVoltageScaling
                0x0000000008007f58      0x148 Drivers/STM32L4xx_HAL_Driver/Src/stm32l4xx_hal_pwr_ex.o
                0x0000000008007f58                HAL_PWREx_ControlVoltageScaling
 .text.HAL_PWREx_EnableVddUSB
                0x00000000080080a0       0x20 Drivers/STM32L4xx_HAL_Driver/Src/stm32l4xx_hal_pwr_ex.o
                0x00000000080080a0                HAL_PWREx_EnableVddUSB
 .text.HAL_PWREx_EnableVddIO2
                0x00000000080080c0       0x20 Drivers/STM32L4xx_HAL_Driver/Src/stm32l4xx_hal_pwr_ex.o
                0x00000000080080c0                HAL_PWREx_EnableVddIO2
 .text.HAL_RCC_OscConfig
                0x00000000080080e0      0x910 Drivers/STM32L4xx_HAL_Driver/Src/stm32l4xx_hal_rcc.o
                0x00000000080080e0                HAL_RCC_OscConfig
 .text.HAL_RCC_ClockConfig
                0x00000000080089f0      0x258 Drivers/STM32L4xx_HAL_Driver/Src/stm32l4xx_hal_rcc.o
                0x00000000080089f0                HAL_RCC_ClockConfig
 .text.HAL_RCC_GetSysClockFreq
                0x0000000008008c48      0x114 Drivers/STM32L4xx_HAL_Driver/Src/stm32l4xx_hal_rcc.o
                0x0000000008008c48                HAL_RCC_GetSysClockFreq
 .text.HAL_RCC_GetHCLKFreq
                0x0000000008008d5c       0x18 Drivers/STM32L4xx_HAL_Driver/Src/stm32l4xx_hal_rcc.o
                0x0000000008008d5c                HAL_RCC_GetHCLKFreq
 .text.HAL_RCC_GetPCLK1Freq
                0x0000000008008d74       0x2c Drivers/STM32L4xx_HAL_Driver/Src/stm32l4xx_hal_rcc.o
                0x0000000008008d74                HAL_RCC_GetPCLK1Freq
 .text.HAL_RCC_GetPCLK2Freq
                0x0000000008008da0       0x2c Drivers/STM32L4xx_HAL_Driver/Src/stm32l4xx_hal_rcc.o
                0x0000000008008da0                HAL_RCC_GetPCLK2Freq
 .text.RCC_SetFlashLatencyFromMSIRange
                0x0000000008008dcc       0xb4 Drivers/STM32L4xx_HAL_Driver/Src/stm32l4xx_hal_rcc.o
 .text.RCC_GetSysClockFreqFromPLLSource
                0x0000000008008e80       0xd0 Drivers/STM32L4xx_HAL_Driver/Src/stm32l4xx_hal_rcc.o
 .text.HAL_RCCEx_PeriphCLKConfig
                0x0000000008008f50      0x6c8 Drivers/STM32L4xx_HAL_Driver/Src/stm32l4xx_hal_rcc_ex.o
                0x0000000008008f50                HAL_RCCEx_PeriphCLKConfig
 .text.HAL_RCCEx_GetPeriphCLKFreq
                0x0000000008009618      0xbdc Drivers/STM32L4xx_HAL_Driver/Src/stm32l4xx_hal_rcc_ex.o
                0x0000000008009618                HAL_RCCEx_GetPeriphCLKFreq
 .text.RCCEx_PLLSAI1_Config
                0x000000000800a1f4      0x1e0 Drivers/STM32L4xx_HAL_Driver/Src/stm32l4xx_hal_rcc_ex.o
 .text.RCCEx_PLLSAI2_Config
                0x000000000800a3d4      0x1e0 Drivers/STM32L4xx_HAL_Driver/Src/stm32l4xx_hal_rcc_ex.o
 .text.RCCEx_GetSAIxPeriphCLKFreq
                0x000000000800a5b4      0x224 Drivers/STM32L4xx_HAL_Driver/Src/stm32l4xx_hal_rcc_ex.o
 .text.HAL_SAI_Init
                0x000000000800a7d8      0x3b8 Drivers/STM32L4xx_HAL_Driver/Src/stm32l4xx_hal_sai.o
                0x000000000800a7d8                HAL_SAI_Init
 .text.SAI_Disable
                0x000000000800ab90       0x74 Drivers/STM32L4xx_HAL_Driver/Src/stm32l4xx_hal_sai.o
 .text.HAL_SD_Init
                0x000000000800ac04      0x106 Drivers/STM32L4xx_HAL_Driver/Src/stm32l4xx_hal_sd.o
                0x000000000800ac04                HAL_SD_Init
 *fill*         0x000000000800ad0a        0x2 
 .text.HAL_SD_InitCard
                0x000000000800ad0c      0x164 Drivers/STM32L4xx_HAL_Driver/Src/stm32l4xx_hal_sd.o
                0x000000000800ad0c                HAL_SD_InitCard
 .text.HAL_SD_GetCardCSD
                0x000000000800ae70      0x348 Drivers/STM32L4xx_HAL_Driver/Src/stm32l4xx_hal_sd.o
                0x000000000800ae70                HAL_SD_GetCardCSD
 .text.HAL_SD_GetCardStatus
                0x000000000800b1b8      0x16c Drivers/STM32L4xx_HAL_Driver/Src/stm32l4xx_hal_sd.o
                0x000000000800b1b8                HAL_SD_GetCardStatus
 .text.HAL_SD_ConfigWideBusOperation
                0x000000000800b324      0x154 Drivers/STM32L4xx_HAL_Driver/Src/stm32l4xx_hal_sd.o
                0x000000000800b324                HAL_SD_ConfigWideBusOperation
 .text.HAL_SD_GetCardState
                0x000000000800b478       0x40 Drivers/STM32L4xx_HAL_Driver/Src/stm32l4xx_hal_sd.o
                0x000000000800b478                HAL_SD_GetCardState
 .text.SD_InitCard
                0x000000000800b4b8      0x17c Drivers/STM32L4xx_HAL_Driver/Src/stm32l4xx_hal_sd.o
 .text.SD_PowerON
                0x000000000800b634      0x218 Drivers/STM32L4xx_HAL_Driver/Src/stm32l4xx_hal_sd.o
 .text.SD_SendSDStatus
                0x000000000800b84c      0x1a0 Drivers/STM32L4xx_HAL_Driver/Src/stm32l4xx_hal_sd.o
 .text.SD_SendStatus
                0x000000000800b9ec       0x50 Drivers/STM32L4xx_HAL_Driver/Src/stm32l4xx_hal_sd.o
 .text.SD_WideBus_Enable
                0x000000000800ba3c       0x96 Drivers/STM32L4xx_HAL_Driver/Src/stm32l4xx_hal_sd.o
 .text.SD_WideBus_Disable
                0x000000000800bad2       0x96 Drivers/STM32L4xx_HAL_Driver/Src/stm32l4xx_hal_sd.o
 .text.SD_FindSCR
                0x000000000800bb68      0x1a0 Drivers/STM32L4xx_HAL_Driver/Src/stm32l4xx_hal_sd.o
 .text.HAL_SDEx_DriveTransceiver_1_8V_Callback
                0x000000000800bd08       0x16 Drivers/STM32L4xx_HAL_Driver/Src/stm32l4xx_hal_sd_ex.o
                0x000000000800bd08                HAL_SDEx_DriveTransceiver_1_8V_Callback
 .text.HAL_SPI_Init
                0x000000000800bd1e      0x146 Drivers/STM32L4xx_HAL_Driver/Src/stm32l4xx_hal_spi.o
                0x000000000800bd1e                HAL_SPI_Init
 .text.HAL_TIM_IC_Init
                0x000000000800be64       0xae Drivers/STM32L4xx_HAL_Driver/Src/stm32l4xx_hal_tim.o
                0x000000000800be64                HAL_TIM_IC_Init
 .text.HAL_TIM_IC_ConfigChannel
                0x000000000800bf12      0x128 Drivers/STM32L4xx_HAL_Driver/Src/stm32l4xx_hal_tim.o
                0x000000000800bf12                HAL_TIM_IC_ConfigChannel
 *fill*         0x000000000800c03a        0x2 
 .text.TIM_Base_SetConfig
                0x000000000800c03c      0x134 Drivers/STM32L4xx_HAL_Driver/Src/stm32l4xx_hal_tim.o
                0x000000000800c03c                TIM_Base_SetConfig
 .text.TIM_TI1_SetConfig
                0x000000000800c170       0xdc Drivers/STM32L4xx_HAL_Driver/Src/stm32l4xx_hal_tim.o
                0x000000000800c170                TIM_TI1_SetConfig
 .text.TIM_TI2_SetConfig
                0x000000000800c24c       0x7a Drivers/STM32L4xx_HAL_Driver/Src/stm32l4xx_hal_tim.o
 .text.TIM_TI3_SetConfig
                0x000000000800c2c6       0x78 Drivers/STM32L4xx_HAL_Driver/Src/stm32l4xx_hal_tim.o
 .text.TIM_TI4_SetConfig
                0x000000000800c33e       0x7a Drivers/STM32L4xx_HAL_Driver/Src/stm32l4xx_hal_tim.o
 .text.HAL_TIMEx_MasterConfigSynchronization
                0x000000000800c3b8      0x110 Drivers/STM32L4xx_HAL_Driver/Src/stm32l4xx_hal_tim_ex.o
                0x000000000800c3b8                HAL_TIMEx_MasterConfigSynchronization
 .text.HAL_UART_Init
                0x000000000800c4c8       0xa0 Drivers/STM32L4xx_HAL_Driver/Src/stm32l4xx_hal_uart.o
                0x000000000800c4c8                HAL_UART_Init
 .text.HAL_UART_Transmit
                0x000000000800c568      0x12c Drivers/STM32L4xx_HAL_Driver/Src/stm32l4xx_hal_uart.o
                0x000000000800c568                HAL_UART_Transmit
 .text.UART_SetConfig
                0x000000000800c694      0x5a4 Drivers/STM32L4xx_HAL_Driver/Src/stm32l4xx_hal_uart.o
                0x000000000800c694                UART_SetConfig
 .text.UART_AdvFeatureConfig
                0x000000000800cc38      0x144 Drivers/STM32L4xx_HAL_Driver/Src/stm32l4xx_hal_uart.o
                0x000000000800cc38                UART_AdvFeatureConfig
 .text.UART_CheckIdleState
                0x000000000800cd7c       0x90 Drivers/STM32L4xx_HAL_Driver/Src/stm32l4xx_hal_uart.o
                0x000000000800cd7c                UART_CheckIdleState
 .text.UART_WaitOnFlagUntilTimeout
                0x000000000800ce0c      0x100 Drivers/STM32L4xx_HAL_Driver/Src/stm32l4xx_hal_uart.o
                0x000000000800ce0c                UART_WaitOnFlagUntilTimeout
 .text.HAL_UARTEx_DisableFifoMode
                0x000000000800cf0c       0x72 Drivers/STM32L4xx_HAL_Driver/Src/stm32l4xx_hal_uart_ex.o
                0x000000000800cf0c                HAL_UARTEx_DisableFifoMode
 .text.HAL_UARTEx_SetTxFifoThreshold
                0x000000000800cf7e       0x7c Drivers/STM32L4xx_HAL_Driver/Src/stm32l4xx_hal_uart_ex.o
                0x000000000800cf7e                HAL_UARTEx_SetTxFifoThreshold
 .text.HAL_UARTEx_SetRxFifoThreshold
                0x000000000800cffa       0x7c Drivers/STM32L4xx_HAL_Driver/Src/stm32l4xx_hal_uart_ex.o
                0x000000000800cffa                HAL_UARTEx_SetRxFifoThreshold
 *fill*         0x000000000800d076        0x2 
 .text.UARTEx_SetNbDataToProcess
                0x000000000800d078       0xd0 Drivers/STM32L4xx_HAL_Driver/Src/stm32l4xx_hal_uart_ex.o
 .text.SDMMC_Init
                0x000000000800d148       0x54 Drivers/STM32L4xx_HAL_Driver/Src/stm32l4xx_ll_sdmmc.o
                0x000000000800d148                SDMMC_Init
 .text.SDMMC_ReadFIFO
                0x000000000800d19c       0x1a Drivers/STM32L4xx_HAL_Driver/Src/stm32l4xx_ll_sdmmc.o
                0x000000000800d19c                SDMMC_ReadFIFO
 .text.SDMMC_PowerState_ON
                0x000000000800d1b6       0x24 Drivers/STM32L4xx_HAL_Driver/Src/stm32l4xx_ll_sdmmc.o
                0x000000000800d1b6                SDMMC_PowerState_ON
 .text.SDMMC_GetPowerState
                0x000000000800d1da       0x1c Drivers/STM32L4xx_HAL_Driver/Src/stm32l4xx_ll_sdmmc.o
                0x000000000800d1da                SDMMC_GetPowerState
 *fill*         0x000000000800d1f6        0x2 
 .text.SDMMC_SendCommand
                0x000000000800d1f8       0x54 Drivers/STM32L4xx_HAL_Driver/Src/stm32l4xx_ll_sdmmc.o
                0x000000000800d1f8                SDMMC_SendCommand
 .text.SDMMC_GetCommandResponse
                0x000000000800d24c       0x1a Drivers/STM32L4xx_HAL_Driver/Src/stm32l4xx_ll_sdmmc.o
                0x000000000800d24c                SDMMC_GetCommandResponse
 .text.SDMMC_GetResponse
                0x000000000800d266       0x26 Drivers/STM32L4xx_HAL_Driver/Src/stm32l4xx_ll_sdmmc.o
                0x000000000800d266                SDMMC_GetResponse
 .text.SDMMC_ConfigData
                0x000000000800d28c       0x58 Drivers/STM32L4xx_HAL_Driver/Src/stm32l4xx_ll_sdmmc.o
                0x000000000800d28c                SDMMC_ConfigData
 .text.SDMMC_CmdBlockLength
                0x000000000800d2e4       0x46 Drivers/STM32L4xx_HAL_Driver/Src/stm32l4xx_ll_sdmmc.o
                0x000000000800d2e4                SDMMC_CmdBlockLength
 .text.SDMMC_CmdSelDesel
                0x000000000800d32a       0x48 Drivers/STM32L4xx_HAL_Driver/Src/stm32l4xx_ll_sdmmc.o
                0x000000000800d32a                SDMMC_CmdSelDesel
 .text.SDMMC_CmdGoIdleState
                0x000000000800d372       0x3c Drivers/STM32L4xx_HAL_Driver/Src/stm32l4xx_ll_sdmmc.o
                0x000000000800d372                SDMMC_CmdGoIdleState
 .text.SDMMC_CmdOperCond
                0x000000000800d3ae       0x40 Drivers/STM32L4xx_HAL_Driver/Src/stm32l4xx_ll_sdmmc.o
                0x000000000800d3ae                SDMMC_CmdOperCond
 .text.SDMMC_CmdAppCommand
                0x000000000800d3ee       0x46 Drivers/STM32L4xx_HAL_Driver/Src/stm32l4xx_ll_sdmmc.o
                0x000000000800d3ee                SDMMC_CmdAppCommand
 .text.SDMMC_CmdAppOperCommand
                0x000000000800d434       0x40 Drivers/STM32L4xx_HAL_Driver/Src/stm32l4xx_ll_sdmmc.o
                0x000000000800d434                SDMMC_CmdAppOperCommand
 .text.SDMMC_CmdBusWidth
                0x000000000800d474       0x46 Drivers/STM32L4xx_HAL_Driver/Src/stm32l4xx_ll_sdmmc.o
                0x000000000800d474                SDMMC_CmdBusWidth
 .text.SDMMC_CmdSendSCR
                0x000000000800d4ba       0x44 Drivers/STM32L4xx_HAL_Driver/Src/stm32l4xx_ll_sdmmc.o
                0x000000000800d4ba                SDMMC_CmdSendSCR
 .text.SDMMC_CmdSendCID
                0x000000000800d4fe       0x3e Drivers/STM32L4xx_HAL_Driver/Src/stm32l4xx_ll_sdmmc.o
                0x000000000800d4fe                SDMMC_CmdSendCID
 .text.SDMMC_CmdSendCSD
                0x000000000800d53c       0x40 Drivers/STM32L4xx_HAL_Driver/Src/stm32l4xx_ll_sdmmc.o
                0x000000000800d53c                SDMMC_CmdSendCSD
 .text.SDMMC_CmdSetRelAdd
                0x000000000800d57c       0x44 Drivers/STM32L4xx_HAL_Driver/Src/stm32l4xx_ll_sdmmc.o
                0x000000000800d57c                SDMMC_CmdSetRelAdd
 .text.SDMMC_CmdSendStatus
                0x000000000800d5c0       0x46 Drivers/STM32L4xx_HAL_Driver/Src/stm32l4xx_ll_sdmmc.o
                0x000000000800d5c0                SDMMC_CmdSendStatus
 .text.SDMMC_CmdStatusRegister
                0x000000000800d606       0x44 Drivers/STM32L4xx_HAL_Driver/Src/stm32l4xx_ll_sdmmc.o
                0x000000000800d606                SDMMC_CmdStatusRegister
 .text.SDMMC_CmdVoltageSwitch
                0x000000000800d64a       0x44 Drivers/STM32L4xx_HAL_Driver/Src/stm32l4xx_ll_sdmmc.o
                0x000000000800d64a                SDMMC_CmdVoltageSwitch
 *fill*         0x000000000800d68e        0x2 
 .text.SDMMC_GetCmdResp1
                0x000000000800d690      0x1e4 Drivers/STM32L4xx_HAL_Driver/Src/stm32l4xx_ll_sdmmc.o
                0x000000000800d690                SDMMC_GetCmdResp1
 .text.SDMMC_GetCmdResp2
                0x000000000800d874       0x94 Drivers/STM32L4xx_HAL_Driver/Src/stm32l4xx_ll_sdmmc.o
                0x000000000800d874                SDMMC_GetCmdResp2
 .text.SDMMC_GetCmdResp3
                0x000000000800d908       0x80 Drivers/STM32L4xx_HAL_Driver/Src/stm32l4xx_ll_sdmmc.o
                0x000000000800d908                SDMMC_GetCmdResp3
 .text.SDMMC_GetCmdResp6
                0x000000000800d988       0xf0 Drivers/STM32L4xx_HAL_Driver/Src/stm32l4xx_ll_sdmmc.o
                0x000000000800d988                SDMMC_GetCmdResp6
 .text.SDMMC_GetCmdResp7
                0x000000000800da78       0x9c Drivers/STM32L4xx_HAL_Driver/Src/stm32l4xx_ll_sdmmc.o
                0x000000000800da78                SDMMC_GetCmdResp7
 .text.SDMMC_GetCmdError
                0x000000000800db14       0x5c Drivers/STM32L4xx_HAL_Driver/Src/stm32l4xx_ll_sdmmc.o
 .text.USB_CoreInit
                0x000000000800db70       0xa4 Drivers/STM32L4xx_HAL_Driver/Src/stm32l4xx_ll_usb.o
                0x000000000800db70                USB_CoreInit
 .text.USB_DisableGlobalInt
                0x000000000800dc14       0x22 Drivers/STM32L4xx_HAL_Driver/Src/stm32l4xx_ll_usb.o
                0x000000000800dc14                USB_DisableGlobalInt
 .text.USB_SetCurrentMode
                0x000000000800dc36       0x54 Drivers/STM32L4xx_HAL_Driver/Src/stm32l4xx_ll_usb.o
                0x000000000800dc36                USB_SetCurrentMode
 *fill*         0x000000000800dc8a        0x2 
 .text.USB_DevInit
                0x000000000800dc8c      0x298 Drivers/STM32L4xx_HAL_Driver/Src/stm32l4xx_ll_usb.o
                0x000000000800dc8c                USB_DevInit
 .text.USB_FlushTxFifo
                0x000000000800df24       0x4c Drivers/STM32L4xx_HAL_Driver/Src/stm32l4xx_ll_usb.o
                0x000000000800df24                USB_FlushTxFifo
 .text.USB_FlushRxFifo
                0x000000000800df70       0x44 Drivers/STM32L4xx_HAL_Driver/Src/stm32l4xx_ll_usb.o
                0x000000000800df70                USB_FlushRxFifo
 .text.USB_SetDevSpeed
                0x000000000800dfb4       0x32 Drivers/STM32L4xx_HAL_Driver/Src/stm32l4xx_ll_usb.o
                0x000000000800dfb4                USB_SetDevSpeed
 .text.USB_DevDisconnect
                0x000000000800dfe6       0x42 Drivers/STM32L4xx_HAL_Driver/Src/stm32l4xx_ll_usb.o
                0x000000000800dfe6                USB_DevDisconnect
 .text.USB_CoreReset
                0x000000000800e028       0x68 Drivers/STM32L4xx_HAL_Driver/Src/stm32l4xx_ll_usb.o
 .text.JAtoN    0x000000000800e090      0x394 note-c/n_atof.o
                0x000000000800e090                JAtoN
 .text.case_insensitive_strcmp
                0x000000000800e424       0xe0 note-c/n_cjson.o
 .text.Jstrdup  0x000000000800e504       0x4c note-c/n_cjson.o
 .text.JFree    0x000000000800e550       0x16 note-c/n_cjson.o
                0x000000000800e550                JFree
 .text.JNew_Item
                0x000000000800e566       0x28 note-c/n_cjson.o
 .text.JDelete  0x000000000800e58e       0x86 note-c/n_cjson.o
                0x000000000800e58e                JDelete
 .text.get_decimal_point
                0x000000000800e614       0x10 note-c/n_cjson.o
 *fill*         0x000000000800e624        0x4 
 .text.parse_number
                0x000000000800e628      0x25c note-c/n_cjson.o
 .text.ensure   0x000000000800e884       0xfa note-c/n_cjson.o
 .text.update_offset
                0x000000000800e97e       0x42 note-c/n_cjson.o
 .text.print_number
                0x000000000800e9c0      0x12c note-c/n_cjson.o
 .text.parse_hex4
                0x000000000800eaec       0xc4 note-c/n_cjson.o
 .text.utf16_literal_to_utf8
                0x000000000800ebb0      0x1cc note-c/n_cjson.o
 .text.parse_string
                0x000000000800ed7c      0x35c note-c/n_cjson.o
 .text.htoa16   0x000000000800f0d8       0x64 note-c/n_cjson.o
                0x000000000800f0d8                htoa16
 .text.print_string_ptr
                0x000000000800f13c      0x1f4 note-c/n_cjson.o
 .text.print_string
                0x000000000800f330       0x20 note-c/n_cjson.o
 .text.buffer_skip_whitespace
                0x000000000800f350       0x6a note-c/n_cjson.o
 *fill*         0x000000000800f3ba        0x2 
 .text.skip_utf8_bom
                0x000000000800f3bc       0x68 note-c/n_cjson.o
 .text.JParseWithOpts
                0x000000000800f424      0x11c note-c/n_cjson.o
                0x000000000800f424                JParseWithOpts
 .text.JParse   0x000000000800f540       0x1c note-c/n_cjson.o
                0x000000000800f540                JParse
 .text.print    0x000000000800f55c       0xc8 note-c/n_cjson.o
 .text.JPrintUnformatted
                0x000000000800f624       0x1a note-c/n_cjson.o
                0x000000000800f624                JPrintUnformatted
 *fill*         0x000000000800f63e        0x2 
 .text.parse_value
                0x000000000800f640      0x1dc note-c/n_cjson.o
 .text.print_value
                0x000000000800f81c      0x14c note-c/n_cjson.o
 .text.parse_array
                0x000000000800f968      0x176 note-c/n_cjson.o
 .text.print_array
                0x000000000800fade      0x10c note-c/n_cjson.o
 .text.parse_object
                0x000000000800fbea      0x1e4 note-c/n_cjson.o
 .text.print_object
                0x000000000800fdce      0x23e note-c/n_cjson.o
 .text.get_object_item
                0x000000000801000c       0x76 note-c/n_cjson.o
 .text.JGetObjectItem
                0x0000000008010082       0x1e note-c/n_cjson.o
                0x0000000008010082                JGetObjectItem
 .text.suffix_object
                0x00000000080100a0       0x22 note-c/n_cjson.o
 .text.add_item_to_array
                0x00000000080100c2       0x52 note-c/n_cjson.o
 .text.cast_away_const
                0x0000000008010114       0x16 note-c/n_cjson.o
 .text.add_item_to_object
                0x000000000801012a       0x9e note-c/n_cjson.o
 .text.JAddItemToObject
                0x00000000080101c8       0x20 note-c/n_cjson.o
                0x00000000080101c8                JAddItemToObject
 .text.JAddBoolToObject
                0x00000000080101e8       0x3a note-c/n_cjson.o
                0x00000000080101e8                JAddBoolToObject
 .text.JAddNumberToObject
                0x0000000008010222       0x3e note-c/n_cjson.o
                0x0000000008010222                JAddNumberToObject
 .text.JAddStringToObject
                0x0000000008010260       0x3a note-c/n_cjson.o
                0x0000000008010260                JAddStringToObject
 .text.JCreateBool
                0x000000000801029a       0x2e note-c/n_cjson.o
                0x000000000801029a                JCreateBool
 .text.JCreateNumber
                0x00000000080102c8       0x8c note-c/n_cjson.o
                0x00000000080102c8                JCreateNumber
 .text.JCreateString
                0x0000000008010354       0x42 note-c/n_cjson.o
                0x0000000008010354                JCreateString
 .text.JCreateObject
                0x0000000008010396       0x22 note-c/n_cjson.o
                0x0000000008010396                JCreateObject
 .text.JIsString
                0x00000000080103b8       0x2e note-c/n_cjson.o
                0x00000000080103b8                JIsString
 .text.JIsNullString
                0x00000000080103e6       0x5c note-c/n_cjson_helpers.o
                0x00000000080103e6                JIsNullString
 *fill*         0x0000000008010442        0x6 
 .text.JNtoA    0x0000000008010448      0x39c note-c/n_ftoa.o
                0x0000000008010448                JNtoA
 .text.NoteSetFn
                0x00000000080107e4       0x44 note-c/n_hooks.o
                0x00000000080107e4                NoteSetFn
 .text.NoteSetFnI2C
                0x0000000008010828       0x74 note-c/n_hooks.o
                0x0000000008010828                NoteSetFnI2C
 .text.NoteDebugln
                0x000000000801089c       0x24 note-c/n_hooks.o
                0x000000000801089c                NoteDebugln
 .text.NoteDebug
                0x00000000080108c0       0x24 note-c/n_hooks.o
                0x00000000080108c0                NoteDebug
 .text.NoteGetMs
                0x00000000080108e4       0x20 note-c/n_hooks.o
                0x00000000080108e4                NoteGetMs
 .text.NoteDelayMs
                0x0000000008010904       0x24 note-c/n_hooks.o
                0x0000000008010904                NoteDelayMs
 .text.NoteMalloc
                0x0000000008010928       0x2c note-c/n_hooks.o
                0x0000000008010928                NoteMalloc
 .text.NoteFree
                0x0000000008010954       0x24 note-c/n_hooks.o
                0x0000000008010954                NoteFree
 .text.NoteLockI2C
                0x0000000008010978       0x1c note-c/n_hooks.o
                0x0000000008010978                NoteLockI2C
 .text.NoteUnlockI2C
                0x0000000008010994       0x1c note-c/n_hooks.o
                0x0000000008010994                NoteUnlockI2C
 .text.NoteLockNote
                0x00000000080109b0       0x1c note-c/n_hooks.o
                0x00000000080109b0                NoteLockNote
 .text.NoteUnlockNote
                0x00000000080109cc       0x1c note-c/n_hooks.o
                0x00000000080109cc                NoteUnlockNote
 .text.NoteI2CReset
                0x00000000080109e8       0x2c note-c/n_hooks.o
                0x00000000080109e8                NoteI2CReset
 .text.NoteI2CTransmit
                0x0000000008010a14       0x48 note-c/n_hooks.o
                0x0000000008010a14                NoteI2CTransmit
 .text.NoteI2CReceive
                0x0000000008010a5c       0x4c note-c/n_hooks.o
                0x0000000008010a5c                NoteI2CReceive
 .text.NoteI2CAddress
                0x0000000008010aa8       0x24 note-c/n_hooks.o
                0x0000000008010aa8                NoteI2CAddress
 .text.NoteI2CMax
                0x0000000008010acc       0x30 note-c/n_hooks.o
                0x0000000008010acc                NoteI2CMax
 .text.NoteHardReset
                0x0000000008010afc       0x20 note-c/n_hooks.o
                0x0000000008010afc                NoteHardReset
 .text.NoteJSONTransaction
                0x0000000008010b1c       0x34 note-c/n_hooks.o
                0x0000000008010b1c                NoteJSONTransaction
 .text._DelayIO
                0x0000000008010b50        0xe note-c/n_i2c.o
 *fill*         0x0000000008010b5e        0x2 
 .text.i2cNoteTransaction
                0x0000000008010b60      0x278 note-c/n_i2c.o
                0x0000000008010b60                i2cNoteTransaction
 .text.i2cNoteReset
                0x0000000008010dd8      0x118 note-c/n_i2c.o
                0x0000000008010dd8                i2cNoteReset
 .text.errDoc   0x0000000008010ef0       0x58 note-c/n_request.o
 .text.NoteNewRequest
                0x0000000008010f48       0x30 note-c/n_request.o
                0x0000000008010f48                NoteNewRequest
 .text.NoteRequest
                0x0000000008010f78       0x54 note-c/n_request.o
                0x0000000008010f78                NoteRequest
 .text.NoteTransaction
                0x0000000008010fcc       0xf4 note-c/n_request.o
                0x0000000008010fcc                NoteTransaction
 .text.NoteResetRequired
                0x00000000080110c0       0x18 note-c/n_request.o
                0x00000000080110c0                NoteResetRequired
 .text.NoteReset
                0x00000000080110d8       0x50 note-c/n_request.o
                0x00000000080110d8                NoteReset
 .text.__errno  0x0000000008011128        0xc /opt/st/stm32cubeide_1.4.0/plugins/com.st.stm32cube.ide.mcu.externaltools.gnu-tools-for-stm32.7-2018-q2-update.linux64_1.4.0.202007081208/tools/bin/../lib/gcc/arm-none-eabi/7.3.1/../../../../arm-none-eabi/lib/thumb/v7e-m/fpv4-sp/hard/libc_nano.a(lib_a-errno.o)
                0x0000000008011128                __errno
 .text.__libc_init_array
                0x0000000008011134       0x48 /opt/st/stm32cubeide_1.4.0/plugins/com.st.stm32cube.ide.mcu.externaltools.gnu-tools-for-stm32.7-2018-q2-update.linux64_1.4.0.202007081208/tools/bin/../lib/gcc/arm-none-eabi/7.3.1/../../../../arm-none-eabi/lib/thumb/v7e-m/fpv4-sp/hard/libc_nano.a(lib_a-init.o)
                0x0000000008011134                __libc_init_array
 .text.__locale_ctype_ptr
                0x000000000801117c       0x1c /opt/st/stm32cubeide_1.4.0/plugins/com.st.stm32cube.ide.mcu.externaltools.gnu-tools-for-stm32.7-2018-q2-update.linux64_1.4.0.202007081208/tools/bin/../lib/gcc/arm-none-eabi/7.3.1/../../../../arm-none-eabi/lib/thumb/v7e-m/fpv4-sp/hard/libc_nano.a(lib_a-locale.o)
                0x000000000801117c                __locale_ctype_ptr
 .text.malloc   0x0000000008011198       0x10 /opt/st/stm32cubeide_1.4.0/plugins/com.st.stm32cube.ide.mcu.externaltools.gnu-tools-for-stm32.7-2018-q2-update.linux64_1.4.0.202007081208/tools/bin/../lib/gcc/arm-none-eabi/7.3.1/../../../../arm-none-eabi/lib/thumb/v7e-m/fpv4-sp/hard/libc_nano.a(lib_a-malloc.o)
                0x0000000008011198                malloc
 .text.free     0x00000000080111a8       0x10 /opt/st/stm32cubeide_1.4.0/plugins/com.st.stm32cube.ide.mcu.externaltools.gnu-tools-for-stm32.7-2018-q2-update.linux64_1.4.0.202007081208/tools/bin/../lib/gcc/arm-none-eabi/7.3.1/../../../../arm-none-eabi/lib/thumb/v7e-m/fpv4-sp/hard/libc_nano.a(lib_a-malloc.o)
                0x00000000080111a8                free
 .text.__ascii_mbtowc
                0x00000000080111b8       0x24 /opt/st/stm32cubeide_1.4.0/plugins/com.st.stm32cube.ide.mcu.externaltools.gnu-tools-for-stm32.7-2018-q2-update.linux64_1.4.0.202007081208/tools/bin/../lib/gcc/arm-none-eabi/7.3.1/../../../../arm-none-eabi/lib/thumb/v7e-m/fpv4-sp/hard/libc_nano.a(lib_a-mbtowc_r.o)
                0x00000000080111b8                __ascii_mbtowc
 .text.memcpy   0x00000000080111dc       0x16 /opt/st/stm32cubeide_1.4.0/plugins/com.st.stm32cube.ide.mcu.externaltools.gnu-tools-for-stm32.7-2018-q2-update.linux64_1.4.0.202007081208/tools/bin/../lib/gcc/arm-none-eabi/7.3.1/../../../../arm-none-eabi/lib/thumb/v7e-m/fpv4-sp/hard/libc_nano.a(lib_a-memcpy-stub.o)
                0x00000000080111dc                memcpy
 .text.memmove  0x00000000080111f2       0x32 /opt/st/stm32cubeide_1.4.0/plugins/com.st.stm32cube.ide.mcu.externaltools.gnu-tools-for-stm32.7-2018-q2-update.linux64_1.4.0.202007081208/tools/bin/../lib/gcc/arm-none-eabi/7.3.1/../../../../arm-none-eabi/lib/thumb/v7e-m/fpv4-sp/hard/libc_nano.a(lib_a-memmove.o)
                0x00000000080111f2                memmove
 .text.memset   0x0000000008011224       0x10 /opt/st/stm32cubeide_1.4.0/plugins/com.st.stm32cube.ide.mcu.externaltools.gnu-tools-for-stm32.7-2018-q2-update.linux64_1.4.0.202007081208/tools/bin/../lib/gcc/arm-none-eabi/7.3.1/../../../../arm-none-eabi/lib/thumb/v7e-m/fpv4-sp/hard/libc_nano.a(lib_a-memset.o)
                0x0000000008011224                memset
 .text._free_r  0x0000000008011234       0x9c /opt/st/stm32cubeide_1.4.0/plugins/com.st.stm32cube.ide.mcu.externaltools.gnu-tools-for-stm32.7-2018-q2-update.linux64_1.4.0.202007081208/tools/bin/../lib/gcc/arm-none-eabi/7.3.1/../../../../arm-none-eabi/lib/thumb/v7e-m/fpv4-sp/hard/libc_nano.a(lib_a-nano-freer.o)
                0x0000000008011234                _free_r
 .text._malloc_r
                0x00000000080112d0       0xb4 /opt/st/stm32cubeide_1.4.0/plugins/com.st.stm32cube.ide.mcu.externaltools.gnu-tools-for-stm32.7-2018-q2-update.linux64_1.4.0.202007081208/tools/bin/../lib/gcc/arm-none-eabi/7.3.1/../../../../arm-none-eabi/lib/thumb/v7e-m/fpv4-sp/hard/libc_nano.a(lib_a-nano-mallocr.o)
                0x00000000080112d0                _malloc_r
 .text._sbrk_r  0x0000000008011384       0x20 /opt/st/stm32cubeide_1.4.0/plugins/com.st.stm32cube.ide.mcu.externaltools.gnu-tools-for-stm32.7-2018-q2-update.linux64_1.4.0.202007081208/tools/bin/../lib/gcc/arm-none-eabi/7.3.1/../../../../arm-none-eabi/lib/thumb/v7e-m/fpv4-sp/hard/libc_nano.a(lib_a-sbrkr.o)
                0x0000000008011384                _sbrk_r
 .text.sprintf  0x00000000080113a4       0x40 /opt/st/stm32cubeide_1.4.0/plugins/com.st.stm32cube.ide.mcu.externaltools.gnu-tools-for-stm32.7-2018-q2-update.linux64_1.4.0.202007081208/tools/bin/../lib/gcc/arm-none-eabi/7.3.1/../../../../arm-none-eabi/lib/thumb/v7e-m/fpv4-sp/hard/libc_nano.a(lib_a-sprintf.o)
                0x00000000080113a4                sprintf
                0x00000000080113a4                siprintf
 .text.strchr   0x00000000080113e4       0x1a /opt/st/stm32cubeide_1.4.0/plugins/com.st.stm32cube.ide.mcu.externaltools.gnu-tools-for-stm32.7-2018-q2-update.linux64_1.4.0.202007081208/tools/bin/../lib/gcc/arm-none-eabi/7.3.1/../../../../arm-none-eabi/lib/thumb/v7e-m/fpv4-sp/hard/libc_nano.a(lib_a-strchr.o)
                0x00000000080113e4                strchr
 .text.strcpy   0x00000000080113fe       0x10 /opt/st/stm32cubeide_1.4.0/plugins/com.st.stm32cube.ide.mcu.externaltools.gnu-tools-for-stm32.7-2018-q2-update.linux64_1.4.0.202007081208/tools/bin/../lib/gcc/arm-none-eabi/7.3.1/../../../../arm-none-eabi/lib/thumb/v7e-m/fpv4-sp/hard/libc_nano.a(lib_a-strcpy.o)
                0x00000000080113fe                strcpy
 .text.strncmp  0x000000000801140e       0x24 /opt/st/stm32cubeide_1.4.0/plugins/com.st.stm32cube.ide.mcu.externaltools.gnu-tools-for-stm32.7-2018-q2-update.linux64_1.4.0.202007081208/tools/bin/../lib/gcc/arm-none-eabi/7.3.1/../../../../arm-none-eabi/lib/thumb/v7e-m/fpv4-sp/hard/libc_nano.a(lib_a-strncmp.o)
                0x000000000801140e                strncmp
 .text.__ascii_wctomb
                0x0000000008011432       0x1a /opt/st/stm32cubeide_1.4.0/plugins/com.st.stm32cube.ide.mcu.externaltools.gnu-tools-for-stm32.7-2018-q2-update.linux64_1.4.0.202007081208/tools/bin/../lib/gcc/arm-none-eabi/7.3.1/../../../../arm-none-eabi/lib/thumb/v7e-m/fpv4-sp/hard/libc_nano.a(lib_a-wctomb_r.o)
                0x0000000008011432                __ascii_wctomb
 .text.__malloc_lock
                0x000000000801144c        0x2 /opt/st/stm32cubeide_1.4.0/plugins/com.st.stm32cube.ide.mcu.externaltools.gnu-tools-for-stm32.7-2018-q2-update.linux64_1.4.0.202007081208/tools/bin/../lib/gcc/arm-none-eabi/7.3.1/../../../../arm-none-eabi/lib/thumb/v7e-m/fpv4-sp/hard/libc_nano.a(lib_a-mlock.o)
                0x000000000801144c                __malloc_lock
 .text.__malloc_unlock
                0x000000000801144e        0x2 /opt/st/stm32cubeide_1.4.0/plugins/com.st.stm32cube.ide.mcu.externaltools.gnu-tools-for-stm32.7-2018-q2-update.linux64_1.4.0.202007081208/tools/bin/../lib/gcc/arm-none-eabi/7.3.1/../../../../arm-none-eabi/lib/thumb/v7e-m/fpv4-sp/hard/libc_nano.a(lib_a-mlock.o)
                0x000000000801144e                __malloc_unlock
 .text.__ssputs_r
                0x0000000008011450       0xb4 /opt/st/stm32cubeide_1.4.0/plugins/com.st.stm32cube.ide.mcu.externaltools.gnu-tools-for-stm32.7-2018-q2-update.linux64_1.4.0.202007081208/tools/bin/../lib/gcc/arm-none-eabi/7.3.1/../../../../arm-none-eabi/lib/thumb/v7e-m/fpv4-sp/hard/libc_nano.a(lib_a-nano-svfprintf.o)
                0x0000000008011450                __ssputs_r
 .text._svfprintf_r
                0x0000000008011504      0x1f0 /opt/st/stm32cubeide_1.4.0/plugins/com.st.stm32cube.ide.mcu.externaltools.gnu-tools-for-stm32.7-2018-q2-update.linux64_1.4.0.202007081208/tools/bin/../lib/gcc/arm-none-eabi/7.3.1/../../../../arm-none-eabi/lib/thumb/v7e-m/fpv4-sp/hard/libc_nano.a(lib_a-nano-svfprintf.o)
                0x0000000008011504                _svfprintf_r
                0x0000000008011504                _svfiprintf_r
 .text._printf_common
                0x00000000080116f4       0xea /opt/st/stm32cubeide_1.4.0/plugins/com.st.stm32cube.ide.mcu.externaltools.gnu-tools-for-stm32.7-2018-q2-update.linux64_1.4.0.202007081208/tools/bin/../lib/gcc/arm-none-eabi/7.3.1/../../../../arm-none-eabi/lib/thumb/v7e-m/fpv4-sp/hard/libc_nano.a(lib_a-nano-vfprintf_i.o)
                0x00000000080116f4                _printf_common
 *fill*         0x00000000080117de        0x2 
 .text._printf_i
                0x00000000080117e0      0x224 /opt/st/stm32cubeide_1.4.0/plugins/com.st.stm32cube.ide.mcu.externaltools.gnu-tools-for-stm32.7-2018-q2-update.linux64_1.4.0.202007081208/tools/bin/../lib/gcc/arm-none-eabi/7.3.1/../../../../arm-none-eabi/lib/thumb/v7e-m/fpv4-sp/hard/libc_nano.a(lib_a-nano-vfprintf_i.o)
                0x00000000080117e0                _printf_i
 .text._realloc_r
                0x0000000008011a04       0x4c /opt/st/stm32cubeide_1.4.0/plugins/com.st.stm32cube.ide.mcu.externaltools.gnu-tools-for-stm32.7-2018-q2-update.linux64_1.4.0.202007081208/tools/bin/../lib/gcc/arm-none-eabi/7.3.1/../../../../arm-none-eabi/lib/thumb/v7e-m/fpv4-sp/hard/libc_nano.a(lib_a-nano-reallocr.o)
                0x0000000008011a04                _realloc_r
 .text._malloc_usable_size_r
                0x0000000008011a50       0x10 /opt/st/stm32cubeide_1.4.0/plugins/com.st.stm32cube.ide.mcu.externaltools.gnu-tools-for-stm32.7-2018-q2-update.linux64_1.4.0.202007081208/tools/bin/../lib/gcc/arm-none-eabi/7.3.1/../../../../arm-none-eabi/lib/thumb/v7e-m/fpv4-sp/hard/libc_nano.a(lib_a-nano-msizer.o)
                0x0000000008011a50                _malloc_usable_size_r
 *(.glue_7)
 .glue_7        0x0000000008011a60        0x0 linker stubs
 *(.glue_7t)
 .glue_7t       0x0000000008011a60        0x0 linker stubs
 *(.eh_frame)
 .eh_frame      0x0000000008011a60        0x0 /opt/st/stm32cubeide_1.4.0/plugins/com.st.stm32cube.ide.mcu.externaltools.gnu-tools-for-stm32.7-2018-q2-update.linux64_1.4.0.202007081208/tools/bin/../lib/gcc/arm-none-eabi/7.3.1/thumb/v7e-m/fpv4-sp/hard/crtbegin.o
 *(.init)
 .init          0x0000000008011a60        0x4 /opt/st/stm32cubeide_1.4.0/plugins/com.st.stm32cube.ide.mcu.externaltools.gnu-tools-for-stm32.7-2018-q2-update.linux64_1.4.0.202007081208/tools/bin/../lib/gcc/arm-none-eabi/7.3.1/thumb/v7e-m/fpv4-sp/hard/crti.o
                0x0000000008011a60                _init
 .init          0x0000000008011a64        0x8 /opt/st/stm32cubeide_1.4.0/plugins/com.st.stm32cube.ide.mcu.externaltools.gnu-tools-for-stm32.7-2018-q2-update.linux64_1.4.0.202007081208/tools/bin/../lib/gcc/arm-none-eabi/7.3.1/thumb/v7e-m/fpv4-sp/hard/crtn.o
 *(.fini)
 .fini          0x0000000008011a6c        0x4 /opt/st/stm32cubeide_1.4.0/plugins/com.st.stm32cube.ide.mcu.externaltools.gnu-tools-for-stm32.7-2018-q2-update.linux64_1.4.0.202007081208/tools/bin/../lib/gcc/arm-none-eabi/7.3.1/thumb/v7e-m/fpv4-sp/hard/crti.o
                0x0000000008011a6c                _fini
 .fini          0x0000000008011a70        0x8 /opt/st/stm32cubeide_1.4.0/plugins/com.st.stm32cube.ide.mcu.externaltools.gnu-tools-for-stm32.7-2018-q2-update.linux64_1.4.0.202007081208/tools/bin/../lib/gcc/arm-none-eabi/7.3.1/thumb/v7e-m/fpv4-sp/hard/crtn.o
                0x0000000008011a78                . = ALIGN (0x4)
                0x0000000008011a78                _etext = .

.vfp11_veneer   0x0000000008011a78        0x0
 .vfp11_veneer  0x0000000008011a78        0x0 linker stubs

.v4_bx          0x0000000008011a78        0x0
 .v4_bx         0x0000000008011a78        0x0 linker stubs

.iplt           0x0000000008011a78        0x0
 .iplt          0x0000000008011a78        0x0 /opt/st/stm32cubeide_1.4.0/plugins/com.st.stm32cube.ide.mcu.externaltools.gnu-tools-for-stm32.7-2018-q2-update.linux64_1.4.0.202007081208/tools/bin/../lib/gcc/arm-none-eabi/7.3.1/thumb/v7e-m/fpv4-sp/hard/crtbegin.o

.rodata         0x0000000008011a78      0x624
                0x0000000008011a78                . = ALIGN (0x4)
 *(.rodata)
 .rodata        0x0000000008011a78       0x88 BME680_driver/bme680.o
 .rodata        0x0000000008011b00      0x1aa Core/Src/main.o
 *fill*         0x0000000008011caa        0x2 
 .rodata        0x0000000008011cac       0x10 Drivers/STM32L4xx_HAL_Driver/Src/stm32l4xx_hal_uart_ex.o
 .rodata        0x0000000008011cbc       0x14 note-c/n_cjson.o
 .rodata        0x0000000008011cd0       0x38 note-c/n_const.o
 .rodata        0x0000000008011d08       0x58 note-c/n_ftoa.o
 .rodata        0x0000000008011d60       0x29 note-c/n_hooks.o
 *fill*         0x0000000008011d89        0x3 
 .rodata        0x0000000008011d8c      0x10d note-c/n_i2c.o
 *fill*         0x0000000008011e99        0x3 
 .rodata        0x0000000008011e9c       0x58 note-c/n_request.o
 *(.rodata*)
 .rodata.USART2_TIMEOUT.13856
                0x0000000008011ef4        0x4 Core/Src/main.o
 .rodata.AHBPrescTable
                0x0000000008011ef8       0x10 Core/Src/system_stm32l4xx.o
                0x0000000008011ef8                AHBPrescTable
 .rodata.APBPrescTable
                0x0000000008011f08        0x8 Core/Src/system_stm32l4xx.o
                0x0000000008011f08                APBPrescTable
 .rodata.MSIRangeTable
                0x0000000008011f10       0x30 Core/Src/system_stm32l4xx.o
                0x0000000008011f10                MSIRangeTable
 .rodata.UARTPrescTable
                0x0000000008011f40       0x18 Drivers/STM32L4xx_HAL_Driver/Src/stm32l4xx_hal_uart.o
                0x0000000008011f40                UARTPrescTable
 .rodata.default_buffer_size.8521
                0x0000000008011f58        0x4 note-c/n_cjson.o
 .rodata._setlocale_r.str1.1
                0x0000000008011f5c        0x8 /opt/st/stm32cubeide_1.4.0/plugins/com.st.stm32cube.ide.mcu.externaltools.gnu-tools-for-stm32.7-2018-q2-update.linux64_1.4.0.202007081208/tools/bin/../lib/gcc/arm-none-eabi/7.3.1/../../../../arm-none-eabi/lib/thumb/v7e-m/fpv4-sp/hard/libc_nano.a(lib_a-locale.o)
                                          0x9 (size before relaxing)
 .rodata.str1.1
                0x0000000008011f64        0x2 /opt/st/stm32cubeide_1.4.0/plugins/com.st.stm32cube.ide.mcu.externaltools.gnu-tools-for-stm32.7-2018-q2-update.linux64_1.4.0.202007081208/tools/bin/../lib/gcc/arm-none-eabi/7.3.1/../../../../arm-none-eabi/lib/thumb/v7e-m/fpv4-sp/hard/libc_nano.a(lib_a-locale.o)
 .rodata._ctype_
                0x0000000008011f66      0x101 /opt/st/stm32cubeide_1.4.0/plugins/com.st.stm32cube.ide.mcu.externaltools.gnu-tools-for-stm32.7-2018-q2-update.linux64_1.4.0.202007081208/tools/bin/../lib/gcc/arm-none-eabi/7.3.1/../../../../arm-none-eabi/lib/thumb/v7e-m/fpv4-sp/hard/libc_nano.a(lib_a-ctype_.o)
                0x0000000008011f66                _ctype_
 .rodata._svfprintf_r.str1.1
                0x0000000008012067       0x11 /opt/st/stm32cubeide_1.4.0/plugins/com.st.stm32cube.ide.mcu.externaltools.gnu-tools-for-stm32.7-2018-q2-update.linux64_1.4.0.202007081208/tools/bin/../lib/gcc/arm-none-eabi/7.3.1/../../../../arm-none-eabi/lib/thumb/v7e-m/fpv4-sp/hard/libc_nano.a(lib_a-nano-svfprintf.o)
 .rodata._printf_i.str1.1
                0x0000000008012078       0x22 /opt/st/stm32cubeide_1.4.0/plugins/com.st.stm32cube.ide.mcu.externaltools.gnu-tools-for-stm32.7-2018-q2-update.linux64_1.4.0.202007081208/tools/bin/../lib/gcc/arm-none-eabi/7.3.1/../../../../arm-none-eabi/lib/thumb/v7e-m/fpv4-sp/hard/libc_nano.a(lib_a-nano-vfprintf_i.o)
                0x000000000801209c                . = ALIGN (0x4)
 *fill*         0x000000000801209a        0x2 

.ARM.extab      0x000000000801209c        0x0
                0x000000000801209c                . = ALIGN (0x4)
 *(.ARM.extab* .gnu.linkonce.armextab.*)
                0x000000000801209c                . = ALIGN (0x4)

.ARM            0x000000000801209c        0x8
                0x000000000801209c                . = ALIGN (0x4)
                0x000000000801209c                __exidx_start = .
 *(.ARM.exidx*)
 .ARM.exidx     0x000000000801209c        0x8 /opt/st/stm32cubeide_1.4.0/plugins/com.st.stm32cube.ide.mcu.externaltools.gnu-tools-for-stm32.7-2018-q2-update.linux64_1.4.0.202007081208/tools/bin/../lib/gcc/arm-none-eabi/7.3.1/thumb/v7e-m/fpv4-sp/hard/libgcc.a(_udivmoddi4.o)
                0x00000000080120a4                __exidx_end = .
                0x00000000080120a4                . = ALIGN (0x4)

.rel.dyn        0x00000000080120a4        0x0
 .rel.iplt      0x00000000080120a4        0x0 /opt/st/stm32cubeide_1.4.0/plugins/com.st.stm32cube.ide.mcu.externaltools.gnu-tools-for-stm32.7-2018-q2-update.linux64_1.4.0.202007081208/tools/bin/../lib/gcc/arm-none-eabi/7.3.1/thumb/v7e-m/fpv4-sp/hard/crtbegin.o

.preinit_array  0x00000000080120a4        0x0
                0x00000000080120a4                . = ALIGN (0x4)
                0x00000000080120a4                PROVIDE (__preinit_array_start = .)
 *(.preinit_array*)
                0x00000000080120a4                PROVIDE (__preinit_array_end = .)
                0x00000000080120a4                . = ALIGN (0x4)

.init_array     0x00000000080120a4        0x4
                0x00000000080120a4                . = ALIGN (0x4)
                0x00000000080120a4                PROVIDE (__init_array_start = .)
 *(SORT_BY_NAME(.init_array.*))
 *(.init_array*)
 .init_array    0x00000000080120a4        0x4 /opt/st/stm32cubeide_1.4.0/plugins/com.st.stm32cube.ide.mcu.externaltools.gnu-tools-for-stm32.7-2018-q2-update.linux64_1.4.0.202007081208/tools/bin/../lib/gcc/arm-none-eabi/7.3.1/thumb/v7e-m/fpv4-sp/hard/crtbegin.o
                0x00000000080120a8                PROVIDE (__init_array_end = .)
                0x00000000080120a8                . = ALIGN (0x4)

.fini_array     0x00000000080120a8        0x4
                0x00000000080120a8                . = ALIGN (0x4)
                [!provide]                        PROVIDE (__fini_array_start = .)
 *(SORT_BY_NAME(.fini_array.*))
 *(.fini_array*)
 .fini_array    0x00000000080120a8        0x4 /opt/st/stm32cubeide_1.4.0/plugins/com.st.stm32cube.ide.mcu.externaltools.gnu-tools-for-stm32.7-2018-q2-update.linux64_1.4.0.202007081208/tools/bin/../lib/gcc/arm-none-eabi/7.3.1/thumb/v7e-m/fpv4-sp/hard/crtbegin.o
                [!provide]                        PROVIDE (__fini_array_end = .)
                0x00000000080120ac                . = ALIGN (0x4)
                0x00000000080120ac                _sidata = LOADADDR (.data)

.data           0x0000000020000000      0x1f8 load address 0x00000000080120ac
                0x0000000020000000                . = ALIGN (0x4)
                0x0000000020000000                _sdata = .
 *(.data)
 *(.data*)
 .data.SystemCoreClock
                0x0000000020000000        0x4 Core/Src/system_stm32l4xx.o
                0x0000000020000000                SystemCoreClock
 .data.uwTickPrio
                0x0000000020000004        0x4 Drivers/STM32L4xx_HAL_Driver/Src/stm32l4xx_hal.o
                0x0000000020000004                uwTickPrio
 .data.uwTickFreq
                0x0000000020000008        0x1 Drivers/STM32L4xx_HAL_Driver/Src/stm32l4xx_hal.o
                0x0000000020000008                uwTickFreq
 *fill*         0x0000000020000009        0x3 
 .data.c_null   0x000000002000000c        0x4 note-c/n_const.o
                0x000000002000000c                c_null
 .data.c_false  0x0000000020000010        0x4 note-c/n_const.o
                0x0000000020000010                c_false
 .data.c_true   0x0000000020000014        0x4 note-c/n_const.o
                0x0000000020000014                c_true
 .data.c_newline
                0x0000000020000018        0x4 note-c/n_const.o
                0x0000000020000018                c_newline
 .data.c_err    0x000000002000001c        0x4 note-c/n_const.o
                0x000000002000001c                c_err
 .data.c_req    0x0000000020000020        0x4 note-c/n_const.o
                0x0000000020000020                c_req
 .data.resetRequired
                0x0000000020000024        0x1 note-c/n_request.o
 *fill*         0x0000000020000025        0x3 
 .data._impure_ptr
                0x0000000020000028        0x4 /opt/st/stm32cubeide_1.4.0/plugins/com.st.stm32cube.ide.mcu.externaltools.gnu-tools-for-stm32.7-2018-q2-update.linux64_1.4.0.202007081208/tools/bin/../lib/gcc/arm-none-eabi/7.3.1/../../../../arm-none-eabi/lib/thumb/v7e-m/fpv4-sp/hard/libc_nano.a(lib_a-impure.o)
                0x0000000020000028                _impure_ptr
 .data.impure_data
                0x000000002000002c       0x60 /opt/st/stm32cubeide_1.4.0/plugins/com.st.stm32cube.ide.mcu.externaltools.gnu-tools-for-stm32.7-2018-q2-update.linux64_1.4.0.202007081208/tools/bin/../lib/gcc/arm-none-eabi/7.3.1/../../../../arm-none-eabi/lib/thumb/v7e-m/fpv4-sp/hard/libc_nano.a(lib_a-impure.o)
 .data.__global_locale
                0x000000002000008c      0x16c /opt/st/stm32cubeide_1.4.0/plugins/com.st.stm32cube.ide.mcu.externaltools.gnu-tools-for-stm32.7-2018-q2-update.linux64_1.4.0.202007081208/tools/bin/../lib/gcc/arm-none-eabi/7.3.1/../../../../arm-none-eabi/lib/thumb/v7e-m/fpv4-sp/hard/libc_nano.a(lib_a-locale.o)
                0x000000002000008c                __global_locale
                0x00000000200001f8                . = ALIGN (0x4)
                0x00000000200001f8                _edata = .

.igot.plt       0x00000000200001f8        0x0 load address 0x00000000080122a4
 .igot.plt      0x00000000200001f8        0x0 /opt/st/stm32cubeide_1.4.0/plugins/com.st.stm32cube.ide.mcu.externaltools.gnu-tools-for-stm32.7-2018-q2-update.linux64_1.4.0.202007081208/tools/bin/../lib/gcc/arm-none-eabi/7.3.1/thumb/v7e-m/fpv4-sp/hard/crtbegin.o
                0x00000000200001f8                . = ALIGN (0x4)

.bss            0x00000000200001f8      0xc58 load address 0x00000000080122a4
                0x00000000200001f8                _sbss = .
                0x00000000200001f8                __bss_start__ = _sbss
 *(.bss)
 .bss           0x00000000200001f8       0x1c /opt/st/stm32cubeide_1.4.0/plugins/com.st.stm32cube.ide.mcu.externaltools.gnu-tools-for-stm32.7-2018-q2-update.linux64_1.4.0.202007081208/tools/bin/../lib/gcc/arm-none-eabi/7.3.1/thumb/v7e-m/fpv4-sp/hard/crtbegin.o
 *(.bss*)
 .bss.rslt      0x0000000020000214        0x1 Core/Src/main.o
                0x0000000020000214                rslt
 .bss.i2c4Initialized
                0x0000000020000215        0x1 Core/Src/main.o
                0x0000000020000215                i2c4Initialized
 *fill*         0x0000000020000216        0x2 
 .bss.DFSDM1_Init
                0x0000000020000218        0x4 Core/Src/stm32l4xx_hal_msp.o
 .bss.HAL_RCC_OSPIM_CLK_ENABLED
                0x000000002000021c        0x4 Core/Src/stm32l4xx_hal_msp.o
 .bss.SAI1_client
                0x0000000020000220        0x4 Core/Src/stm32l4xx_hal_msp.o
 .bss.__sbrk_heap_end
                0x0000000020000224        0x4 Core/Src/sysmem.o
 .bss.v_dfsdm1ChannelCounter
                0x0000000020000228        0x4 Drivers/STM32L4xx_HAL_Driver/Src/stm32l4xx_hal_dfsdm.o
 .bss.a_dfsdm1ChannelHandle
                0x000000002000022c       0x10 Drivers/STM32L4xx_HAL_Driver/Src/stm32l4xx_hal_dfsdm.o
 .bss.global_error
                0x000000002000023c        0x8 note-c/n_cjson.o
 .bss.hookDebugOutput
                0x0000000020000244        0x4 note-c/n_hooks.o
                0x0000000020000244                hookDebugOutput
 .bss.hookLockI2C
                0x0000000020000248        0x4 note-c/n_hooks.o
                0x0000000020000248                hookLockI2C
 .bss.hookUnlockI2C
                0x000000002000024c        0x4 note-c/n_hooks.o
                0x000000002000024c                hookUnlockI2C
 .bss.hookLockNote
                0x0000000020000250        0x4 note-c/n_hooks.o
                0x0000000020000250                hookLockNote
 .bss.hookUnlockNote
                0x0000000020000254        0x4 note-c/n_hooks.o
                0x0000000020000254                hookUnlockNote
 .bss.hookMalloc
                0x0000000020000258        0x4 note-c/n_hooks.o
                0x0000000020000258                hookMalloc
 .bss.hookFree  0x000000002000025c        0x4 note-c/n_hooks.o
                0x000000002000025c                hookFree
 .bss.hookDelayMs
                0x0000000020000260        0x4 note-c/n_hooks.o
                0x0000000020000260                hookDelayMs
 .bss.hookGetMs
                0x0000000020000264        0x4 note-c/n_hooks.o
                0x0000000020000264                hookGetMs
 .bss.hookActiveInterface
                0x0000000020000268        0x4 note-c/n_hooks.o
                0x0000000020000268                hookActiveInterface
 .bss.i2cAddress
                0x000000002000026c        0x4 note-c/n_hooks.o
                0x000000002000026c                i2cAddress
 .bss.i2cMax    0x0000000020000270        0x4 note-c/n_hooks.o
                0x0000000020000270                i2cMax
 .bss.hookI2CReset
                0x0000000020000274        0x4 note-c/n_hooks.o
                0x0000000020000274                hookI2CReset
 .bss.hookI2CTransmit
                0x0000000020000278        0x4 note-c/n_hooks.o
                0x0000000020000278                hookI2CTransmit
 .bss.hookI2CReceive
                0x000000002000027c        0x4 note-c/n_hooks.o
                0x000000002000027c                hookI2CReceive
 .bss.notecardReset
                0x0000000020000280        0x4 note-c/n_hooks.o
 .bss.notecardTransaction
                0x0000000020000284        0x4 note-c/n_hooks.o
 .bss.suppressShowTransactions
                0x0000000020000288        0x4 note-c/n_request.o
 .bss.__malloc_free_list
                0x000000002000028c        0x4 /opt/st/stm32cubeide_1.4.0/plugins/com.st.stm32cube.ide.mcu.externaltools.gnu-tools-for-stm32.7-2018-q2-update.linux64_1.4.0.202007081208/tools/bin/../lib/gcc/arm-none-eabi/7.3.1/../../../../arm-none-eabi/lib/thumb/v7e-m/fpv4-sp/hard/libc_nano.a(lib_a-nano-mallocr.o)
                0x000000002000028c                __malloc_free_list
 .bss.__malloc_sbrk_start
                0x0000000020000290        0x4 /opt/st/stm32cubeide_1.4.0/plugins/com.st.stm32cube.ide.mcu.externaltools.gnu-tools-for-stm32.7-2018-q2-update.linux64_1.4.0.202007081208/tools/bin/../lib/gcc/arm-none-eabi/7.3.1/../../../../arm-none-eabi/lib/thumb/v7e-m/fpv4-sp/hard/libc_nano.a(lib_a-nano-mallocr.o)
                0x0000000020000290                __malloc_sbrk_start
 *(COMMON)
 COMMON         0x0000000020000294      0xbb4 Core/Src/main.o
                0x0000000020000294                hdfsdm1_channel1
                0x00000000200002cc                hi2c4
                0x0000000020000318                i2c_reading_buf
                0x000000002000037c                hspi2
                0x00000000200003e0                htim8
                0x000000002000042c                htim4
                0x0000000020000478                huart3
                0x0000000020000504                hi2c1
                0x0000000020000550                htim15
                0x000000002000059c                hpcd_USB_OTG_FS
                0x00000000200009a4                hospi1
                0x00000000200009fc                hsd1
                0x0000000020000a7c                gas_sensor
                0x0000000020000ad4                hsai_BlockB1
                0x0000000020000b68                hadc1
                0x0000000020000bd0                hdcmi
                0x0000000020000c34                hdfsdm1_channel0
                0x0000000020000c6c                hspi1
                0x0000000020000cd0                hsai_BlockA1
                0x0000000020000d64                huart2
                0x0000000020000df0                hospi2
 COMMON         0x0000000020000e48        0x4 Drivers/STM32L4xx_HAL_Driver/Src/stm32l4xx_hal.o
                0x0000000020000e48                uwTick
 COMMON         0x0000000020000e4c        0x4 /opt/st/stm32cubeide_1.4.0/plugins/com.st.stm32cube.ide.mcu.externaltools.gnu-tools-for-stm32.7-2018-q2-update.linux64_1.4.0.202007081208/tools/bin/../lib/gcc/arm-none-eabi/7.3.1/../../../../arm-none-eabi/lib/thumb/v7e-m/fpv4-sp/hard/libc_nano.a(lib_a-reent.o)
                0x0000000020000e4c                errno
                0x0000000020000e50                . = ALIGN (0x4)
                0x0000000020000e50                _ebss = .
                0x0000000020000e50                __bss_end__ = _ebss

._user_heap_stack
                0x0000000020000e50      0x600 load address 0x00000000080122a4
                0x0000000020000e50                . = ALIGN (0x8)
                [!provide]                        PROVIDE (end = .)
                0x0000000020000e50                PROVIDE (_end = .)
                0x0000000020001050                . = (. + _Min_Heap_Size)
 *fill*         0x0000000020000e50      0x200 
                0x0000000020001450                . = (. + _Min_Stack_Size)
 *fill*         0x0000000020001050      0x400 
                0x0000000020001450                . = ALIGN (0x8)

/DISCARD/
 libc.a(*)
 libm.a(*)
 libgcc.a(*)

.ARM.attributes
                0x0000000000000000       0x30
 *(.ARM.attributes)
 .ARM.attributes
                0x0000000000000000       0x22 /opt/st/stm32cubeide_1.4.0/plugins/com.st.stm32cube.ide.mcu.externaltools.gnu-tools-for-stm32.7-2018-q2-update.linux64_1.4.0.202007081208/tools/bin/../lib/gcc/arm-none-eabi/7.3.1/thumb/v7e-m/fpv4-sp/hard/crti.o
 .ARM.attributes
                0x0000000000000022       0x34 /opt/st/stm32cubeide_1.4.0/plugins/com.st.stm32cube.ide.mcu.externaltools.gnu-tools-for-stm32.7-2018-q2-update.linux64_1.4.0.202007081208/tools/bin/../lib/gcc/arm-none-eabi/7.3.1/thumb/v7e-m/fpv4-sp/hard/crtbegin.o
 .ARM.attributes
                0x0000000000000056       0x39 BME680_driver/bme680.o
 .ARM.attributes